Archive member included because of file (symbol)

.\CortexM3\ARM_GCC_493\Debug\CS301_Class.a(cyfitter_cfg.o)
                              .\CortexM3\ARM_GCC_493\Debug\Cm3Start.o (cyfitter_cfg)
.\CortexM3\ARM_GCC_493\Debug\CS301_Class.a(ADC.o)
                              .\CortexM3\ARM_GCC_493\Debug\main.o (ADC_Start)
.\CortexM3\ARM_GCC_493\Debug\CS301_Class.a(ADC_INT.o)
                              .\CortexM3\ARM_GCC_493\Debug\CS301_Class.a(ADC.o) (ADC_ISR)
.\CortexM3\ARM_GCC_493\Debug\CS301_Class.a(isr_TS.o)
                              .\CortexM3\ARM_GCC_493\Debug\main.o (isr_TS_Start)
.\CortexM3\ARM_GCC_493\Debug\CS301_Class.a(Timer_TS.o)
                              .\CortexM3\ARM_GCC_493\Debug\main.o (Timer_TS_Start)
.\CortexM3\ARM_GCC_493\Debug\CS301_Class.a(USBUART.o)
                              .\CortexM3\ARM_GCC_493\Debug\main.o (USBUART_GetConfiguration)
.\CortexM3\ARM_GCC_493\Debug\CS301_Class.a(USBUART_cdc.o)
                              .\CortexM3\ARM_GCC_493\Debug\main.o (USBUART_CDC_Init)
.\CortexM3\ARM_GCC_493\Debug\CS301_Class.a(USBUART_drv.o)
                              .\CortexM3\ARM_GCC_493\Debug\CS301_Class.a(USBUART.o) (USBUART_EP)
.\CortexM3\ARM_GCC_493\Debug\CS301_Class.a(USBUART_episr.o)
                              .\CortexM3\ARM_GCC_493\Debug\CS301_Class.a(USBUART.o) (USBUART_EP_1_ISR)
.\CortexM3\ARM_GCC_493\Debug\CS301_Class.a(USBUART_pm.o)
                              .\CortexM3\ARM_GCC_493\Debug\CS301_Class.a(USBUART.o) (USBUART_DP_ISR)
.\CortexM3\ARM_GCC_493\Debug\CS301_Class.a(USBUART_std.o)
                              .\CortexM3\ARM_GCC_493\Debug\CS301_Class.a(USBUART_drv.o) (USBUART_HandleStandardRqst)
.\CortexM3\ARM_GCC_493\Debug\CS301_Class.a(USBUART_vnd.o)
                              .\CortexM3\ARM_GCC_493\Debug\CS301_Class.a(USBUART_drv.o) (USBUART_HandleVendorRqst)
.\CortexM3\ARM_GCC_493\Debug\CS301_Class.a(ADC_SAR.o)
                              .\CortexM3\ARM_GCC_493\Debug\CS301_Class.a(ADC.o) (ADC_SAR_shift)
.\CortexM3\ARM_GCC_493\Debug\CS301_Class.a(ADC_TempBuf_dma.o)
                              .\CortexM3\ARM_GCC_493\Debug\CS301_Class.a(ADC.o) (ADC_TempBuf_DmaInitialize)
.\CortexM3\ARM_GCC_493\Debug\CS301_Class.a(ADC_FinalBuf_dma.o)
                              .\CortexM3\ARM_GCC_493\Debug\CS301_Class.a(ADC.o) (ADC_FinalBuf_DmaInitialize)
.\CortexM3\ARM_GCC_493\Debug\CS301_Class.a(ADC_IRQ.o)
                              .\CortexM3\ARM_GCC_493\Debug\CS301_Class.a(ADC.o) (ADC_IRQ_SetVector)
.\CortexM3\ARM_GCC_493\Debug\CS301_Class.a(USBUART_Dp.o)
                              .\CortexM3\ARM_GCC_493\Debug\CS301_Class.a(USBUART_pm.o) (USBUART_Dp_ClearInterrupt)
.\CortexM3\ARM_GCC_493\Debug\CS301_Class.a(CyBootAsmGnu.o)
                              .\CortexM3\ARM_GCC_493\Debug\CS301_Class.a(cyfitter_cfg.o) (CyDelayCycles)
.\CortexM3\ARM_GCC_493\Debug\CS301_Class.a(CyDmac.o)
                              .\CortexM3\ARM_GCC_493\Debug\Cm3Start.o (CyDmacConfigure)
.\CortexM3\ARM_GCC_493\Debug\CS301_Class.a(CyLib.o)
                              .\CortexM3\ARM_GCC_493\Debug\Cm3Start.o (CyResetStatus)
.\CortexM3\ARM_GCC_493\Debug\CS301_Class.a(cyPm.o)
                              .\CortexM3\ARM_GCC_493\Debug\CS301_Class.a(CyLib.o) (CyPmReadStatus)
.\CortexM3\ARM_GCC_493\Debug\CS301_Class.a(PWM_1.o)
                              .\CortexM3\ARM_GCC_493\Debug\main.o (PWM_1_Start)
.\CortexM3\ARM_GCC_493\Debug\CS301_Class.a(isr_eoc.o)
                              .\CortexM3\ARM_GCC_493\Debug\main.o (isr_eoc_Start)
.\CortexM3\ARM_GCC_493\Debug\CS301_Class.a(PWM_2.o)
                              .\CortexM3\ARM_GCC_493\Debug\main.o (PWM_2_Start)
.\CortexM3\ARM_GCC_493\Debug\CS301_Class.a(QuadDec_M1.o)
                              .\CortexM3\ARM_GCC_493\Debug\main.o (QuadDec_M1_Start)
.\CortexM3\ARM_GCC_493\Debug\CS301_Class.a(QuadDec_M1_INT.o)
                              .\CortexM3\ARM_GCC_493\Debug\CS301_Class.a(QuadDec_M1.o) (QuadDec_M1_count32SoftPart)
.\CortexM3\ARM_GCC_493\Debug\CS301_Class.a(QuadDec_M2.o)
                              .\CortexM3\ARM_GCC_493\Debug\main.o (QuadDec_M2_Start)
.\CortexM3\ARM_GCC_493\Debug\CS301_Class.a(QuadDec_M2_INT.o)
                              .\CortexM3\ARM_GCC_493\Debug\CS301_Class.a(QuadDec_M2.o) (QuadDec_M2_count32SoftPart)
.\CortexM3\ARM_GCC_493\Debug\CS301_Class.a(QuadDec_M1_Cnt16.o)
                              .\CortexM3\ARM_GCC_493\Debug\CS301_Class.a(QuadDec_M1.o) (QuadDec_M1_Cnt16_WriteCounter)
.\CortexM3\ARM_GCC_493\Debug\CS301_Class.a(QuadDec_M2_Cnt16.o)
                              .\CortexM3\ARM_GCC_493\Debug\CS301_Class.a(QuadDec_M2.o) (QuadDec_M2_Cnt16_WriteCounter)
.\CortexM3\ARM_GCC_493\Debug\CS301_Class.a(isrRF_RX.o)
                              .\CortexM3\ARM_GCC_493\Debug\main.o (isrRF_RX_Start)
.\CortexM3\ARM_GCC_493\Debug\CS301_Class.a(UART.o)
                              .\CortexM3\ARM_GCC_493\Debug\main.o (UART_Start)
.\CortexM3\ARM_GCC_493\Debug\CS301_Class.a(UART_IntClock.o)
[...]
Memory Configuration

Name             Origin             Length             Attributes
rom              0x00000000         0x00040000         xr
ram              0x1fff8000         0x00010000         xrw
*default*        0x00000000         0xffffffff

Linker script and memory map

LOAD c:/program files (x86)/cypress/psoc creator/3.3/psoc creator/import/gnu/arm/4.9.3/bin/../lib/gcc/arm-none-eabi/4.9.3/armv7-m/crti.o
LOAD c:/program files (x86)/cypress/psoc creator/3.3/psoc creator/import/gnu/arm/4.9.3/bin/../lib/gcc/arm-none-eabi/4.9.3/armv7-m/crtbegin.o
LOAD c:/program files (x86)/cypress/psoc creator/3.3/psoc creator/import/gnu/arm/4.9.3/bin/../lib/gcc/arm-none-eabi/4.9.3/../../../../arm-none-eabi/lib/armv7-m/crt0.o
START GROUP
LOAD .\CortexM3\ARM_GCC_493\Debug\main.o
LOAD .\CortexM3\ARM_GCC_493\Debug\tacho.o
LOAD .\CortexM3\ARM_GCC_493\Debug\cymetadata.o
LOAD .\CortexM3\ARM_GCC_493\Debug\Cm3Start.o
LOAD .\CortexM3\ARM_GCC_493\Debug\CS301_Class.a
LOAD C:\Program Files (x86)\Cypress\PSoC Creator\3.3\PSoC Creator\psoc\content\cycomponentlibrary\CyComponentLibrary.cylib\CortexM3\ARM_GCC_493\Debug\CyComponentLibrary.a
END GROUP
START GROUP
LOAD c:/program files (x86)/cypress/psoc creator/3.3/psoc creator/import/gnu/arm/4.9.3/bin/../lib/gcc/arm-none-eabi/4.9.3/armv7-m\libgcc.a
LOAD c:/program files (x86)/cypress/psoc creator/3.3/psoc creator/import/gnu/arm/4.9.3/bin/../lib/gcc/arm-none-eabi/4.9.3/../../../../arm-none-eabi/lib/armv7-m\libg_nano.a
LOAD c:/program files (x86)/cypress/psoc creator/3.3/psoc creator/import/gnu/arm/4.9.3/bin/../lib/gcc/arm-none-eabi/4.9.3/../../../../arm-none-eabi/lib/armv7-m\libc_nano.a
END GROUP
START GROUP
LOAD c:/program files (x86)/cypress/psoc creator/3.3/psoc creator/import/gnu/arm/4.9.3/bin/../lib/gcc/arm-none-eabi/4.9.3/armv7-m\libgcc.a
LOAD c:/program files (x86)/cypress/psoc creator/3.3/psoc creator/import/gnu/arm/4.9.3/bin/../lib/gcc/arm-none-eabi/4.9.3/../../../../arm-none-eabi/lib/armv7-m\libc_nano.a
END GROUP
LOAD c:/program files (x86)/cypress/psoc creator/3.3/psoc creator/import/gnu/arm/4.9.3/bin/../lib/gcc/arm-none-eabi/4.9.3/armv7-m/crtend.o
LOAD c:/program files (x86)/cypress/psoc creator/3.3/psoc creator/import/gnu/arm/4.9.3/bin/../lib/gcc/arm-none-eabi/4.9.3/armv7-m/crtn.o
START GROUP
LOAD c:/program files (x86)/cypress/psoc creator/3.3/psoc creator/import/gnu/arm/4.9.3/bin/../lib/gcc/arm-none-eabi/4.9.3/armv7-m\libgcc.a
LOAD c:/program files (x86)/cypress/psoc creator/3.3/psoc creator/import/gnu/arm/4.9.3/bin/../lib/gcc/arm-none-eabi/4.9.3/../../../../arm-none-eabi/lib/armv7-m\libc.a
LOAD c:/program files (x86)/cypress/psoc creator/3.3/psoc creator/import/gnu/arm/4.9.3/bin/../lib/gcc/arm-none-eabi/4.9.3/../../../../arm-none-eabi/lib/armv7-m\libnosys.a
END GROUP
                0x00000000                CY_APPL_ORIGIN = 0x0
                0x00000100                CY_FLASH_ROW_SIZE = 0x100
                0x00000020                CY_ECC_ROW_SIZE = 0x20
                0x00000000                CY_EE_IN_BTLDR = 0x0
                0x00000000                CY_APPL_LOADABLE = 0x0
                0x00000800                CY_EE_SIZE = 0x800
                0x00000001                CY_APPL_NUM = 0x1
                0x00000001                CY_APPL_MAX = 0x1
                0x00000040                CY_METADATA_SIZE = 0x40
                0x00000000                CY_APPL_LOADABLE = 0x0
                0x00000000                CY_CHECKSUM_EXCLUDE_SIZE = ALIGN (0x0, CY_FLASH_ROW_SIZE)
                0x1fff8598                PROVIDE (__cy_heap_start, _end)
                0x00000001                PROVIDE (__cy_region_num, ((__cy_regions_end - __cy_regions) / 0x10))
                0x20008000                PROVIDE (__cy_stack, (ORIGIN (ram) + 0x10000))
                0x20007800                PROVIDE (__cy_heap_end, (__cy_stack - 0x800))

.cybootloader   0x00000000        0x0
 *(.cybootloader)
                0x00000000                appl1_start = CY_APPL_ORIGIN?CY_APPL_ORIGIN:ALIGN (CY_FLASH_ROW_SIZE)
                0x0001ff00                appl2_start = (appl1_start + ALIGN ((((0x40000 - appl1_start) - (0x2 * CY_FLASH_ROW_SIZE)) / 0x2), CY_FLASH_ROW_SIZE))
                0x00000000                appl_start = (CY_APPL_NUM == 0x1)?appl1_start:appl2_start
                0x00000000                ecc_offset = ((appl_start / CY_FLASH_ROW_SIZE) * CY_ECC_ROW_SIZE)
                0x00000000                ee_offset = (CY_APPL_LOADABLE && ! (CY_EE_IN_BTLDR))?((CY_EE_SIZE / CY_APPL_MAX) * (CY_APPL_NUM - 0x1)):0x0
                0x00000800                ee_size = (CY_APPL_LOADABLE && ! (CY_EE_IN_BTLDR))?(CY_EE_SIZE / CY_APPL_MAX):CY_EE_SIZE
                0x00000000                PROVIDE (CY_ECC_OFFSET, ecc_offset)

.text           0x00000000     0x4178
 CREATE_OBJECT_SYMBOLS
                0x00000000                PROVIDE (__cy_interrupt_vector, RomVectors)
 *(.romvectors)
 .romvectors    0x00000000       0x10 .\CortexM3\ARM_GCC_493\Debug\Cm3Start.o
                0x00000000                RomVectors
                0x00000001                ASSERT ((. != __cy_interrupt_vector), No interrupt vector)
                0x00000001                ASSERT (CY_APPL_ORIGIN?(SIZEOF (.cybootloader) <= CY_APPL_ORIGIN):0x1, Wrong image location)
                0x00000010                PROVIDE (__cy_reset, Reset)
 *(.text.Reset)
 .text.Reset    0x00000010       0x18 .\CortexM3\ARM_GCC_493\Debug\Cm3Start.o
                0x00000010                Reset
                0x00000001                ASSERT ((. != __cy_reset), No reset code)
 *(.dma_init)
                0x00000001                ASSERT ((((appl_start + .) <= 0x10000) || 0x1), DMA Init must be within the first 64k of flash)
 *(.text .text.* .gnu.linkonce.t.*)
 .text          0x00000028       0x5c c:/program files (x86)/cypress/psoc creator/3.3/psoc creator/import/gnu/arm/4.9.3/bin/../lib/gcc/arm-none-eabi/4.9.3/armv7-m/crtbegin.o
 .text.main     0x00000084       0xa4 .\CortexM3\ARM_GCC_493\Debug\main.o
                0x00000084                main
 .text.techTest2RF
                0x00000128       0xf8 .\CortexM3\ARM_GCC_493\Debug\main.o
                0x00000128                techTest2RF
 .text.techTest2RF1
                0x00000220      0x1c8 .\CortexM3\ARM_GCC_493\Debug\main.o
                0x00000220                techTest2RF1
 .text.techTest2RF2
                0x000003e8      0x1cc .\CortexM3\ARM_GCC_493\Debug\main.o
                0x000003e8                techTest2RF2
 .text.techTest2RF3
                0x000005b4      0x1fc .\CortexM3\ARM_GCC_493\Debug\main.o
                0x000005b4                techTest2RF3
 .text.techTest2RF4
                0x000007b0      0x1c8 .\CortexM3\ARM_GCC_493\Debug\main.o
                0x000007b0                techTest2RF4
 .text.stop     0x00000978       0x14 .\CortexM3\ARM_GCC_493\Debug\main.o
                0x00000978                stop
 .text.get_average_position
                0x0000098c       0x34 .\CortexM3\ARM_GCC_493\Debug\main.o
                0x0000098c                get_average_position
 .text.getSpeed
                0x000009c0       0xb0 .\CortexM3\ARM_GCC_493\Debug\main.o
                0x000009c0                getSpeed
 .text.setSpeed
                0x00000a70       0x78 .\CortexM3\ARM_GCC_493\Debug\main.o
                0x00000a70                setSpeed
 .text.receiveRX
                0x00000ae8      0x734 .\CortexM3\ARM_GCC_493\Debug\main.o
                0x00000ae8                receiveRX
 .text.usbPutString
                0x0000121c       0x14 .\CortexM3\ARM_GCC_493\Debug\main.o
                0x0000121c                usbPutString
 .text.handle_usb
                0x00001230       0xc4 .\CortexM3\ARM_GCC_493\Debug\main.o
                0x00001230                handle_usb
 .text.IntDefaultHandler
                0x000012f4        0x8 .\CortexM3\ARM_GCC_493\Debug\Cm3Start.o
                0x000012f4                IntDefaultHandler
 .text.Start_c  0x000012fc       0x98 .\CortexM3\ARM_GCC_493\Debug\Cm3Start.o
                0x000012fc                Start_c
 .text.initialize_psoc
                0x00001394       0x90 .\CortexM3\ARM_GCC_493\Debug\Cm3Start.o
                0x00001394                initialize_psoc
 .text.CYMEMZERO
                0x00001424       0x1c .\CortexM3\ARM_GCC_493\Debug\CS301_Class.a(cyfitter_cfg.o)
 .text.CYCONFIGCPY
                0x00001440       0x1c .\CortexM3\ARM_GCC_493\Debug\CS301_Class.a(cyfitter_cfg.o)
 .text.CyClockStartupError
                0x0000145c        0xc .\CortexM3\ARM_GCC_493\Debug\CS301_Class.a(cyfitter_cfg.o)
 .text.cfg_write_bytes32
                0x00001468       0x74 .\CortexM3\ARM_GCC_493\Debug\CS301_Class.a(cyfitter_cfg.o)
 .text.ClockSetup
                0x000014dc      0x154 .\CortexM3\ARM_GCC_493\Debug\CS301_Class.a(cyfitter_cfg.o)
 .text.AnalogSetDefault
                0x00001630       0xcc .\CortexM3\ARM_GCC_493\Debug\CS301_Class.a(cyfitter_cfg.o)
 .text.cyfitter_cfg
                0x000016fc      0x1dc .\CortexM3\ARM_GCC_493\Debug\CS301_Class.a(cyfitter_cfg.o)
                0x000016fc                cyfitter_cfg
 .text.ADC_Init
                0x000018d8       0x50 .\CortexM3\ARM_GCC_493\Debug\CS301_Class.a(ADC.o)
                0x000018d8                ADC_Init
 .text.ADC_Enable
                0x00001928      0x13c .\CortexM3\ARM_GCC_493\Debug\CS301_Class.a(ADC.o)
                0x00001928                ADC_Enable
 .text.ADC_Start
                0x00001a64       0x2c .\CortexM3\ARM_GCC_493\Debug\CS301_Class.a(ADC.o)
                0x00001a64                ADC_Start
 .text.ADC_StartConvert
                0x00001a90        0xc .\CortexM3\ARM_GCC_493\Debug\CS301_Class.a(ADC.o)
                0x00001a90                ADC_StartConvert
 .text.ADC_GetResult16
                0x00001a9c       0x3c .\CortexM3\ARM_GCC_493\Debug\CS301_Class.a(ADC.o)
                0x00001a9c                ADC_GetResult16
 .text.ADC_ISR  0x00001ad8        0xc .\CortexM3\ARM_GCC_493\Debug\CS301_Class.a(ADC_INT.o)
                0x00001ad8                ADC_ISR
 .text.isr_TS_Start
                0x00001ae4       0x20 .\CortexM3\ARM_GCC_493\Debug\CS301_Class.a(isr_TS.o)
                0x00001ae4                isr_TS_Start
 .text.isr_TS_Interrupt
                0x00001b04       0x28 .\CortexM3\ARM_GCC_493\Debug\CS301_Class.a(isr_TS.o)
                0x00001b04                isr_TS_Interrupt
 .text.isr_TS_SetVector
                0x00001b2c       0x24 .\CortexM3\ARM_GCC_493\Debug\CS301_Class.a(isr_TS.o)
                0x00001b2c                isr_TS_SetVector
 .text.isr_TS_SetPriority
                0x00001b50       0x24 .\CortexM3\ARM_GCC_493\Debug\CS301_Class.a(isr_TS.o)
                0x00001b50                isr_TS_SetPriority
 .text.isr_TS_Enable
                0x00001b74       0x18 .\CortexM3\ARM_GCC_493\Debug\CS301_Class.a(isr_TS.o)
                0x00001b74                isr_TS_Enable
 .text.isr_TS_Disable
                0x00001b8c       0x18 .\CortexM3\ARM_GCC_493\Debug\CS301_Class.a(isr_TS.o)
                0x00001b8c                isr_TS_Disable
 .text.Timer_TS_Init
                0x00001ba4       0x9c .\CortexM3\ARM_GCC_493\Debug\CS301_Class.a(Timer_TS.o)
                0x00001ba4                Timer_TS_Init
 .text.Timer_TS_Enable
                0x00001c40       0x48 .\CortexM3\ARM_GCC_493\Debug\CS301_Class.a(Timer_TS.o)
                0x00001c40                Timer_TS_Enable
 .text.Timer_TS_Start
                0x00001c88       0x20 .\CortexM3\ARM_GCC_493\Debug\CS301_Class.a(Timer_TS.o)
                0x00001c88                Timer_TS_Start
 .text.Timer_TS_SetInterruptMode
                0x00001ca8       0x20 .\CortexM3\ARM_GCC_493\Debug\CS301_Class.a(Timer_TS.o)
                0x00001ca8                Timer_TS_SetInterruptMode
 .text.Timer_TS_WritePeriod
                0x00001cc8       0x24 .\CortexM3\ARM_GCC_493\Debug\CS301_Class.a(Timer_TS.o)
                0x00001cc8                Timer_TS_WritePeriod
 .text.Timer_TS_WriteCounter
                0x00001cec       0x20 .\CortexM3\ARM_GCC_493\Debug\CS301_Class.a(Timer_TS.o)
                0x00001cec                Timer_TS_WriteCounter
 .text.USBUART_GetConfiguration
                0x00001d0c       0x18 .\CortexM3\ARM_GCC_493\Debug\CS301_Class.a(USBUART.o)
                0x00001d0c                USBUART_GetConfiguration
 .text.USBUART_GetEPState
                0x00001d24       0x2c .\CortexM3\ARM_GCC_493\Debug\CS301_Class.a(USBUART.o)
                0x00001d24                USBUART_GetEPState
 .text.USBUART_GetEPCount
                0x00001d50       0x60 .\CortexM3\ARM_GCC_493\Debug\CS301_Class.a(USBUART.o)
                0x00001d50                USBUART_GetEPCount
 .text.USBUART_LoadInEP
                0x00001db0       0xf8 .\CortexM3\ARM_GCC_493\Debug\CS301_Class.a(USBUART.o)
                0x00001db0                USBUART_LoadInEP
 .text.USBUART_ReadOutEP
                0x00001ea8       0x8c .\CortexM3\ARM_GCC_493\Debug\CS301_Class.a(USBUART.o)
                0x00001ea8                USBUART_ReadOutEP
 .text.USBUART_EnableOutEP
                0x00001f34       0x54 .\CortexM3\ARM_GCC_493\Debug\CS301_Class.a(USBUART.o)
                0x00001f34                USBUART_EnableOutEP
 .text.USBUART_CDC_Init
                0x00001f88       0xa8 .\CortexM3\ARM_GCC_493\Debug\CS301_Class.a(USBUART_cdc.o)
                0x00001f88                USBUART_CDC_Init
 .text.USBUART_PutChar
                0x00002030       0x38 .\CortexM3\ARM_GCC_493\Debug\CS301_Class.a(USBUART_cdc.o)
                0x00002030                USBUART_PutChar
 .text.USBUART_DataIsReady
                0x00002068       0x24 .\CortexM3\ARM_GCC_493\Debug\CS301_Class.a(USBUART_cdc.o)
                0x00002068                USBUART_DataIsReady
 .text.USBUART_GetChar
                0x0000208c       0x34 .\CortexM3\ARM_GCC_493\Debug\CS301_Class.a(USBUART_cdc.o)
                0x0000208c                USBUART_GetChar
 .text.ADC_SAR_Start
                0x000020c0       0x20 .\CortexM3\ARM_GCC_493\Debug\CS301_Class.a(ADC_SAR.o)
                0x000020c0                ADC_SAR_Start
 .text.ADC_SAR_Init
                0x000020e0       0x2c .\CortexM3\ARM_GCC_493\Debug\CS301_Class.a(ADC_SAR.o)
                0x000020e0                ADC_SAR_Init
 .text.ADC_SAR_Enable
                0x0000210c       0xc0 .\CortexM3\ARM_GCC_493\Debug\CS301_Class.a(ADC_SAR.o)
                0x0000210c                ADC_SAR_Enable
 .text.ADC_SAR_SetResolution
                0x000021cc       0x50 .\CortexM3\ARM_GCC_493\Debug\CS301_Class.a(ADC_SAR.o)
                0x000021cc                ADC_SAR_SetResolution
 .text.ADC_SAR_StartConvert
                0x0000221c       0x20 .\CortexM3\ARM_GCC_493\Debug\CS301_Class.a(ADC_SAR.o)
                0x0000221c                ADC_SAR_StartConvert
 .text.ADC_SAR_CalcGain
                0x0000223c       0x80 .\CortexM3\ARM_GCC_493\Debug\CS301_Class.a(ADC_SAR.o)
 .text.ADC_TempBuf_DmaInitialize
                0x000022bc       0x68 .\CortexM3\ARM_GCC_493\Debug\CS301_Class.a(ADC_TempBuf_dma.o)
                0x000022bc                ADC_TempBuf_DmaInitialize
 .text.ADC_FinalBuf_DmaInitialize
                0x00002324       0x68 .\CortexM3\ARM_GCC_493\Debug\CS301_Class.a(ADC_FinalBuf_dma.o)
                0x00002324                ADC_FinalBuf_DmaInitialize
 .text.ADC_IRQ_SetVector
                0x0000238c       0x24 .\CortexM3\ARM_GCC_493\Debug\CS301_Class.a(ADC_IRQ.o)
                0x0000238c                ADC_IRQ_SetVector
 .text.ADC_IRQ_SetPriority
                0x000023b0       0x24 .\CortexM3\ARM_GCC_493\Debug\CS301_Class.a(ADC_IRQ.o)
                0x000023b0                ADC_IRQ_SetPriority
 *fill*         0x000023d4        0x4 
 .text          0x000023d8       0x20 .\CortexM3\ARM_GCC_493\Debug\CS301_Class.a(CyBootAsmGnu.o)
                0x000023d8                CyDelayCycles
                0x000023e8                CyEnterCriticalSection
                0x000023f0                CyExitCriticalSection
 .text.CyDmacConfigure
                0x000023f8       0x5c .\CortexM3\ARM_GCC_493\Debug\CS301_Class.a(CyDmac.o)
                0x000023f8                CyDmacConfigure
 .text.CyDmaChEnable
                0x00002454       0x8c .\CortexM3\ARM_GCC_493\Debug\CS301_Class.a(CyDmac.o)
                0x00002454                CyDmaChEnable
 .text.CyDmaClearPendingDrq
                0x000024e0       0x64 .\CortexM3\ARM_GCC_493\Debug\CS301_Class.a(CyDmac.o)
                0x000024e0                CyDmaClearPendingDrq
 .text.CyDmaChPriority
                0x00002544       0x60 .\CortexM3\ARM_GCC_493\Debug\CS301_Class.a(CyDmac.o)
                0x00002544                CyDmaChPriority
 .text.CyDmaChSetExtendedAddress
                0x000025a4       0x7c .\CortexM3\ARM_GCC_493\Debug\CS301_Class.a(CyDmac.o)
                0x000025a4                CyDmaChSetExtendedAddress
 .text.CyDmaChSetInitialTd
                0x00002620       0x3c .\CortexM3\ARM_GCC_493\Debug\CS301_Class.a(CyDmac.o)
                0x00002620                CyDmaChSetInitialTd
 .text.CyDmaChSetConfiguration
                0x0000265c       0xa0 .\CortexM3\ARM_GCC_493\Debug\CS301_Class.a(CyDmac.o)
                0x0000265c                CyDmaChSetConfiguration
 .text.CyDmaTdAllocate
                0x000026fc       0x5c .\CortexM3\ARM_GCC_493\Debug\CS301_Class.a(CyDmac.o)
                0x000026fc                CyDmaTdAllocate
 .text.CyDmaTdSetConfiguration
                0x00002758       0x80 .\CortexM3\ARM_GCC_493\Debug\CS301_Class.a(CyDmac.o)
                0x00002758                CyDmaTdSetConfiguration
 .text.CyDmaTdSetAddress
                0x000027d8       0x5c .\CortexM3\ARM_GCC_493\Debug\CS301_Class.a(CyDmac.o)
                0x000027d8                CyDmaTdSetAddress
 .text.CyHalt   0x00002834       0x18 .\CortexM3\ARM_GCC_493\Debug\CS301_Class.a(CyLib.o)
                0x00002834                CyHalt
 .text.CyDelayUs
                0x0000284c       0x24 .\CortexM3\ARM_GCC_493\Debug\CS301_Class.a(CyLib.o)
                0x0000284c                CyDelayUs
 .text.CyIntSetVector
                0x00002870       0x50 .\CortexM3\ARM_GCC_493\Debug\CS301_Class.a(CyLib.o)
                0x00002870                CyIntSetVector
 .text.CyIntSetPriority
                0x000028c0       0x44 .\CortexM3\ARM_GCC_493\Debug\CS301_Class.a(CyLib.o)
                0x000028c0                CyIntSetPriority
 .text.PWM_1_Start
                0x00002904       0x20 .\CortexM3\ARM_GCC_493\Debug\CS301_Class.a(PWM_1.o)
                0x00002904                PWM_1_Start
 .text.PWM_1_Init
                0x00002924       0xbc .\CortexM3\ARM_GCC_493\Debug\CS301_Class.a(PWM_1.o)
                0x00002924                PWM_1_Init
 .text.PWM_1_Enable
                0x000029e0       0x48 .\CortexM3\ARM_GCC_493\Debug\CS301_Class.a(PWM_1.o)
                0x000029e0                PWM_1_Enable
 .text.PWM_1_WritePeriod
                0x00002a28       0x20 .\CortexM3\ARM_GCC_493\Debug\CS301_Class.a(PWM_1.o)
                0x00002a28                PWM_1_WritePeriod
 .text.PWM_1_WriteCompare
                0x00002a48       0x20 .\CortexM3\ARM_GCC_493\Debug\CS301_Class.a(PWM_1.o)
                0x00002a48                PWM_1_WriteCompare
 .text.PWM_1_SetInterruptMode
                0x00002a68       0x20 .\CortexM3\ARM_GCC_493\Debug\CS301_Class.a(PWM_1.o)
                0x00002a68                PWM_1_SetInterruptMode
 .text.isr_eoc_Start
                0x00002a88       0x20 .\CortexM3\ARM_GCC_493\Debug\CS301_Class.a(isr_eoc.o)
                0x00002a88                isr_eoc_Start
 .text.isr_eoc_Interrupt
                0x00002aa8       0x78 .\CortexM3\ARM_GCC_493\Debug\CS301_Class.a(isr_eoc.o)
                0x00002aa8                isr_eoc_Interrupt
 .text.isr_eoc_SetVector
                0x00002b20       0x24 .\CortexM3\ARM_GCC_493\Debug\CS301_Class.a(isr_eoc.o)
                0x00002b20                isr_eoc_SetVector
 .text.isr_eoc_SetPriority
                0x00002b44       0x24 .\CortexM3\ARM_GCC_493\Debug\CS301_Class.a(isr_eoc.o)
                0x00002b44                isr_eoc_SetPriority
 .text.isr_eoc_Enable
                0x00002b68       0x18 .\CortexM3\ARM_GCC_493\Debug\CS301_Class.a(isr_eoc.o)
                0x00002b68                isr_eoc_Enable
 .text.isr_eoc_Disable
                0x00002b80       0x18 .\CortexM3\ARM_GCC_493\Debug\CS301_Class.a(isr_eoc.o)
                0x00002b80                isr_eoc_Disable
 .text.PWM_2_Start
                0x00002b98       0x20 .\CortexM3\ARM_GCC_493\Debug\CS301_Class.a(PWM_2.o)
                0x00002b98                PWM_2_Start
 .text.PWM_2_Init
                0x00002bb8       0xbc .\CortexM3\ARM_GCC_493\Debug\CS301_Class.a(PWM_2.o)
                0x00002bb8                PWM_2_Init
 .text.PWM_2_Enable
                0x00002c74       0x48 .\CortexM3\ARM_GCC_493\Debug\CS301_Class.a(PWM_2.o)
                0x00002c74                PWM_2_Enable
 .text.PWM_2_WritePeriod
                0x00002cbc       0x20 .\CortexM3\ARM_GCC_493\Debug\CS301_Class.a(PWM_2.o)
                0x00002cbc                PWM_2_WritePeriod
 .text.PWM_2_WriteCompare
                0x00002cdc       0x20 .\CortexM3\ARM_GCC_493\Debug\CS301_Class.a(PWM_2.o)
                0x00002cdc                PWM_2_WriteCompare
 .text.PWM_2_SetInterruptMode
                0x00002cfc       0x20 .\CortexM3\ARM_GCC_493\Debug\CS301_Class.a(PWM_2.o)
                0x00002cfc                PWM_2_SetInterruptMode
 .text.QuadDec_M1_Init
                0x00002d1c       0x24 .\CortexM3\ARM_GCC_493\Debug\CS301_Class.a(QuadDec_M1.o)
                0x00002d1c                QuadDec_M1_Init
 .text.QuadDec_M1_Enable
                0x00002d40       0x44 .\CortexM3\ARM_GCC_493\Debug\CS301_Class.a(QuadDec_M1.o)
                0x00002d40                QuadDec_M1_Enable
 .text.QuadDec_M1_Start
                0x00002d84       0x38 .\CortexM3\ARM_GCC_493\Debug\CS301_Class.a(QuadDec_M1.o)
                0x00002d84                QuadDec_M1_Start
 .text.QuadDec_M1_GetCounter
                0x00002dbc       0x48 .\CortexM3\ARM_GCC_493\Debug\CS301_Class.a(QuadDec_M1.o)
                0x00002dbc                QuadDec_M1_GetCounter
 .text.QuadDec_M1_SetCounter
                0x00002e04       0x34 .\CortexM3\ARM_GCC_493\Debug\CS301_Class.a(QuadDec_M1.o)
                0x00002e04                QuadDec_M1_SetCounter
 .text.QuadDec_M1_GetEvents
                0x00002e38       0x20 .\CortexM3\ARM_GCC_493\Debug\CS301_Class.a(QuadDec_M1.o)
                0x00002e38                QuadDec_M1_GetEvents
 .text.QuadDec_M1_SetInterruptMask
                0x00002e58       0x28 .\CortexM3\ARM_GCC_493\Debug\CS301_Class.a(QuadDec_M1.o)
                0x00002e58                QuadDec_M1_SetInterruptMask
 .text.QuadDec_M1_ISR
                0x00002e80       0x60 .\CortexM3\ARM_GCC_493\Debug\CS301_Class.a(QuadDec_M1_INT.o)
                0x00002e80                QuadDec_M1_ISR
 .text.QuadDec_M2_Init
                0x00002ee0       0x24 .\CortexM3\ARM_GCC_493\Debug\CS301_Class.a(QuadDec_M2.o)
                0x00002ee0                QuadDec_M2_Init
 .text.QuadDec_M2_Enable
                0x00002f04       0x44 .\CortexM3\ARM_GCC_493\Debug\CS301_Class.a(QuadDec_M2.o)
                0x00002f04                QuadDec_M2_Enable
 .text.QuadDec_M2_Start
                0x00002f48       0x38 .\CortexM3\ARM_GCC_493\Debug\CS301_Class.a(QuadDec_M2.o)
                0x00002f48                QuadDec_M2_Start
 .text.QuadDec_M2_GetCounter
                0x00002f80       0x48 .\CortexM3\ARM_GCC_493\Debug\CS301_Class.a(QuadDec_M2.o)
                0x00002f80                QuadDec_M2_GetCounter
 .text.QuadDec_M2_SetCounter
                0x00002fc8       0x34 .\CortexM3\ARM_GCC_493\Debug\CS301_Class.a(QuadDec_M2.o)
                0x00002fc8                QuadDec_M2_SetCounter
 .text.QuadDec_M2_GetEvents
                0x00002ffc       0x20 .\CortexM3\ARM_GCC_493\Debug\CS301_Class.a(QuadDec_M2.o)
                0x00002ffc                QuadDec_M2_GetEvents
 .text.QuadDec_M2_SetInterruptMask
                0x0000301c       0x28 .\CortexM3\ARM_GCC_493\Debug\CS301_Class.a(QuadDec_M2.o)
                0x0000301c                QuadDec_M2_SetInterruptMask
 .text.QuadDec_M2_ISR
                0x00003044       0x60 .\CortexM3\ARM_GCC_493\Debug\CS301_Class.a(QuadDec_M2_INT.o)
                0x00003044                QuadDec_M2_ISR
 .text.QuadDec_M1_Cnt16_Init
                0x000030a4       0x80 .\CortexM3\ARM_GCC_493\Debug\CS301_Class.a(QuadDec_M1_Cnt16.o)
                0x000030a4                QuadDec_M1_Cnt16_Init
 .text.QuadDec_M1_Cnt16_Enable
                0x00003124       0x20 .\CortexM3\ARM_GCC_493\Debug\CS301_Class.a(QuadDec_M1_Cnt16.o)
                0x00003124                QuadDec_M1_Cnt16_Enable
 .text.QuadDec_M1_Cnt16_Start
                0x00003144       0x20 .\CortexM3\ARM_GCC_493\Debug\CS301_Class.a(QuadDec_M1_Cnt16.o)
                0x00003144                QuadDec_M1_Cnt16_Start
 .text.QuadDec_M1_Cnt16_SetInterruptMode
                0x00003164       0x20 .\CortexM3\ARM_GCC_493\Debug\CS301_Class.a(QuadDec_M1_Cnt16.o)
                0x00003164                QuadDec_M1_Cnt16_SetInterruptMode
 .text.QuadDec_M1_Cnt16_ReadStatusRegister
                0x00003184       0x18 .\CortexM3\ARM_GCC_493\Debug\CS301_Class.a(QuadDec_M1_Cnt16.o)
                0x00003184                QuadDec_M1_Cnt16_ReadStatusRegister
 .text.QuadDec_M1_Cnt16_WriteCounter
                0x0000319c       0x20 .\CortexM3\ARM_GCC_493\Debug\CS301_Class.a(QuadDec_M1_Cnt16.o)
                0x0000319c                QuadDec_M1_Cnt16_WriteCounter
 .text.QuadDec_M1_Cnt16_ReadCounter
                0x000031bc       0x20 .\CortexM3\ARM_GCC_493\Debug\CS301_Class.a(QuadDec_M1_Cnt16.o)
                0x000031bc                QuadDec_M1_Cnt16_ReadCounter
 .text.QuadDec_M1_Cnt16_ReadCapture
                0x000031dc       0x18 .\CortexM3\ARM_GCC_493\Debug\CS301_Class.a(QuadDec_M1_Cnt16.o)
                0x000031dc                QuadDec_M1_Cnt16_ReadCapture
 .text.QuadDec_M1_Cnt16_WritePeriod
                0x000031f4       0x20 .\CortexM3\ARM_GCC_493\Debug\CS301_Class.a(QuadDec_M1_Cnt16.o)
                0x000031f4                QuadDec_M1_Cnt16_WritePeriod
 .text.QuadDec_M1_Cnt16_WriteCompare
                0x00003214       0x20 .\CortexM3\ARM_GCC_493\Debug\CS301_Class.a(QuadDec_M1_Cnt16.o)
                0x00003214                QuadDec_M1_Cnt16_WriteCompare
 .text.QuadDec_M1_Cnt16_ClearFIFO
                0x00003234       0x1c .\CortexM3\ARM_GCC_493\Debug\CS301_Class.a(QuadDec_M1_Cnt16.o)
                0x00003234                QuadDec_M1_Cnt16_ClearFIFO
 .text.QuadDec_M2_Cnt16_Init
                0x00003250       0x80 .\CortexM3\ARM_GCC_493\Debug\CS301_Class.a(QuadDec_M2_Cnt16.o)
                0x00003250                QuadDec_M2_Cnt16_Init
 .text.QuadDec_M2_Cnt16_Enable
                0x000032d0       0x20 .\CortexM3\ARM_GCC_493\Debug\CS301_Class.a(QuadDec_M2_Cnt16.o)
                0x000032d0                QuadDec_M2_Cnt16_Enable
 .text.QuadDec_M2_Cnt16_Start
                0x000032f0       0x20 .\CortexM3\ARM_GCC_493\Debug\CS301_Class.a(QuadDec_M2_Cnt16.o)
                0x000032f0                QuadDec_M2_Cnt16_Start
 .text.QuadDec_M2_Cnt16_SetInterruptMode
                0x00003310       0x20 .\CortexM3\ARM_GCC_493\Debug\CS301_Class.a(QuadDec_M2_Cnt16.o)
                0x00003310                QuadDec_M2_Cnt16_SetInterruptMode
 .text.QuadDec_M2_Cnt16_ReadStatusRegister
                0x00003330       0x18 .\CortexM3\ARM_GCC_493\Debug\CS301_Class.a(QuadDec_M2_Cnt16.o)
                0x00003330                QuadDec_M2_Cnt16_ReadStatusRegister
 .text.QuadDec_M2_Cnt16_WriteCounter
                0x00003348       0x20 .\CortexM3\ARM_GCC_493\Debug\CS301_Class.a(QuadDec_M2_Cnt16.o)
                0x00003348                QuadDec_M2_Cnt16_WriteCounter
 .text.QuadDec_M2_Cnt16_ReadCounter
                0x00003368       0x20 .\CortexM3\ARM_GCC_493\Debug\CS301_Class.a(QuadDec_M2_Cnt16.o)
                0x00003368                QuadDec_M2_Cnt16_ReadCounter
 .text.QuadDec_M2_Cnt16_ReadCapture
                0x00003388       0x18 .\CortexM3\ARM_GCC_493\Debug\CS301_Class.a(QuadDec_M2_Cnt16.o)
                0x00003388                QuadDec_M2_Cnt16_ReadCapture
 .text.QuadDec_M2_Cnt16_WritePeriod
                0x000033a0       0x20 .\CortexM3\ARM_GCC_493\Debug\CS301_Class.a(QuadDec_M2_Cnt16.o)
                0x000033a0                QuadDec_M2_Cnt16_WritePeriod
 .text.QuadDec_M2_Cnt16_WriteCompare
                0x000033c0       0x20 .\CortexM3\ARM_GCC_493\Debug\CS301_Class.a(QuadDec_M2_Cnt16.o)
                0x000033c0                QuadDec_M2_Cnt16_WriteCompare
 .text.QuadDec_M2_Cnt16_ClearFIFO
                0x000033e0       0x1c .\CortexM3\ARM_GCC_493\Debug\CS301_Class.a(QuadDec_M2_Cnt16.o)
                0x000033e0                QuadDec_M2_Cnt16_ClearFIFO
 .text.isrRF_RX_Start
                0x000033fc       0x20 .\CortexM3\ARM_GCC_493\Debug\CS301_Class.a(isrRF_RX.o)
                0x000033fc                isrRF_RX_Start
 .text.isrRF_RX_Interrupt
                0x0000341c       0x18 .\CortexM3\ARM_GCC_493\Debug\CS301_Class.a(isrRF_RX.o)
                0x0000341c                isrRF_RX_Interrupt
 .text.isrRF_RX_SetVector
                0x00003434       0x24 .\CortexM3\ARM_GCC_493\Debug\CS301_Class.a(isrRF_RX.o)
                0x00003434                isrRF_RX_SetVector
 .text.isrRF_RX_SetPriority
                0x00003458       0x24 .\CortexM3\ARM_GCC_493\Debug\CS301_Class.a(isrRF_RX.o)
                0x00003458                isrRF_RX_SetPriority
 .text.isrRF_RX_Enable
                0x0000347c       0x18 .\CortexM3\ARM_GCC_493\Debug\CS301_Class.a(isrRF_RX.o)
                0x0000347c                isrRF_RX_Enable
 .text.isrRF_RX_Disable
                0x00003494       0x18 .\CortexM3\ARM_GCC_493\Debug\CS301_Class.a(isrRF_RX.o)
                0x00003494                isrRF_RX_Disable
 .text.UART_Start
                0x000034ac       0x20 .\CortexM3\ARM_GCC_493\Debug\CS301_Class.a(UART.o)
                0x000034ac                UART_Start
 .text.UART_Init
                0x000034cc       0x40 .\CortexM3\ARM_GCC_493\Debug\CS301_Class.a(UART.o)
                0x000034cc                UART_Init
 .text.UART_Enable
                0x0000350c       0x5c .\CortexM3\ARM_GCC_493\Debug\CS301_Class.a(UART.o)
                0x0000350c                UART_Enable
 .text.UART_ReadControlRegister
                0x00003568       0x10 .\CortexM3\ARM_GCC_493\Debug\CS301_Class.a(UART.o)
                0x00003568                UART_ReadControlRegister
 .text.UART_GetChar
                0x00003578       0x44 .\CortexM3\ARM_GCC_493\Debug\CS301_Class.a(UART.o)
                0x00003578                UART_GetChar
 .text.UART_IntClock_Start
                0x000035bc       0x34 .\CortexM3\ARM_GCC_493\Debug\CS301_Class.a(UART_IntClock.o)
                0x000035bc                UART_IntClock_Start
 .text.RF_BT_SELECT_Write
                0x000035f0       0x20 .\CortexM3\ARM_GCC_493\Debug\CS301_Class.a(RF_BT_SELECT.o)
                0x000035f0                RF_BT_SELECT_Write
 .text.M1_EN_Write
                0x00003610       0x3c .\CortexM3\ARM_GCC_493\Debug\CS301_Class.a(M1_EN.o)
                0x00003610                M1_EN_Write
 .text.M2_EN_Write
                0x0000364c       0x3c .\CortexM3\ARM_GCC_493\Debug\CS301_Class.a(M2_EN.o)
                0x0000364c                M2_EN_Write
 .text.M1_D2_Write
                0x00003688       0x34 .\CortexM3\ARM_GCC_493\Debug\CS301_Class.a(M1_D2.o)
                0x00003688                M1_D2_Write
 .text.M2_D2_Write
                0x000036bc       0x3c .\CortexM3\ARM_GCC_493\Debug\CS301_Class.a(M2_D2.o)
                0x000036bc                M2_D2_Write
 .text.LED0_Write
                0x000036f8       0x3c .\CortexM3\ARM_GCC_493\Debug\CS301_Class.a(LED0.o)
                0x000036f8                LED0_Write
 .text.LED1_Write
                0x00003734       0x34 .\CortexM3\ARM_GCC_493\Debug\CS301_Class.a(LED1.o)
                0x00003734                LED1_Write
 .text.LED2_Write
                0x00003768       0x3c .\CortexM3\ARM_GCC_493\Debug\CS301_Class.a(LED2.o)
                0x00003768                LED2_Write
 .text.LED3_Write
                0x000037a4       0x3c .\CortexM3\ARM_GCC_493\Debug\CS301_Class.a(LED3.o)
                0x000037a4                LED3_Write
 .text          0x000037e0      0x370 c:/program files (x86)/cypress/psoc creator/3.3/psoc creator/import/gnu/arm/4.9.3/bin/../lib/gcc/arm-none-eabi/4.9.3/armv7-m\libgcc.a(_arm_addsubdf3.o)
                0x000037e0                __aeabi_drsub
                0x000037e8                __aeabi_dsub
                0x000037e8                __subdf3
                0x000037ec                __aeabi_dadd
                0x000037ec                __adddf3
                0x00003a64                __floatunsidf
                0x00003a64                __aeabi_ui2d
                0x00003a84                __floatsidf
                0x00003a84                __aeabi_i2d
                0x00003aa8                __aeabi_f2d
                0x00003aa8                __extendsfdf2
                0x00003ae4                __floatundidf
                0x00003ae4                __aeabi_ul2d
                0x00003af4                __floatdidf
                0x00003af4                __aeabi_l2d
 .text          0x00003b50      0x424 c:/program files (x86)/cypress/psoc creator/3.3/psoc creator/import/gnu/arm/4.9.3/bin/../lib/gcc/arm-none-eabi/4.9.3/armv7-m\libgcc.a(_arm_muldivdf3.o)
                0x00003b50                __aeabi_dmul
                0x00003b50                __muldf3
                0x00003da4                __divdf3
                0x00003da4                __aeabi_ddiv
 .text          0x00003f74       0x50 c:/program files (x86)/cypress/psoc creator/3.3/psoc creator/import/gnu/arm/4.9.3/bin/../lib/gcc/arm-none-eabi/4.9.3/armv7-m\libgcc.a(_arm_fixdfsi.o)
                0x00003f74                __aeabi_d2iz
                0x00003f74                __fixdfsi
 .text.atoi     0x00003fc4        0x8 c:/program files (x86)/cypress/psoc creator/3.3/psoc creator/import/gnu/arm/4.9.3/bin/../lib/gcc/arm-none-eabi/4.9.3/../../../../arm-none-eabi/lib/armv7-m\libg_nano.a(lib_a-atoi.o)
                0x00003fc4                atoi
 .text.__libc_init_array
                0x00003fcc       0x4c c:/program files (x86)/cypress/psoc creator/3.3/psoc creator/import/gnu/arm/4.9.3/bin/../lib/gcc/arm-none-eabi/4.9.3/../../../../arm-none-eabi/lib/armv7-m\libg_nano.a(lib_a-init.o)
                0x00003fcc                __libc_init_array
 .text.memcpy   0x00004018       0x16 c:/program files (x86)/cypress/psoc creator/3.3/psoc creator/import/gnu/arm/4.9.3/bin/../lib/gcc/arm-none-eabi/4.9.3/../../../../arm-none-eabi/lib/armv7-m\libg_nano.a(lib_a-memcpy.o)
                0x00004018                memcpy
 .text.memset   0x0000402e       0x10 c:/program files (x86)/cypress/psoc creator/3.3/psoc creator/import/gnu/arm/4.9.3/bin/../lib/gcc/arm-none-eabi/4.9.3/../../../../arm-none-eabi/lib/armv7-m\libg_nano.a(lib_a-memset.o)
                0x0000402e                memset
 .text.strcpy   0x0000403e       0x10 c:/program files (x86)/cypress/psoc creator/3.3/psoc creator/import/gnu/arm/4.9.3/bin/../lib/gcc/arm-none-eabi/4.9.3/../../../../arm-none-eabi/lib/armv7-m\libg_nano.a(lib_a-strcpy.o)
                0x0000403e                strcpy
 *fill*         0x0000404e        0x2 
 .text._strtol_r
                0x00004050      0x10c c:/program files (x86)/cypress/psoc creator/3.3/psoc creator/import/gnu/arm/4.9.3/bin/../lib/gcc/arm-none-eabi/4.9.3/../../../../arm-none-eabi/lib/armv7-m\libg_nano.a(lib_a-strtol.o)
                0x00004050                _strtol_r
 .text.strtol   0x0000415c       0x1c c:/program files (x86)/cypress/psoc creator/3.3/psoc creator/import/gnu/arm/4.9.3/bin/../lib/gcc/arm-none-eabi/4.9.3/../../../../arm-none-eabi/lib/armv7-m\libg_nano.a(lib_a-strtol.o)
                0x0000415c                strtol
 *(.plt)
 *(.gnu.warning)
 *(.glue_7t)
 .glue_7t       0x00000000        0x0 linker stubs
 *(.glue_7)
 .glue_7        0x00000000        0x0 linker stubs
 *(.vfp11_veneer)
 .vfp11_veneer  0x00000000        0x0 linker stubs
 *(.bootloader)
 *(.ARM.extab* .gnu.linkonce.armextab.*)
 *(.gcc_except_table)

.v4_bx          0x00004178        0x0
 .v4_bx         0x00000000        0x0 linker stubs

.iplt           0x00004178        0x0
 .iplt          0x00000000        0x0 c:/program files (x86)/cypress/psoc creator/3.3/psoc creator/import/gnu/arm/4.9.3/bin/../lib/gcc/arm-none-eabi/4.9.3/armv7-m/crtbegin.o

.eh_frame_hdr
 *(.eh_frame_hdr)

.eh_frame       0x00004178        0x4
 *(.eh_frame)
 .eh_frame      0x00004178        0x0 c:/program files (x86)/cypress/psoc creator/3.3/psoc creator/import/gnu/arm/4.9.3/bin/../lib/gcc/arm-none-eabi/4.9.3/armv7-m/crtbegin.o
 .eh_frame      0x00004178        0x4 c:/program files (x86)/cypress/psoc creator/3.3/psoc creator/import/gnu/arm/4.9.3/bin/../lib/gcc/arm-none-eabi/4.9.3/armv7-m/crtend.o
                0x0000417c                PROVIDE (__exidx_start, .)

.ARM.exidx
 *(.ARM.exidx* .gnu.linkonce.armexidx.*)
                0x0000417c                __exidx_end = .

.rodata         0x0000417c      0x174
 *(.rodata .rodata.* .gnu.linkonce.r.*)
 .rodata        0x0000417c       0x38 .\CortexM3\ARM_GCC_493\Debug\CS301_Class.a(cyfitter_cfg.o)
 .rodata.str1.1
                0x000041b4        0x2 c:/program files (x86)/cypress/psoc creator/3.3/psoc creator/import/gnu/arm/4.9.3/bin/../lib/gcc/arm-none-eabi/4.9.3/../../../../arm-none-eabi/lib/armv7-m\libg_nano.a(lib_a-impure.o)
 .rodata._ctype_
                0x000041b6      0x101 c:/program files (x86)/cypress/psoc creator/3.3/psoc creator/import/gnu/arm/4.9.3/bin/../lib/gcc/arm-none-eabi/4.9.3/../../../../arm-none-eabi/lib/armv7-m\libg_nano.a(lib_a-ctype_.o)
                0x000041b6                _ctype_
                0x000042b8                . = ALIGN (0x4)
 *fill*         0x000042b7        0x1 
 *(.init)
 .init          0x000042b8        0x4 c:/program files (x86)/cypress/psoc creator/3.3/psoc creator/import/gnu/arm/4.9.3/bin/../lib/gcc/arm-none-eabi/4.9.3/armv7-m/crti.o
                0x000042b8                _init
 .init          0x000042bc        0x8 c:/program files (x86)/cypress/psoc creator/3.3/psoc creator/import/gnu/arm/4.9.3/bin/../lib/gcc/arm-none-eabi/4.9.3/armv7-m/crtn.o
                0x000042c4                . = ALIGN (0x4)
                0x000042c4                __preinit_array_start = .
 *(.preinit_array)
                0x000042c4                __preinit_array_end = .
                0x000042c4                . = ALIGN (0x4)
                0x000042c4                __init_array_start = .
 *(SORT(.init_array.*))
 *(.init_array)
 .init_array    0x000042c4        0x4 c:/program files (x86)/cypress/psoc creator/3.3/psoc creator/import/gnu/arm/4.9.3/bin/../lib/gcc/arm-none-eabi/4.9.3/armv7-m/crtbegin.o
 .init_array    0x000042c8        0x4 .\CortexM3\ARM_GCC_493\Debug\Cm3Start.o
                0x000042cc                __init_array_end = .
                0x000042cc                . = ALIGN (0x4)
 *(.fini)
 .fini          0x000042cc        0x4 c:/program files (x86)/cypress/psoc creator/3.3/psoc creator/import/gnu/arm/4.9.3/bin/../lib/gcc/arm-none-eabi/4.9.3/armv7-m/crti.o
                0x000042cc                _fini
 .fini          0x000042d0        0x8 c:/program files (x86)/cypress/psoc creator/3.3/psoc creator/import/gnu/arm/4.9.3/bin/../lib/gcc/arm-none-eabi/4.9.3/armv7-m/crtn.o
                0x000042d8                . = ALIGN (0x4)
                0x000042d8                __fini_array_start = .
 *(.fini_array)
 .fini_array    0x000042d8        0x4 c:/program files (x86)/cypress/psoc creator/3.3/psoc creator/import/gnu/arm/4.9.3/bin/../lib/gcc/arm-none-eabi/4.9.3/armv7-m/crtbegin.o
 *(SORT(.fini_array.*))
                0x000042dc                __fini_array_end = .
                0x000042dc                . = ALIGN (0x4)
 *crtbegin.o(.ctors)
 *(EXCLUDE_FILE(*crtend.o) .ctors)
 *(SORT(.ctors.*))
 *crtend.o(.ctors)
                0x000042dc                . = ALIGN (0x4)
 *crtbegin.o(.dtors)
 *(EXCLUDE_FILE(*crtend.o) .dtors)
 *(SORT(.dtors.*))
 *crtend.o(.dtors)
                0x000042dc                . = ALIGN (0x4)
                0x000042dc                __cy_regions = .
                0x000042dc        0x4 LONG 0x42f0 __cy_region_init_ram
                0x000042e0        0x4 LONG 0x1fff8108 __cy_region_start_data
                0x000042e4        0x4 LONG 0xe8 __cy_region_init_size_ram
                0x000042e8        0x4 LONG 0x3a8 __cy_region_zero_size_ram
                0x000042ec                __cy_regions_end = .
                0x000042f0                . = ALIGN (0x8)
 *fill*         0x000042ec        0x4 
                0x000042f0                _etext = .

.cy_checksum_exclude
                0x000042f0        0x0
 *(.cy_checksum_exclude)

.ramvectors     0x1fff8000      0x100
                0x1fff8000                __cy_region_start_ram = .
 *(.ramvectors)
 .ramvectors    0x1fff8000      0x100 .\CortexM3\ARM_GCC_493\Debug\Cm3Start.o
                0x1fff8000                CyRamVectors

.noinit         0x1fff8100        0x5
 *(.noinit)
 .noinit        0x1fff8100        0x4 .\CortexM3\ARM_GCC_493\Debug\Cm3Start.o
 .noinit        0x1fff8104        0x1 .\CortexM3\ARM_GCC_493\Debug\CS301_Class.a(CyLib.o)
                0x1fff8104                CyResetStatus

.data           0x1fff8108       0xe8 load address 0x000042f0
                0x1fff8108                __cy_region_start_data = .
 *(.jcr)
 .jcr           0x1fff8108        0x0 c:/program files (x86)/cypress/psoc creator/3.3/psoc creator/import/gnu/arm/4.9.3/bin/../lib/gcc/arm-none-eabi/4.9.3/armv7-m/crtbegin.o
 .jcr           0x1fff8108        0x4 c:/program files (x86)/cypress/psoc creator/3.3/psoc creator/import/gnu/arm/4.9.3/bin/../lib/gcc/arm-none-eabi/4.9.3/armv7-m/crtend.o
 *(.got.plt)
 *(.got)
 *(.shdata)
 *(.data .data.* .gnu.linkonce.d.*)
 .data          0x1fff810c       0x5c .\CortexM3\ARM_GCC_493\Debug\main.o
                0x1fff810c                flag_rf_transmission_active
                0x1fff8110                displaystring
                0x1fff8150                PWMPower
                0x1fff8151                turnConstant
                0x1fff8154                goalSpeed
                0x1fff8158                RFStopValue
                0x1fff815c                goalQuad
                0x1fff8160                initcounter
                0x1fff8164                init
 .data          0x1fff8168        0x2 .\CortexM3\ARM_GCC_493\Debug\CS301_Class.a(ADC.o)
 .data          0x1fff816a        0x1 .\CortexM3\ARM_GCC_493\Debug\CS301_Class.a(ADC_TempBuf_dma.o)
                0x1fff816a                ADC_TempBuf_DmaHandle
 .data          0x1fff816b        0x1 .\CortexM3\ARM_GCC_493\Debug\CS301_Class.a(ADC_FinalBuf_dma.o)
                0x1fff816b                ADC_FinalBuf_DmaHandle
 .data          0x1fff816c        0x8 .\CortexM3\ARM_GCC_493\Debug\CS301_Class.a(CyDmac.o)
 .data          0x1fff8174       0x10 .\CortexM3\ARM_GCC_493\Debug\CS301_Class.a(CyLib.o)
                0x1fff8174                cydelay_freq_hz
                0x1fff8178                cydelay_freq_khz
                0x1fff817c                cydelay_freq_mhz
                0x1fff8180                cydelay_32k_ms
 .data.impure_data
                0x1fff8184       0x60 c:/program files (x86)/cypress/psoc creator/3.3/psoc creator/import/gnu/arm/4.9.3/bin/../lib/gcc/arm-none-eabi/4.9.3/../../../../arm-none-eabi/lib/armv7-m\libg_nano.a(lib_a-impure.o)
 .data._impure_ptr
                0x1fff81e4        0x4 c:/program files (x86)/cypress/psoc creator/3.3/psoc creator/import/gnu/arm/4.9.3/bin/../lib/gcc/arm-none-eabi/4.9.3/../../../../arm-none-eabi/lib/armv7-m\libg_nano.a(lib_a-impure.o)
                0x1fff81e4                _impure_ptr
 .data.__ctype_ptr__
                0x1fff81e8        0x4 c:/program files (x86)/cypress/psoc creator/3.3/psoc creator/import/gnu/arm/4.9.3/bin/../lib/gcc/arm-none-eabi/4.9.3/../../../../arm-none-eabi/lib/armv7-m\libg_nano.a(lib_a-ctype_.o)
                0x1fff81e8                __ctype_ptr__
                0x1fff81f0                . = ALIGN (0x8)
 *fill*         0x1fff81ec        0x4 
 *(.ram)
                0x1fff81f0                _edata = .

.igot.plt       0x1fff81f0        0x0 load address 0x000043d8
 .igot.plt      0x00000000        0x0 c:/program files (x86)/cypress/psoc creator/3.3/psoc creator/import/gnu/arm/4.9.3/bin/../lib/gcc/arm-none-eabi/4.9.3/armv7-m/crtbegin.o

.bss            0x1fff81f0      0x3a8 load address 0x000043d8
                0x1fff81f0                PROVIDE (__bss_start__, .)
 *(.shbss)
 *(.bss .bss.* .gnu.linkonce.b.*)
 .bss           0x1fff81f0       0x1c c:/program files (x86)/cypress/psoc creator/3.3/psoc creator/import/gnu/arm/4.9.3/bin/../lib/gcc/arm-none-eabi/4.9.3/armv7-m/crtbegin.o
 .bss           0x1fff820c       0xe4 .\CortexM3\ARM_GCC_493\Debug\main.o
                0x1fff820c                ts
                0x1fff820e                ts_enc
                0x1fff8210                ts_update
                0x1fff8212                ts_speed
                0x1fff8214                ts_display
                0x1fff8216                flag_ts_enc
                0x1fff8217                flag_ts_update
                0x1fff8218                flag_ts_speed
                0x1fff8219                flag_ts_display
                0x1fff821a                rx_flag
                0x1fff821b                flag_rx
                0x1fff821c                flag_packet
                0x1fff821d                flag_KB_string
                0x1fff821e                dataready_flag
                0x1fff821f                timerOverflow_flag
                0x1fff8220                adcvalue
                0x1fff8230                speedCounter
                0x1fff8234                prevQuadReading
                0x1fff8238                spd
                0x1fff823c                speedFlag
                0x1fff8240                rxdata
                0x1fff8242                counter
                0x1fff8244                datastring
                0x1fff82a8                asciiValue
                0x1fff82ac                packetCntr
                0x1fff82b0                locationArray
                0x1fff82bc                locationArrayCntr
                0x1fff82c0                locationTemp
                0x1fff82c4                negate
                0x1fff82c8                firstCounter
                0x1fff82cc                firstx
                0x1fff82d0                firsty
                0x1fff82d4                firstAngle
                0x1fff82d8                firstinit
                0x1fff82dc                newx
                0x1fff82e0                newy
                0x1fff82e4                newAngle
                0x1fff82e8                counter6
                0x1fff82ea                sensorLogic6
 .bss           0x1fff82f0       0x18 .\CortexM3\ARM_GCC_493\Debug\CS301_Class.a(ADC.o)
                0x1fff82f0                ADC_initVar
 .bss           0x1fff8308        0x1 .\CortexM3\ARM_GCC_493\Debug\CS301_Class.a(Timer_TS.o)
                0x1fff8308                Timer_TS_initVar
 .bss           0x1fff8309        0x1 .\CortexM3\ARM_GCC_493\Debug\CS301_Class.a(USBUART_cdc.o)
 .bss           0x1fff830a        0x1 .\CortexM3\ARM_GCC_493\Debug\CS301_Class.a(ADC_SAR.o)
                0x1fff830a                ADC_SAR_initVar
 .bss           0x1fff830b        0x1 .\CortexM3\ARM_GCC_493\Debug\CS301_Class.a(PWM_1.o)
                0x1fff830b                PWM_1_initVar
 .bss           0x1fff830c        0x1 .\CortexM3\ARM_GCC_493\Debug\CS301_Class.a(PWM_2.o)
                0x1fff830c                PWM_2_initVar
 .bss           0x1fff830d        0x1 .\CortexM3\ARM_GCC_493\Debug\CS301_Class.a(QuadDec_M1.o)
                0x1fff830d                QuadDec_M1_initVar
 *fill*         0x1fff830e        0x2 
 .bss           0x1fff8310        0x4 .\CortexM3\ARM_GCC_493\Debug\CS301_Class.a(QuadDec_M1_INT.o)
                0x1fff8310                QuadDec_M1_count32SoftPart
 .bss           0x1fff8314        0x1 .\CortexM3\ARM_GCC_493\Debug\CS301_Class.a(QuadDec_M2.o)
                0x1fff8314                QuadDec_M2_initVar
 *fill*         0x1fff8315        0x3 
 .bss           0x1fff8318        0x4 .\CortexM3\ARM_GCC_493\Debug\CS301_Class.a(QuadDec_M2_INT.o)
                0x1fff8318                QuadDec_M2_count32SoftPart
 .bss           0x1fff831c        0x1 .\CortexM3\ARM_GCC_493\Debug\CS301_Class.a(QuadDec_M1_Cnt16.o)
                0x1fff831c                QuadDec_M1_Cnt16_initVar
 .bss           0x1fff831d        0x1 .\CortexM3\ARM_GCC_493\Debug\CS301_Class.a(QuadDec_M2_Cnt16.o)
                0x1fff831d                QuadDec_M2_Cnt16_initVar
 .bss           0x1fff831e        0x2 .\CortexM3\ARM_GCC_493\Debug\CS301_Class.a(UART.o)
                0x1fff831e                UART_initVar
 *(COMMON)
 COMMON         0x1fff8320      0x1a2 .\CortexM3\ARM_GCC_493\Debug\main.o
                0x1fff8320                entry
                0x1fff8360                result5
                0x1fff8362                sensorLogic2
                0x1fff8364                counter3
                0x1fff8368                system_state
                0x1fff8388                sensorLogic0
                0x1fff838a                counter0
                0x1fff838c                ADC_result0
                0x1fff838e                ADC_result3
                0x1fff8390                result3
                0x1fff8394                line
                0x1fff83d4                counter1
                0x1fff83d6                ADC_result4
                0x1fff83d8                sensorLogic5
                0x1fff83da                ADC_result1
                0x1fff83dc                usbBuffer
                0x1fff841c                result6
                0x1fff8420                i
                0x1fff8424                result1
                0x1fff8426                result2
                0x1fff8428                ADC_result2
                0x1fff842a                result4
                0x1fff842c                ADC_result6
                0x1fff842e                result0
                0x1fff8430                sensorLogic3
                0x1fff8431                sensorLogic4
                0x1fff8434                robotLocation
                0x1fff8454                counter4
                0x1fff8456                sensorLogic1
                0x1fff8458                str
                0x1fff84bc                counter5
                0x1fff84be                ADC_result5
                0x1fff84c0                counter2
 *fill*         0x1fff84c2        0x2 
 COMMON         0x1fff84c4       0x10 .\CortexM3\ARM_GCC_493\Debug\CS301_Class.a(ADC.o)
                0x1fff84c4                ADC_finalArray
 COMMON         0x1fff84d4       0x18 .\CortexM3\ARM_GCC_493\Debug\CS301_Class.a(USBUART_cdc.o)
                0x1fff84d4                USBUART_linesChanged
                0x1fff84d8                USBUART_cdcDataInEp
                0x1fff84dc                USBUART_cdcCommInInterruptEp
                0x1fff84e0                USBUART_cdcDataOutEp
                0x1fff84e4                USBUART_serialStateBitmap
                0x1fff84e8                USBUART_linesControlBitmap
 COMMON         0x1fff84ec       0x9a .\CortexM3\ARM_GCC_493\Debug\CS301_Class.a(USBUART_drv.o)
                0x1fff84ec                USBUART_lastPacketSize
                0x1fff84ed                USBUART_device
                0x1fff84ee                USBUART_transferByteCount
                0x1fff84f0                USBUART_transferState
                0x1fff84f4                USBUART_interfaceSettingLast
                0x1fff84f8                USBUART_currentTD
                0x1fff8504                USBUART_interfaceNumber
                0x1fff8508                USBUART_interfaceClass
                0x1fff850c                USBUART_configurationChanged
                0x1fff850d                USBUART_ep0Mode
                0x1fff850e                USBUART_deviceAddress
                0x1fff850f                USBUART_configuration
                0x1fff8510                USBUART_ep0Count
                0x1fff8511                USBUART_deviceStatus
                0x1fff8514                USBUART_EP
                0x1fff8580                USBUART_interfaceSetting
                0x1fff8582                USBUART_ep0Toggle
                0x1fff8584                USBUART_interfaceStatus
 *fill*         0x1fff8586        0x2 
 COMMON         0x1fff8588        0xa .\CortexM3\ARM_GCC_493\Debug\CS301_Class.a(ADC_SAR.o)
                0x1fff8588                ADC_SAR_countsPerVolt
                0x1fff858a                ADC_SAR_shift
                0x1fff858c                ADC_SAR_countsPer10Volt
                0x1fff8590                ADC_SAR_offset
                0x1fff8598                . = ALIGN (0x8)
 *fill*         0x1fff8592        0x6 
 *(.ram.b)
                0x1fff8598                _end = .
                0x1fff8598                __end = .
                0x1fff8598                PROVIDE (end, .)
                0x1fff8598                PROVIDE (__bss_end__, .)
                0x000042f0                __cy_region_init_ram = LOADADDR (.data)
                0x000000e8                __cy_region_init_size_ram = (_edata - ADDR (.data))
                0x000003a8                __cy_region_zero_size_ram = (_end - _edata)

.heap           0x1fff8598       0x80 load address 0x000043d8
                0x1fff8598                . = _end
                0x1fff8618                . = (. + 0x80)
 *fill*         0x1fff8598       0x80 
                0x1fff8618                __cy_heap_limit = .

.stack          0x20007800      0x800
                0x20007800                __cy_stack_limit = .
                0x20008000                . = (. + 0x800)
 *fill*         0x20007800      0x800 
                0x00000001                ASSERT ((__cy_stack_limit >= __cy_heap_limit), region RAM overflowed with stack)
                0x00000000                cy_checksum_exclude_size = (CY_APPL_LOADABLE == 0x1)?SIZEOF (.cy_checksum_exclude):0x0
                0x00000001                ASSERT ((cy_checksum_exclude_size <= CY_CHECKSUM_EXCLUDE_SIZE), CY_BOOT: Section .cy_checksum_exclude size exceedes specified limit.)

.cyloadermeta
 *(.cyloadermeta)

.cyloadablemeta
 *(.cyloadablemeta)

.cyconfigecc    0x80000000     0x10c0
 *(.cyconfigecc)
 .cyconfigecc   0x80000000     0x10c0 .\CortexM3\ARM_GCC_493\Debug\cymetadata.o
                0x80000000                cy_meta_configecc

.cycustnvl      0x90000000        0x4
 *(.cycustnvl)
 .cycustnvl     0x90000000        0x4 .\CortexM3\ARM_GCC_493\Debug\cymetadata.o
                0x90000000                cy_meta_custnvl

.cywolatch      0x90100000        0x4
 *(.cywolatch)
 .cywolatch     0x90100000        0x4 .\CortexM3\ARM_GCC_493\Debug\cymetadata.o
                0x90100000                cy_meta_wonvl

.cyeeprom       0x90200000        0x0
 *(.cyeeprom)
                0x00000001                ASSERT ((. <= ((0x90200000 + ee_offset) + ee_size)), .cyeeprom data will not fit in EEPROM)

.cyflashprotect
                0x90400000      0x100
 *(.cyflashprotect)
 .cyflashprotect
                0x90400000      0x100 .\CortexM3\ARM_GCC_493\Debug\cymetadata.o
                0x90400000                cy_meta_flashprotect

.cymeta         0x90500000        0xc
 *(.cymeta)
 .cymeta        0x90500000        0xc .\CortexM3\ARM_GCC_493\Debug\cymetadata.o
                0x90500000                cy_metadata

.rel.dyn        0x000043d8        0x0 load address 0x9050000c
 .rel.iplt      0x00000000        0x0 c:/program files (x86)/cypress/psoc creator/3.3/psoc creator/import/gnu/arm/4.9.3/bin/../lib/gcc/arm-none-eabi/4.9.3/armv7-m/crtbegin.o

.stab
 *(.stab)

.stabstr
 *(.stabstr)

.debug
 *(.debug)

.line
 *(.line)

.debug_srcinfo
 *(.debug_srcinfo)

.debug_sfnames
 *(.debug_sfnames)

.debug_aranges  0x00000000     0x1608
 *(.debug_aranges)
 .debug_aranges
                0x00000000      0x100 .\CortexM3\ARM_GCC_493\Debug\main.o
 .debug_aranges
                0x00000100       0x28 .\CortexM3\ARM_GCC_493\Debug\tacho.o
 .debug_aranges
                0x00000128       0x18 .\CortexM3\ARM_GCC_493\Debug\cymetadata.o
 .debug_aranges
                0x00000140       0x48 .\CortexM3\ARM_GCC_493\Debug\Cm3Start.o
 .debug_aranges
                0x00000188       0x60 .\CortexM3\ARM_GCC_493\Debug\CS301_Class.a(cyfitter_cfg.o)
 .debug_aranges
                0x000001e8       0xa0 .\CortexM3\ARM_GCC_493\Debug\CS301_Class.a(ADC.o)
 .debug_aranges
                0x00000288       0x20 .\CortexM3\ARM_GCC_493\Debug\CS301_Class.a(ADC_INT.o)
 .debug_aranges
                0x000002a8       0x80 .\CortexM3\ARM_GCC_493\Debug\CS301_Class.a(isr_TS.o)
 .debug_aranges
                0x00000328       0x88 .\CortexM3\ARM_GCC_493\Debug\CS301_Class.a(Timer_TS.o)
 .debug_aranges
                0x000003b0       0xc8 .\CortexM3\ARM_GCC_493\Debug\CS301_Class.a(USBUART.o)
 .debug_aranges
                0x00000478       0xe8 .\CortexM3\ARM_GCC_493\Debug\CS301_Class.a(USBUART_cdc.o)
 .debug_aranges
                0x00000560       0x98 .\CortexM3\ARM_GCC_493\Debug\CS301_Class.a(USBUART_drv.o)
 .debug_aranges
                0x000005f8       0x40 .\CortexM3\ARM_GCC_493\Debug\CS301_Class.a(USBUART_episr.o)
 .debug_aranges
                0x00000638       0x40 .\CortexM3\ARM_GCC_493\Debug\CS301_Class.a(USBUART_pm.o)
 .debug_aranges
                0x00000678       0x80 .\CortexM3\ARM_GCC_493\Debug\CS301_Class.a(USBUART_std.o)
 .debug_aranges
                0x000006f8       0x20 .\CortexM3\ARM_GCC_493\Debug\CS301_Class.a(USBUART_vnd.o)
 .debug_aranges
                0x00000718       0xa8 .\CortexM3\ARM_GCC_493\Debug\CS301_Class.a(ADC_SAR.o)
 .debug_aranges
                0x000007c0       0x28 .\CortexM3\ARM_GCC_493\Debug\CS301_Class.a(ADC_TempBuf_dma.o)
 .debug_aranges
                0x000007e8       0x28 .\CortexM3\ARM_GCC_493\Debug\CS301_Class.a(ADC_FinalBuf_dma.o)
 .debug_aranges
                0x00000810       0x80 .\CortexM3\ARM_GCC_493\Debug\CS301_Class.a(ADC_IRQ.o)
 .debug_aranges
                0x00000890       0x48 .\CortexM3\ARM_GCC_493\Debug\CS301_Class.a(USBUART_Dp.o)
 .debug_aranges
                0x000008d8       0x20 .\CortexM3\ARM_GCC_493\Debug\CS301_Class.a(CyBootAsmGnu.o)
 .debug_aranges
                0x000008f8       0xd8 .\CortexM3\ARM_GCC_493\Debug\CS301_Class.a(CyDmac.o)
 .debug_aranges
                0x000009d0      0x298 .\CortexM3\ARM_GCC_493\Debug\CS301_Class.a(CyLib.o)
 .debug_aranges
                0x00000c68       0x98 .\CortexM3\ARM_GCC_493\Debug\CS301_Class.a(cyPm.o)
 .debug_aranges
                0x00000d00       0x78 .\CortexM3\ARM_GCC_493\Debug\CS301_Class.a(PWM_1.o)
 .debug_aranges
                0x00000d78       0x80 .\CortexM3\ARM_GCC_493\Debug\CS301_Class.a(isr_eoc.o)
 .debug_aranges
                0x00000df8       0x78 .\CortexM3\ARM_GCC_493\Debug\CS301_Class.a(PWM_2.o)
 .debug_aranges
                0x00000e70       0x60 .\CortexM3\ARM_GCC_493\Debug\CS301_Class.a(QuadDec_M1.o)
 .debug_aranges
                0x00000ed0       0x20 .\CortexM3\ARM_GCC_493\Debug\CS301_Class.a(QuadDec_M1_INT.o)
 .debug_aranges
                0x00000ef0       0x60 .\CortexM3\ARM_GCC_493\Debug\CS301_Class.a(QuadDec_M2.o)
 .debug_aranges
                0x00000f50       0x20 .\CortexM3\ARM_GCC_493\Debug\CS301_Class.a(QuadDec_M2_INT.o)
 .debug_aranges
                0x00000f70       0x98 .\CortexM3\ARM_GCC_493\Debug\CS301_Class.a(QuadDec_M1_Cnt16.o)
 .debug_aranges
                0x00001008       0x98 .\CortexM3\ARM_GCC_493\Debug\CS301_Class.a(QuadDec_M2_Cnt16.o)
 .debug_aranges
                0x000010a0       0x80 .\CortexM3\ARM_GCC_493\Debug\CS301_Class.a(isrRF_RX.o)
 .debug_aranges
                0x00001120       0xf0 .\CortexM3\ARM_GCC_493\Debug\CS301_Class.a(UART.o)
 .debug_aranges
                0x00001210       0x70 .\CortexM3\ARM_GCC_493\Debug\CS301_Class.a(UART_IntClock.o)
 .debug_aranges
                0x00001280       0x28 .\CortexM3\ARM_GCC_493\Debug\CS301_Class.a(RF_BT_SELECT.o)
 .debug_aranges
                0x000012a8       0x38 .\CortexM3\ARM_GCC_493\Debug\CS301_Class.a(M1_EN.o)
 .debug_aranges
                0x000012e0       0x38 .\CortexM3\ARM_GCC_493\Debug\CS301_Class.a(M2_EN.o)
 .debug_aranges
                0x00001318       0x38 .\CortexM3\ARM_GCC_493\Debug\CS301_Class.a(M1_D2.o)
 .debug_aranges
                0x00001350       0x38 .\CortexM3\ARM_GCC_493\Debug\CS301_Class.a(M2_D2.o)
 .debug_aranges
                0x00001388       0x38 .\CortexM3\ARM_GCC_493\Debug\CS301_Class.a(LED0.o)
 .debug_aranges
                0x000013c0       0x38 .\CortexM3\ARM_GCC_493\Debug\CS301_Class.a(LED1.o)
 .debug_aranges
                0x000013f8       0x38 .\CortexM3\ARM_GCC_493\Debug\CS301_Class.a(LED2.o)
 .debug_aranges
                0x00001430       0x38 .\CortexM3\ARM_GCC_493\Debug\CS301_Class.a(LED3.o)
 .debug_aranges
                0x00001468       0x38 .\CortexM3\ARM_GCC_493\Debug\CS301_Class.a(LED4.o)
 .debug_aranges
                0x000014a0       0x38 .\CortexM3\ARM_GCC_493\Debug\CS301_Class.a(LED5.o)
 .debug_aranges
                0x000014d8       0x20 .\CortexM3\ARM_GCC_493\Debug\CS301_Class.a(USBUART_cls.o)
 .debug_aranges
                0x000014f8       0x18 .\CortexM3\ARM_GCC_493\Debug\CS301_Class.a(USBUART_descr.o)
 .debug_aranges
                0x00001510       0x80 .\CortexM3\ARM_GCC_493\Debug\CS301_Class.a(CyFlash.o)
 .debug_aranges
                0x00001590       0x78 .\CortexM3\ARM_GCC_493\Debug\CS301_Class.a(CySpc.o)

.debug_pubnames
 *(.debug_pubnames)

.debug_info     0x00000000     0x9cca
 *(.debug_info .gnu.linkonce.wi.*)
 .debug_info    0x00000000      0xaeb .\CortexM3\ARM_GCC_493\Debug\main.o
 .debug_info    0x00000aeb      0x147 .\CortexM3\ARM_GCC_493\Debug\tacho.o
 .debug_info    0x00000c32      0x13f .\CortexM3\ARM_GCC_493\Debug\cymetadata.o
 .debug_info    0x00000d71      0x313 .\CortexM3\ARM_GCC_493\Debug\Cm3Start.o
 .debug_info    0x00001084      0x469 .\CortexM3\ARM_GCC_493\Debug\CS301_Class.a(cyfitter_cfg.o)
 .debug_info    0x000014ed      0x3a4 .\CortexM3\ARM_GCC_493\Debug\CS301_Class.a(ADC.o)
 .debug_info    0x00001891       0x99 .\CortexM3\ARM_GCC_493\Debug\CS301_Class.a(ADC_INT.o)
 .debug_info    0x0000192a      0x24f .\CortexM3\ARM_GCC_493\Debug\CS301_Class.a(isr_TS.o)
 .debug_info    0x00001b79      0x23e .\CortexM3\ARM_GCC_493\Debug\CS301_Class.a(Timer_TS.o)
 .debug_info    0x00001db7      0x70b .\CortexM3\ARM_GCC_493\Debug\CS301_Class.a(USBUART.o)
 .debug_info    0x000024c2      0x903 .\CortexM3\ARM_GCC_493\Debug\CS301_Class.a(USBUART_cdc.o)
 .debug_info    0x00002dc5      0x521 .\CortexM3\ARM_GCC_493\Debug\CS301_Class.a(USBUART_drv.o)
 .debug_info    0x000032e6      0x22f .\CortexM3\ARM_GCC_493\Debug\CS301_Class.a(USBUART_episr.o)
 .debug_info    0x00003515      0x186 .\CortexM3\ARM_GCC_493\Debug\CS301_Class.a(USBUART_pm.o)
 .debug_info    0x0000369b      0x950 .\CortexM3\ARM_GCC_493\Debug\CS301_Class.a(USBUART_std.o)
 .debug_info    0x00003feb      0x19d .\CortexM3\ARM_GCC_493\Debug\CS301_Class.a(USBUART_vnd.o)
 .debug_info    0x00004188      0x45b .\CortexM3\ARM_GCC_493\Debug\CS301_Class.a(ADC_SAR.o)
 .debug_info    0x000045e3      0x114 .\CortexM3\ARM_GCC_493\Debug\CS301_Class.a(ADC_TempBuf_dma.o)
 .debug_info    0x000046f7      0x114 .\CortexM3\ARM_GCC_493\Debug\CS301_Class.a(ADC_FinalBuf_dma.o)
 .debug_info    0x0000480b      0x23a .\CortexM3\ARM_GCC_493\Debug\CS301_Class.a(ADC_IRQ.o)
 .debug_info    0x00004a45      0x171 .\CortexM3\ARM_GCC_493\Debug\CS301_Class.a(USBUART_Dp.o)
 .debug_info    0x00004bb6       0xac .\CortexM3\ARM_GCC_493\Debug\CS301_Class.a(CyBootAsmGnu.o)
 .debug_info    0x00004c62      0x8b4 .\CortexM3\ARM_GCC_493\Debug\CS301_Class.a(CyDmac.o)
 .debug_info    0x00005516      0xe34 .\CortexM3\ARM_GCC_493\Debug\CS301_Class.a(CyLib.o)
 .debug_info    0x0000634a      0x561 .\CortexM3\ARM_GCC_493\Debug\CS301_Class.a(cyPm.o)
 .debug_info    0x000068ab      0x22e .\CortexM3\ARM_GCC_493\Debug\CS301_Class.a(PWM_1.o)
 .debug_info    0x00006ad9      0x293 .\CortexM3\ARM_GCC_493\Debug\CS301_Class.a(isr_eoc.o)
 .debug_info    0x00006d6c      0x22e .\CortexM3\ARM_GCC_493\Debug\CS301_Class.a(PWM_2.o)
 .debug_info    0x00006f9a      0x22d .\CortexM3\ARM_GCC_493\Debug\CS301_Class.a(QuadDec_M1.o)
 .debug_info    0x000071c7       0xeb .\CortexM3\ARM_GCC_493\Debug\CS301_Class.a(QuadDec_M1_INT.o)
 .debug_info    0x000072b2      0x22d .\CortexM3\ARM_GCC_493\Debug\CS301_Class.a(QuadDec_M2.o)
 .debug_info    0x000074df       0xeb .\CortexM3\ARM_GCC_493\Debug\CS301_Class.a(QuadDec_M2_INT.o)
 .debug_info    0x000075ca      0x28a .\CortexM3\ARM_GCC_493\Debug\CS301_Class.a(QuadDec_M1_Cnt16.o)
 .debug_info    0x00007854      0x28a .\CortexM3\ARM_GCC_493\Debug\CS301_Class.a(QuadDec_M2_Cnt16.o)
 .debug_info    0x00007ade      0x245 .\CortexM3\ARM_GCC_493\Debug\CS301_Class.a(isrRF_RX.o)
 .debug_info    0x00007d23      0x503 .\CortexM3\ARM_GCC_493\Debug\CS301_Class.a(UART.o)
 .debug_info    0x00008226      0x25d .\CortexM3\ARM_GCC_493\Debug\CS301_Class.a(UART_IntClock.o)
 .debug_info    0x00008483       0xd7 .\CortexM3\ARM_GCC_493\Debug\CS301_Class.a(RF_BT_SELECT.o)
 .debug_info    0x0000855a      0x11e .\CortexM3\ARM_GCC_493\Debug\CS301_Class.a(M1_EN.o)
 .debug_info    0x00008678      0x11e .\CortexM3\ARM_GCC_493\Debug\CS301_Class.a(M2_EN.o)
 .debug_info    0x00008796      0x11e .\CortexM3\ARM_GCC_493\Debug\CS301_Class.a(M1_D2.o)
 .debug_info    0x000088b4      0x11e .\CortexM3\ARM_GCC_493\Debug\CS301_Class.a(M2_D2.o)
 .debug_info    0x000089d2      0x11e .\CortexM3\ARM_GCC_493\Debug\CS301_Class.a(LED0.o)
 .debug_info    0x00008af0      0x11e .\CortexM3\ARM_GCC_493\Debug\CS301_Class.a(LED1.o)
 .debug_info    0x00008c0e      0x11e .\CortexM3\ARM_GCC_493\Debug\CS301_Class.a(LED2.o)
 .debug_info    0x00008d2c      0x11e .\CortexM3\ARM_GCC_493\Debug\CS301_Class.a(LED3.o)
 .debug_info    0x00008e4a      0x11e .\CortexM3\ARM_GCC_493\Debug\CS301_Class.a(LED4.o)
 .debug_info    0x00008f68      0x11e .\CortexM3\ARM_GCC_493\Debug\CS301_Class.a(LED5.o)
 .debug_info    0x00009086      0x1bc .\CortexM3\ARM_GCC_493\Debug\CS301_Class.a(USBUART_cls.o)
 .debug_info    0x00009242      0x2cb .\CortexM3\ARM_GCC_493\Debug\CS301_Class.a(USBUART_descr.o)
 .debug_info    0x0000950d      0x36a .\CortexM3\ARM_GCC_493\Debug\CS301_Class.a(CyFlash.o)
 .debug_info    0x00009877      0x453 .\CortexM3\ARM_GCC_493\Debug\CS301_Class.a(CySpc.o)

.debug_abbrev   0x00000000     0x354a
 *(.debug_abbrev)
 .debug_abbrev  0x00000000      0x1bc .\CortexM3\ARM_GCC_493\Debug\main.o
 .debug_abbrev  0x000001bc       0x96 .\CortexM3\ARM_GCC_493\Debug\tacho.o
 .debug_abbrev  0x00000252       0x77 .\CortexM3\ARM_GCC_493\Debug\cymetadata.o
 .debug_abbrev  0x000002c9      0x1a7 .\CortexM3\ARM_GCC_493\Debug\Cm3Start.o
 .debug_abbrev  0x00000470      0x1b7 .\CortexM3\ARM_GCC_493\Debug\CS301_Class.a(cyfitter_cfg.o)
 .debug_abbrev  0x00000627      0x155 .\CortexM3\ARM_GCC_493\Debug\CS301_Class.a(ADC.o)
 .debug_abbrev  0x0000077c       0x42 .\CortexM3\ARM_GCC_493\Debug\CS301_Class.a(ADC_INT.o)
 .debug_abbrev  0x000007be      0x194 .\CortexM3\ARM_GCC_493\Debug\CS301_Class.a(isr_TS.o)
 .debug_abbrev  0x00000952       0xe9 .\CortexM3\ARM_GCC_493\Debug\CS301_Class.a(Timer_TS.o)
 .debug_abbrev  0x00000a3b      0x1f3 .\CortexM3\ARM_GCC_493\Debug\CS301_Class.a(USBUART.o)
 .debug_abbrev  0x00000c2e      0x233 .\CortexM3\ARM_GCC_493\Debug\CS301_Class.a(USBUART_cdc.o)
 .debug_abbrev  0x00000e61      0x161 .\CortexM3\ARM_GCC_493\Debug\CS301_Class.a(USBUART_drv.o)
 .debug_abbrev  0x00000fc2       0xfd .\CortexM3\ARM_GCC_493\Debug\CS301_Class.a(USBUART_episr.o)
 .debug_abbrev  0x000010bf       0xd1 .\CortexM3\ARM_GCC_493\Debug\CS301_Class.a(USBUART_pm.o)
 .debug_abbrev  0x00001190      0x1c2 .\CortexM3\ARM_GCC_493\Debug\CS301_Class.a(USBUART_std.o)
 .debug_abbrev  0x00001352       0xc5 .\CortexM3\ARM_GCC_493\Debug\CS301_Class.a(USBUART_vnd.o)
 .debug_abbrev  0x00001417      0x173 .\CortexM3\ARM_GCC_493\Debug\CS301_Class.a(ADC_SAR.o)
 .debug_abbrev  0x0000158a       0x8b .\CortexM3\ARM_GCC_493\Debug\CS301_Class.a(ADC_TempBuf_dma.o)
 .debug_abbrev  0x00001615       0x8b .\CortexM3\ARM_GCC_493\Debug\CS301_Class.a(ADC_FinalBuf_dma.o)
 .debug_abbrev  0x000016a0      0x172 .\CortexM3\ARM_GCC_493\Debug\CS301_Class.a(ADC_IRQ.o)
 .debug_abbrev  0x00001812       0x90 .\CortexM3\ARM_GCC_493\Debug\CS301_Class.a(USBUART_Dp.o)
 .debug_abbrev  0x000018a2       0x14 .\CortexM3\ARM_GCC_493\Debug\CS301_Class.a(CyBootAsmGnu.o)
 .debug_abbrev  0x000018b6      0x194 .\CortexM3\ARM_GCC_493\Debug\CS301_Class.a(CyDmac.o)
 .debug_abbrev  0x00001a4a      0x217 .\CortexM3\ARM_GCC_493\Debug\CS301_Class.a(CyLib.o)
 .debug_abbrev  0x00001c61      0x161 .\CortexM3\ARM_GCC_493\Debug\CS301_Class.a(cyPm.o)
 .debug_abbrev  0x00001dc2      0x116 .\CortexM3\ARM_GCC_493\Debug\CS301_Class.a(PWM_1.o)
 .debug_abbrev  0x00001ed8      0x19b .\CortexM3\ARM_GCC_493\Debug\CS301_Class.a(isr_eoc.o)
 .debug_abbrev  0x00002073      0x116 .\CortexM3\ARM_GCC_493\Debug\CS301_Class.a(PWM_2.o)
 .debug_abbrev  0x00002189      0x11a .\CortexM3\ARM_GCC_493\Debug\CS301_Class.a(QuadDec_M1.o)
 .debug_abbrev  0x000022a3       0x78 .\CortexM3\ARM_GCC_493\Debug\CS301_Class.a(QuadDec_M1_INT.o)
 .debug_abbrev  0x0000231b      0x11a .\CortexM3\ARM_GCC_493\Debug\CS301_Class.a(QuadDec_M2.o)
 .debug_abbrev  0x00002435       0x78 .\CortexM3\ARM_GCC_493\Debug\CS301_Class.a(QuadDec_M2_INT.o)
 .debug_abbrev  0x000024ad      0x12c .\CortexM3\ARM_GCC_493\Debug\CS301_Class.a(QuadDec_M1_Cnt16.o)
 .debug_abbrev  0x000025d9      0x12c .\CortexM3\ARM_GCC_493\Debug\CS301_Class.a(QuadDec_M2_Cnt16.o)
 .debug_abbrev  0x00002705      0x183 .\CortexM3\ARM_GCC_493\Debug\CS301_Class.a(isrRF_RX.o)
 .debug_abbrev  0x00002888      0x163 .\CortexM3\ARM_GCC_493\Debug\CS301_Class.a(UART.o)
 .debug_abbrev  0x000029eb      0x11d .\CortexM3\ARM_GCC_493\Debug\CS301_Class.a(UART_IntClock.o)
 .debug_abbrev  0x00002b08       0x81 .\CortexM3\ARM_GCC_493\Debug\CS301_Class.a(RF_BT_SELECT.o)
 .debug_abbrev  0x00002b89       0x90 .\CortexM3\ARM_GCC_493\Debug\CS301_Class.a(M1_EN.o)
 .debug_abbrev  0x00002c19       0x90 .\CortexM3\ARM_GCC_493\Debug\CS301_Class.a(M2_EN.o)
 .debug_abbrev  0x00002ca9       0x90 .\CortexM3\ARM_GCC_493\Debug\CS301_Class.a(M1_D2.o)
 .debug_abbrev  0x00002d39       0x90 .\CortexM3\ARM_GCC_493\Debug\CS301_Class.a(M2_D2.o)
 .debug_abbrev  0x00002dc9       0x90 .\CortexM3\ARM_GCC_493\Debug\CS301_Class.a(LED0.o)
 .debug_abbrev  0x00002e59       0x90 .\CortexM3\ARM_GCC_493\Debug\CS301_Class.a(LED1.o)
 .debug_abbrev  0x00002ee9       0x90 .\CortexM3\ARM_GCC_493\Debug\CS301_Class.a(LED2.o)
 .debug_abbrev  0x00002f79       0x90 .\CortexM3\ARM_GCC_493\Debug\CS301_Class.a(LED3.o)
 .debug_abbrev  0x00003009       0x90 .\CortexM3\ARM_GCC_493\Debug\CS301_Class.a(LED4.o)
 .debug_abbrev  0x00003099       0x90 .\CortexM3\ARM_GCC_493\Debug\CS301_Class.a(LED5.o)
 .debug_abbrev  0x00003129       0xc5 .\CortexM3\ARM_GCC_493\Debug\CS301_Class.a(USBUART_cls.o)
 .debug_abbrev  0x000031ee       0xb4 .\CortexM3\ARM_GCC_493\Debug\CS301_Class.a(USBUART_descr.o)
 .debug_abbrev  0x000032a2      0x13c .\CortexM3\ARM_GCC_493\Debug\CS301_Class.a(CyFlash.o)
 .debug_abbrev  0x000033de      0x16c .\CortexM3\ARM_GCC_493\Debug\CS301_Class.a(CySpc.o)

.debug_line     0x00000000     0x527d
 *(.debug_line)
 .debug_line    0x00000000      0x79e .\CortexM3\ARM_GCC_493\Debug\main.o
 .debug_line    0x0000079e      0x180 .\CortexM3\ARM_GCC_493\Debug\tacho.o
 .debug_line    0x0000091e       0x53 .\CortexM3\ARM_GCC_493\Debug\cymetadata.o
 .debug_line    0x00000971      0x1d5 .\CortexM3\ARM_GCC_493\Debug\Cm3Start.o
 .debug_line    0x00000b46      0x237 .\CortexM3\ARM_GCC_493\Debug\CS301_Class.a(cyfitter_cfg.o)
 .debug_line    0x00000d7d      0x1c1 .\CortexM3\ARM_GCC_493\Debug\CS301_Class.a(ADC.o)
 .debug_line    0x00000f3e       0x55 .\CortexM3\ARM_GCC_493\Debug\CS301_Class.a(ADC_INT.o)
 .debug_line    0x00000f93      0x16b .\CortexM3\ARM_GCC_493\Debug\CS301_Class.a(isr_TS.o)
 .debug_line    0x000010fe      0x162 .\CortexM3\ARM_GCC_493\Debug\CS301_Class.a(Timer_TS.o)
 .debug_line    0x00001260      0x304 .\CortexM3\ARM_GCC_493\Debug\CS301_Class.a(USBUART.o)
 .debug_line    0x00001564      0x30e .\CortexM3\ARM_GCC_493\Debug\CS301_Class.a(USBUART_cdc.o)
 .debug_line    0x00001872      0x21c .\CortexM3\ARM_GCC_493\Debug\CS301_Class.a(USBUART_drv.o)
 .debug_line    0x00001a8e       0xf4 .\CortexM3\ARM_GCC_493\Debug\CS301_Class.a(USBUART_episr.o)
 .debug_line    0x00001b82       0xe8 .\CortexM3\ARM_GCC_493\Debug\CS301_Class.a(USBUART_pm.o)
 .debug_line    0x00001c6a      0x458 .\CortexM3\ARM_GCC_493\Debug\CS301_Class.a(USBUART_std.o)
 .debug_line    0x000020c2       0x91 .\CortexM3\ARM_GCC_493\Debug\CS301_Class.a(USBUART_vnd.o)
 .debug_line    0x00002153      0x209 .\CortexM3\ARM_GCC_493\Debug\CS301_Class.a(ADC_SAR.o)
 .debug_line    0x0000235c       0x97 .\CortexM3\ARM_GCC_493\Debug\CS301_Class.a(ADC_TempBuf_dma.o)
 .debug_line    0x000023f3       0x98 .\CortexM3\ARM_GCC_493\Debug\CS301_Class.a(ADC_FinalBuf_dma.o)
 .debug_line    0x0000248b      0x15b .\CortexM3\ARM_GCC_493\Debug\CS301_Class.a(ADC_IRQ.o)
 .debug_line    0x000025e6       0xc0 .\CortexM3\ARM_GCC_493\Debug\CS301_Class.a(USBUART_Dp.o)
 .debug_line    0x000026a6       0x68 .\CortexM3\ARM_GCC_493\Debug\CS301_Class.a(CyBootAsmGnu.o)
 .debug_line    0x0000270e      0x2b7 .\CortexM3\ARM_GCC_493\Debug\CS301_Class.a(CyDmac.o)
 .debug_line    0x000029c5      0x872 .\CortexM3\ARM_GCC_493\Debug\CS301_Class.a(CyLib.o)
 .debug_line    0x00003237      0x381 .\CortexM3\ARM_GCC_493\Debug\CS301_Class.a(cyPm.o)
 .debug_line    0x000035b8      0x142 .\CortexM3\ARM_GCC_493\Debug\CS301_Class.a(PWM_1.o)
 .debug_line    0x000036fa      0x278 .\CortexM3\ARM_GCC_493\Debug\CS301_Class.a(isr_eoc.o)
 .debug_line    0x00003972      0x142 .\CortexM3\ARM_GCC_493\Debug\CS301_Class.a(PWM_2.o)
 .debug_line    0x00003ab4      0x128 .\CortexM3\ARM_GCC_493\Debug\CS301_Class.a(QuadDec_M1.o)
 .debug_line    0x00003bdc       0x72 .\CortexM3\ARM_GCC_493\Debug\CS301_Class.a(QuadDec_M1_INT.o)
 .debug_line    0x00003c4e      0x128 .\CortexM3\ARM_GCC_493\Debug\CS301_Class.a(QuadDec_M2.o)
 .debug_line    0x00003d76       0x72 .\CortexM3\ARM_GCC_493\Debug\CS301_Class.a(QuadDec_M2_INT.o)
 .debug_line    0x00003de8      0x190 .\CortexM3\ARM_GCC_493\Debug\CS301_Class.a(QuadDec_M1_Cnt16.o)
 .debug_line    0x00003f78      0x190 .\CortexM3\ARM_GCC_493\Debug\CS301_Class.a(QuadDec_M2_Cnt16.o)
 .debug_line    0x00004108      0x16b .\CortexM3\ARM_GCC_493\Debug\CS301_Class.a(isrRF_RX.o)
 .debug_line    0x00004273      0x2e4 .\CortexM3\ARM_GCC_493\Debug\CS301_Class.a(UART.o)
 .debug_line    0x00004557      0x1c1 .\CortexM3\ARM_GCC_493\Debug\CS301_Class.a(UART_IntClock.o)
 .debug_line    0x00004718       0x77 .\CortexM3\ARM_GCC_493\Debug\CS301_Class.a(RF_BT_SELECT.o)
 .debug_line    0x0000478f       0x96 .\CortexM3\ARM_GCC_493\Debug\CS301_Class.a(M1_EN.o)
 .debug_line    0x00004825       0x96 .\CortexM3\ARM_GCC_493\Debug\CS301_Class.a(M2_EN.o)
 .debug_line    0x000048bb       0x96 .\CortexM3\ARM_GCC_493\Debug\CS301_Class.a(M1_D2.o)
 .debug_line    0x00004951       0x96 .\CortexM3\ARM_GCC_493\Debug\CS301_Class.a(M2_D2.o)
 .debug_line    0x000049e7       0x95 .\CortexM3\ARM_GCC_493\Debug\CS301_Class.a(LED0.o)
 .debug_line    0x00004a7c       0x95 .\CortexM3\ARM_GCC_493\Debug\CS301_Class.a(LED1.o)
 .debug_line    0x00004b11       0x95 .\CortexM3\ARM_GCC_493\Debug\CS301_Class.a(LED2.o)
 .debug_line    0x00004ba6       0x95 .\CortexM3\ARM_GCC_493\Debug\CS301_Class.a(LED3.o)
 .debug_line    0x00004c3b       0x95 .\CortexM3\ARM_GCC_493\Debug\CS301_Class.a(LED4.o)
 .debug_line    0x00004cd0       0x95 .\CortexM3\ARM_GCC_493\Debug\CS301_Class.a(LED5.o)
 .debug_line    0x00004d65       0x97 .\CortexM3\ARM_GCC_493\Debug\CS301_Class.a(USBUART_cls.o)
 .debug_line    0x00004dfc       0x63 .\CortexM3\ARM_GCC_493\Debug\CS301_Class.a(USBUART_descr.o)
 .debug_line    0x00004e5f      0x207 .\CortexM3\ARM_GCC_493\Debug\CS301_Class.a(CyFlash.o)
 .debug_line    0x00005066      0x217 .\CortexM3\ARM_GCC_493\Debug\CS301_Class.a(CySpc.o)

.debug_frame    0x00000000     0x5500
 *(.debug_frame)
 .debug_frame   0x00000000      0x39c .\CortexM3\ARM_GCC_493\Debug\main.o
 .debug_frame   0x0000039c       0x60 .\CortexM3\ARM_GCC_493\Debug\tacho.o
 .debug_frame   0x000003fc       0xd8 .\CortexM3\ARM_GCC_493\Debug\Cm3Start.o
 .debug_frame   0x000004d4      0x16c .\CortexM3\ARM_GCC_493\Debug\CS301_Class.a(cyfitter_cfg.o)
 .debug_frame   0x00000640      0x264 .\CortexM3\ARM_GCC_493\Debug\CS301_Class.a(ADC.o)
 .debug_frame   0x000008a4       0x34 .\CortexM3\ARM_GCC_493\Debug\CS301_Class.a(ADC_INT.o)
 .debug_frame   0x000008d8      0x1e8 .\CortexM3\ARM_GCC_493\Debug\CS301_Class.a(isr_TS.o)
 .debug_frame   0x00000ac0      0x208 .\CortexM3\ARM_GCC_493\Debug\CS301_Class.a(Timer_TS.o)
 .debug_frame   0x00000cc8      0x37c .\CortexM3\ARM_GCC_493\Debug\CS301_Class.a(USBUART.o)
 .debug_frame   0x00001044      0x3ec .\CortexM3\ARM_GCC_493\Debug\CS301_Class.a(USBUART_cdc.o)
 .debug_frame   0x00001430      0x23c .\CortexM3\ARM_GCC_493\Debug\CS301_Class.a(USBUART_drv.o)
 .debug_frame   0x0000166c       0xbc .\CortexM3\ARM_GCC_493\Debug\CS301_Class.a(USBUART_episr.o)
 .debug_frame   0x00001728       0xbc .\CortexM3\ARM_GCC_493\Debug\CS301_Class.a(USBUART_pm.o)
 .debug_frame   0x000017e4      0x224 .\CortexM3\ARM_GCC_493\Debug\CS301_Class.a(USBUART_std.o)
 .debug_frame   0x00001a08       0x38 .\CortexM3\ARM_GCC_493\Debug\CS301_Class.a(USBUART_vnd.o)
 .debug_frame   0x00001a40      0x2c0 .\CortexM3\ARM_GCC_493\Debug\CS301_Class.a(ADC_SAR.o)
 .debug_frame   0x00001d00       0x58 .\CortexM3\ARM_GCC_493\Debug\CS301_Class.a(ADC_TempBuf_dma.o)
 .debug_frame   0x00001d58       0x58 .\CortexM3\ARM_GCC_493\Debug\CS301_Class.a(ADC_FinalBuf_dma.o)
 .debug_frame   0x00001db0      0x1e8 .\CortexM3\ARM_GCC_493\Debug\CS301_Class.a(ADC_IRQ.o)
 .debug_frame   0x00001f98       0xf4 .\CortexM3\ARM_GCC_493\Debug\CS301_Class.a(USBUART_Dp.o)
 .debug_frame   0x0000208c      0x3d0 .\CortexM3\ARM_GCC_493\Debug\CS301_Class.a(CyDmac.o)
 .debug_frame   0x0000245c      0xbe8 .\CortexM3\ARM_GCC_493\Debug\CS301_Class.a(CyLib.o)
 .debug_frame   0x00003044      0x234 .\CortexM3\ARM_GCC_493\Debug\CS301_Class.a(cyPm.o)
 .debug_frame   0x00003278      0x1d0 .\CortexM3\ARM_GCC_493\Debug\CS301_Class.a(PWM_1.o)
 .debug_frame   0x00003448      0x1e0 .\CortexM3\ARM_GCC_493\Debug\CS301_Class.a(isr_eoc.o)
 .debug_frame   0x00003628      0x1d0 .\CortexM3\ARM_GCC_493\Debug\CS301_Class.a(PWM_2.o)
 .debug_frame   0x000037f8      0x158 .\CortexM3\ARM_GCC_493\Debug\CS301_Class.a(QuadDec_M1.o)
 .debug_frame   0x00003950       0x38 .\CortexM3\ARM_GCC_493\Debug\CS301_Class.a(QuadDec_M1_INT.o)
 .debug_frame   0x00003988      0x158 .\CortexM3\ARM_GCC_493\Debug\CS301_Class.a(QuadDec_M2.o)
 .debug_frame   0x00003ae0       0x38 .\CortexM3\ARM_GCC_493\Debug\CS301_Class.a(QuadDec_M2_INT.o)
 .debug_frame   0x00003b18      0x258 .\CortexM3\ARM_GCC_493\Debug\CS301_Class.a(QuadDec_M1_Cnt16.o)
 .debug_frame   0x00003d70      0x258 .\CortexM3\ARM_GCC_493\Debug\CS301_Class.a(QuadDec_M2_Cnt16.o)
 .debug_frame   0x00003fc8      0x1e8 .\CortexM3\ARM_GCC_493\Debug\CS301_Class.a(isrRF_RX.o)
 .debug_frame   0x000041b0      0x42c .\CortexM3\ARM_GCC_493\Debug\CS301_Class.a(UART.o)
 .debug_frame   0x000045dc      0x1b4 .\CortexM3\ARM_GCC_493\Debug\CS301_Class.a(UART_IntClock.o)
 .debug_frame   0x00004790       0x5c .\CortexM3\ARM_GCC_493\Debug\CS301_Class.a(RF_BT_SELECT.o)
 .debug_frame   0x000047ec       0xa8 .\CortexM3\ARM_GCC_493\Debug\CS301_Class.a(M1_EN.o)
 .debug_frame   0x00004894       0xa8 .\CortexM3\ARM_GCC_493\Debug\CS301_Class.a(M2_EN.o)
 .debug_frame   0x0000493c       0xa8 .\CortexM3\ARM_GCC_493\Debug\CS301_Class.a(M1_D2.o)
 .debug_frame   0x000049e4       0xa8 .\CortexM3\ARM_GCC_493\Debug\CS301_Class.a(M2_D2.o)
 .debug_frame   0x00004a8c       0xa8 .\CortexM3\ARM_GCC_493\Debug\CS301_Class.a(LED0.o)
 .debug_frame   0x00004b34       0xa8 .\CortexM3\ARM_GCC_493\Debug\CS301_Class.a(LED1.o)
 .debug_frame   0x00004bdc       0xa8 .\CortexM3\ARM_GCC_493\Debug\CS301_Class.a(LED2.o)
 .debug_frame   0x00004c84       0xa8 .\CortexM3\ARM_GCC_493\Debug\CS301_Class.a(LED3.o)
 .debug_frame   0x00004d2c       0xa8 .\CortexM3\ARM_GCC_493\Debug\CS301_Class.a(LED4.o)
 .debug_frame   0x00004dd4       0xa8 .\CortexM3\ARM_GCC_493\Debug\CS301_Class.a(LED5.o)
 .debug_frame   0x00004e7c       0x38 .\CortexM3\ARM_GCC_493\Debug\CS301_Class.a(USBUART_cls.o)
 .debug_frame   0x00004eb4      0x210 .\CortexM3\ARM_GCC_493\Debug\CS301_Class.a(CyFlash.o)
 .debug_frame   0x000050c4      0x1f8 .\CortexM3\ARM_GCC_493\Debug\CS301_Class.a(CySpc.o)
 .debug_frame   0x000052bc       0x28 c:/program files (x86)/cypress/psoc creator/3.3/psoc creator/import/gnu/arm/4.9.3/bin/../lib/gcc/arm-none-eabi/4.9.3/armv7-m\libgcc.a(_aeabi_ldivmod.o)
 .debug_frame   0x000052e4       0x54 c:/program files (x86)/cypress/psoc creator/3.3/psoc creator/import/gnu/arm/4.9.3/bin/../lib/gcc/arm-none-eabi/4.9.3/armv7-m\libgcc.a(bpabi.o)
 .debug_frame   0x00005338       0x34 c:/program files (x86)/cypress/psoc creator/3.3/psoc creator/import/gnu/arm/4.9.3/bin/../lib/gcc/arm-none-eabi/4.9.3/armv7-m\libgcc.a(_divdi3.o)
 .debug_frame   0x0000536c       0x34 c:/program files (x86)/cypress/psoc creator/3.3/psoc creator/import/gnu/arm/4.9.3/bin/../lib/gcc/arm-none-eabi/4.9.3/armv7-m\libgcc.a(_udivdi3.o)
 .debug_frame   0x000053a0       0x30 c:/program files (x86)/cypress/psoc creator/3.3/psoc creator/import/gnu/arm/4.9.3/bin/../lib/gcc/arm-none-eabi/4.9.3/../../../../arm-none-eabi/lib/armv7-m\libg_nano.a(lib_a-atoi.o)
 .debug_frame   0x000053d0       0x20 c:/program files (x86)/cypress/psoc creator/3.3/psoc creator/import/gnu/arm/4.9.3/bin/../lib/gcc/arm-none-eabi/4.9.3/../../../../arm-none-eabi/lib/armv7-m\libg_nano.a(lib_a-errno.o)
 .debug_frame   0x000053f0       0x28 c:/program files (x86)/cypress/psoc creator/3.3/psoc creator/import/gnu/arm/4.9.3/bin/../lib/gcc/arm-none-eabi/4.9.3/../../../../arm-none-eabi/lib/armv7-m\libg_nano.a(lib_a-exit.o)
 .debug_frame   0x00005418       0x2c c:/program files (x86)/cypress/psoc creator/3.3/psoc creator/import/gnu/arm/4.9.3/bin/../lib/gcc/arm-none-eabi/4.9.3/../../../../arm-none-eabi/lib/armv7-m\libg_nano.a(lib_a-init.o)
 .debug_frame   0x00005444       0x28 c:/program files (x86)/cypress/psoc creator/3.3/psoc creator/import/gnu/arm/4.9.3/bin/../lib/gcc/arm-none-eabi/4.9.3/../../../../arm-none-eabi/lib/armv7-m\libg_nano.a(lib_a-memcpy.o)
 .debug_frame   0x0000546c       0x20 c:/program files (x86)/cypress/psoc creator/3.3/psoc creator/import/gnu/arm/4.9.3/bin/../lib/gcc/arm-none-eabi/4.9.3/../../../../arm-none-eabi/lib/armv7-m\libg_nano.a(lib_a-memset.o)
 .debug_frame   0x0000548c       0x20 c:/program files (x86)/cypress/psoc creator/3.3/psoc creator/import/gnu/arm/4.9.3/bin/../lib/gcc/arm-none-eabi/4.9.3/../../../../arm-none-eabi/lib/armv7-m\libg_nano.a(lib_a-strcpy.o)
 .debug_frame   0x000054ac       0x54 c:/program files (x86)/cypress/psoc creator/3.3/psoc creator/import/gnu/arm/4.9.3/bin/../lib/gcc/arm-none-eabi/4.9.3/../../../../arm-none-eabi/lib/armv7-m\libg_nano.a(lib_a-strtol.o)

.debug_str      0x00000000     0x498f
 *(.debug_str)
 .debug_str     0x00000000      0x6a6 .\CortexM3\ARM_GCC_493\Debug\main.o
                                0x767 (size before relaxing)
 .debug_str     0x000006a6       0x88 .\CortexM3\ARM_GCC_493\Debug\tacho.o
                                0x1da (size before relaxing)
 .debug_str     0x0000072e       0xd3 .\CortexM3\ARM_GCC_493\Debug\cymetadata.o
                                0x206 (size before relaxing)
 .debug_str     0x00000801      0x139 .\CortexM3\ARM_GCC_493\Debug\Cm3Start.o
                                0x2e7 (size before relaxing)
 .debug_str     0x0000093a      0x17f .\CortexM3\ARM_GCC_493\Debug\CS301_Class.a(cyfitter_cfg.o)
                                0x348 (size before relaxing)
 .debug_str     0x00000ab9      0x1cd .\CortexM3\ARM_GCC_493\Debug\CS301_Class.a(ADC.o)
                                0x38f (size before relaxing)
 .debug_str     0x00000c86       0x2b .\CortexM3\ARM_GCC_493\Debug\CS301_Class.a(ADC_INT.o)
                                0x1b4 (size before relaxing)
 .debug_str     0x00000cb1      0x151 .\CortexM3\ARM_GCC_493\Debug\CS301_Class.a(isr_TS.o)
                                0x2be (size before relaxing)
 .debug_str     0x00000e02      0x18c .\CortexM3\ARM_GCC_493\Debug\CS301_Class.a(Timer_TS.o)
                                0x31c (size before relaxing)
 .debug_str     0x00000f8e      0x425 .\CortexM3\ARM_GCC_493\Debug\CS301_Class.a(USBUART.o)
                                0x5fb (size before relaxing)
 .debug_str     0x000013b3      0x4d4 .\CortexM3\ARM_GCC_493\Debug\CS301_Class.a(USBUART_cdc.o)
                                0x72a (size before relaxing)
 .debug_str     0x00001887      0x298 .\CortexM3\ARM_GCC_493\Debug\CS301_Class.a(USBUART_drv.o)
                                0x60a (size before relaxing)
 .debug_str     0x00001b1f       0x82 .\CortexM3\ARM_GCC_493\Debug\CS301_Class.a(USBUART_episr.o)
                                0x2d7 (size before relaxing)
 .debug_str     0x00001ba1       0xae .\CortexM3\ARM_GCC_493\Debug\CS301_Class.a(USBUART_pm.o)
                                0x27b (size before relaxing)
 .debug_str     0x00001c4f      0x2bd .\CortexM3\ARM_GCC_493\Debug\CS301_Class.a(USBUART_std.o)
                                0x76a (size before relaxing)
 .debug_str     0x00001f0c       0x61 .\CortexM3\ARM_GCC_493\Debug\CS301_Class.a(USBUART_vnd.o)
                                0x287 (size before relaxing)
 .debug_str     0x00001f6d      0x1e6 .\CortexM3\ARM_GCC_493\Debug\CS301_Class.a(ADC_SAR.o)
                                0x410 (size before relaxing)
 .debug_str     0x00002153       0xad .\CortexM3\ARM_GCC_493\Debug\CS301_Class.a(ADC_TempBuf_dma.o)
                                0x243 (size before relaxing)
 .debug_str     0x00002200       0x76 .\CortexM3\ARM_GCC_493\Debug\CS301_Class.a(ADC_FinalBuf_dma.o)
                                0x247 (size before relaxing)
 .debug_str     0x00002276      0x104 .\CortexM3\ARM_GCC_493\Debug\CS301_Class.a(ADC_IRQ.o)
                                0x2d2 (size before relaxing)
 .debug_str     0x0000237a       0xb7 .\CortexM3\ARM_GCC_493\Debug\CS301_Class.a(USBUART_Dp.o)
                                0x25d (size before relaxing)
 .debug_str     0x00002431      0x342 .\CortexM3\ARM_GCC_493\Debug\CS301_Class.a(CyDmac.o)
                                0x52d (size before relaxing)
 .debug_str     0x00002773      0x7ab .\CortexM3\ARM_GCC_493\Debug\CS301_Class.a(CyLib.o)
                                0x9e2 (size before relaxing)
 .debug_str     0x00002f1e      0x367 .\CortexM3\ARM_GCC_493\Debug\CS301_Class.a(cyPm.o)
                                0x547 (size before relaxing)
 .debug_str     0x00003285      0x15b .\CortexM3\ARM_GCC_493\Debug\CS301_Class.a(PWM_1.o)
                                0x2c4 (size before relaxing)
 .debug_str     0x000033e0      0x104 .\CortexM3\ARM_GCC_493\Debug\CS301_Class.a(isr_eoc.o)
                                0x303 (size before relaxing)
 .debug_str     0x000034e4      0x10b .\CortexM3\ARM_GCC_493\Debug\CS301_Class.a(PWM_2.o)
                                0x2c4 (size before relaxing)
 .debug_str     0x000035ef      0x11f .\CortexM3\ARM_GCC_493\Debug\CS301_Class.a(QuadDec_M1.o)
                                0x2f5 (size before relaxing)
 .debug_str     0x0000370e       0x4d .\CortexM3\ARM_GCC_493\Debug\CS301_Class.a(QuadDec_M1_INT.o)
                                0x202 (size before relaxing)
 .debug_str     0x0000375b      0x110 .\CortexM3\ARM_GCC_493\Debug\CS301_Class.a(QuadDec_M2.o)
                                0x2f5 (size before relaxing)
 .debug_str     0x0000386b       0x4d .\CortexM3\ARM_GCC_493\Debug\CS301_Class.a(QuadDec_M2_INT.o)
                                0x202 (size before relaxing)
 .debug_str     0x000038b8      0x247 .\CortexM3\ARM_GCC_493\Debug\CS301_Class.a(QuadDec_M1_Cnt16.o)
                                0x40c (size before relaxing)
 .debug_str     0x00003aff      0x238 .\CortexM3\ARM_GCC_493\Debug\CS301_Class.a(QuadDec_M2_Cnt16.o)
                                0x40c (size before relaxing)
 .debug_str     0x00003d37      0x155 .\CortexM3\ARM_GCC_493\Debug\CS301_Class.a(isrRF_RX.o)
                                0x2cf (size before relaxing)
 .debug_str     0x00003e8c      0x1d7 .\CortexM3\ARM_GCC_493\Debug\CS301_Class.a(UART.o)
                                0x431 (size before relaxing)
 .debug_str     0x00004063      0x1ac .\CortexM3\ARM_GCC_493\Debug\CS301_Class.a(UART_IntClock.o)
                                0x352 (size before relaxing)
 .debug_str     0x0000420f       0x4d .\CortexM3\ARM_GCC_493\Debug\CS301_Class.a(RF_BT_SELECT.o)
                                0x1e0 (size before relaxing)
 .debug_str     0x0000425c       0x5d .\CortexM3\ARM_GCC_493\Debug\CS301_Class.a(M1_EN.o)
                                0x1fe (size before relaxing)
 .debug_str     0x000042b9       0x5d .\CortexM3\ARM_GCC_493\Debug\CS301_Class.a(M2_EN.o)
                                0x1fe (size before relaxing)
 .debug_str     0x00004316       0x5d .\CortexM3\ARM_GCC_493\Debug\CS301_Class.a(M1_D2.o)
                                0x1fe (size before relaxing)
 .debug_str     0x00004373       0x5d .\CortexM3\ARM_GCC_493\Debug\CS301_Class.a(M2_D2.o)
                                0x1fe (size before relaxing)
 .debug_str     0x000043d0       0x58 .\CortexM3\ARM_GCC_493\Debug\CS301_Class.a(LED0.o)
                                0x1f9 (size before relaxing)
 .debug_str     0x00004428       0x58 .\CortexM3\ARM_GCC_493\Debug\CS301_Class.a(LED1.o)
                                0x1f9 (size before relaxing)
 .debug_str     0x00004480       0x58 .\CortexM3\ARM_GCC_493\Debug\CS301_Class.a(LED2.o)
                                0x1f9 (size before relaxing)
 .debug_str     0x000044d8       0x58 .\CortexM3\ARM_GCC_493\Debug\CS301_Class.a(LED3.o)
                                0x1f9 (size before relaxing)
 .debug_str     0x00004530       0x58 .\CortexM3\ARM_GCC_493\Debug\CS301_Class.a(LED4.o)
                                0x1f9 (size before relaxing)
 .debug_str     0x00004588       0x58 .\CortexM3\ARM_GCC_493\Debug\CS301_Class.a(LED5.o)
                                0x1f9 (size before relaxing)
 .debug_str     0x000045e0       0x41 .\CortexM3\ARM_GCC_493\Debug\CS301_Class.a(USBUART_cls.o)
                                0x29f (size before relaxing)
 .debug_str     0x00004621      0x106 .\CortexM3\ARM_GCC_493\Debug\CS301_Class.a(USBUART_descr.o)
                                0x3a2 (size before relaxing)
 .debug_str     0x00004727      0x147 .\CortexM3\ARM_GCC_493\Debug\CS301_Class.a(CyFlash.o)
                                0x306 (size before relaxing)
 .debug_str     0x0000486e      0x121 .\CortexM3\ARM_GCC_493\Debug\CS301_Class.a(CySpc.o)
                                0x303 (size before relaxing)

.debug_loc
 *(.debug_loc)

.debug_macinfo
 *(.debug_macinfo)

.debug_ranges   0x00000000     0x12a8
 *(.debug_ranges)
 .debug_ranges  0x00000000       0xf0 .\CortexM3\ARM_GCC_493\Debug\main.o
 .debug_ranges  0x000000f0       0x18 .\CortexM3\ARM_GCC_493\Debug\tacho.o
 .debug_ranges  0x00000108       0x38 .\CortexM3\ARM_GCC_493\Debug\Cm3Start.o
 .debug_ranges  0x00000140       0x50 .\CortexM3\ARM_GCC_493\Debug\CS301_Class.a(cyfitter_cfg.o)
 .debug_ranges  0x00000190       0x90 .\CortexM3\ARM_GCC_493\Debug\CS301_Class.a(ADC.o)
 .debug_ranges  0x00000220       0x10 .\CortexM3\ARM_GCC_493\Debug\CS301_Class.a(ADC_INT.o)
 .debug_ranges  0x00000230       0x70 .\CortexM3\ARM_GCC_493\Debug\CS301_Class.a(isr_TS.o)
 .debug_ranges  0x000002a0       0x78 .\CortexM3\ARM_GCC_493\Debug\CS301_Class.a(Timer_TS.o)
 .debug_ranges  0x00000318       0xb8 .\CortexM3\ARM_GCC_493\Debug\CS301_Class.a(USBUART.o)
 .debug_ranges  0x000003d0       0xd8 .\CortexM3\ARM_GCC_493\Debug\CS301_Class.a(USBUART_cdc.o)
 .debug_ranges  0x000004a8       0x88 .\CortexM3\ARM_GCC_493\Debug\CS301_Class.a(USBUART_drv.o)
 .debug_ranges  0x00000530       0x30 .\CortexM3\ARM_GCC_493\Debug\CS301_Class.a(USBUART_episr.o)
 .debug_ranges  0x00000560       0x30 .\CortexM3\ARM_GCC_493\Debug\CS301_Class.a(USBUART_pm.o)
 .debug_ranges  0x00000590       0x70 .\CortexM3\ARM_GCC_493\Debug\CS301_Class.a(USBUART_std.o)
 .debug_ranges  0x00000600       0x10 .\CortexM3\ARM_GCC_493\Debug\CS301_Class.a(USBUART_vnd.o)
 .debug_ranges  0x00000610       0x98 .\CortexM3\ARM_GCC_493\Debug\CS301_Class.a(ADC_SAR.o)
 .debug_ranges  0x000006a8       0x18 .\CortexM3\ARM_GCC_493\Debug\CS301_Class.a(ADC_TempBuf_dma.o)
 .debug_ranges  0x000006c0       0x18 .\CortexM3\ARM_GCC_493\Debug\CS301_Class.a(ADC_FinalBuf_dma.o)
 .debug_ranges  0x000006d8       0x70 .\CortexM3\ARM_GCC_493\Debug\CS301_Class.a(ADC_IRQ.o)
 .debug_ranges  0x00000748       0x38 .\CortexM3\ARM_GCC_493\Debug\CS301_Class.a(USBUART_Dp.o)
 .debug_ranges  0x00000780       0xc8 .\CortexM3\ARM_GCC_493\Debug\CS301_Class.a(CyDmac.o)
 .debug_ranges  0x00000848      0x288 .\CortexM3\ARM_GCC_493\Debug\CS301_Class.a(CyLib.o)
 .debug_ranges  0x00000ad0       0x88 .\CortexM3\ARM_GCC_493\Debug\CS301_Class.a(cyPm.o)
 .debug_ranges  0x00000b58       0x68 .\CortexM3\ARM_GCC_493\Debug\CS301_Class.a(PWM_1.o)
 .debug_ranges  0x00000bc0       0x70 .\CortexM3\ARM_GCC_493\Debug\CS301_Class.a(isr_eoc.o)
 .debug_ranges  0x00000c30       0x68 .\CortexM3\ARM_GCC_493\Debug\CS301_Class.a(PWM_2.o)
 .debug_ranges  0x00000c98       0x50 .\CortexM3\ARM_GCC_493\Debug\CS301_Class.a(QuadDec_M1.o)
 .debug_ranges  0x00000ce8       0x10 .\CortexM3\ARM_GCC_493\Debug\CS301_Class.a(QuadDec_M1_INT.o)
 .debug_ranges  0x00000cf8       0x50 .\CortexM3\ARM_GCC_493\Debug\CS301_Class.a(QuadDec_M2.o)
 .debug_ranges  0x00000d48       0x10 .\CortexM3\ARM_GCC_493\Debug\CS301_Class.a(QuadDec_M2_INT.o)
 .debug_ranges  0x00000d58       0x88 .\CortexM3\ARM_GCC_493\Debug\CS301_Class.a(QuadDec_M1_Cnt16.o)