ARM GAS  C:\Users\patel\AppData\Local\Temp\cctFFzTN.s 			page 1


   1              		.syntax unified
   2              		.cpu cortex-m3
   3              		.fpu softvfp
   4              		.eabi_attribute 20, 1
   5              		.eabi_attribute 21, 1
   6              		.eabi_attribute 23, 3
   7              		.eabi_attribute 24, 1
   8              		.eabi_attribute 25, 1
   9              		.eabi_attribute 26, 1
  10              		.eabi_attribute 30, 6
  11              		.eabi_attribute 34, 1
  12              		.eabi_attribute 18, 4
  13              		.thumb
  14              		.file	"isr_TS.c"
  15              		.text
  16              	.Ltext0:
  17              		.cfi_sections	.debug_frame
  18              		.section	.text.isr_TS_Start,"ax",%progbits
  19              		.align	2
  20              		.global	isr_TS_Start
  21              		.thumb
  22              		.thumb_func
  23              		.type	isr_TS_Start, %function
  24              	isr_TS_Start:
  25              	.LFB0:
  26              		.file 1 ".\\Generated_Source\\PSoC5\\isr_TS.c"
   1:.\Generated_Source\PSoC5/isr_TS.c **** /*******************************************************************************
   2:.\Generated_Source\PSoC5/isr_TS.c **** * File Name: isr_TS.c  
   3:.\Generated_Source\PSoC5/isr_TS.c **** * Version 1.70
   4:.\Generated_Source\PSoC5/isr_TS.c **** *
   5:.\Generated_Source\PSoC5/isr_TS.c **** *  Description:
   6:.\Generated_Source\PSoC5/isr_TS.c **** *   API for controlling the state of an interrupt.
   7:.\Generated_Source\PSoC5/isr_TS.c **** *
   8:.\Generated_Source\PSoC5/isr_TS.c **** *
   9:.\Generated_Source\PSoC5/isr_TS.c **** *  Note:
  10:.\Generated_Source\PSoC5/isr_TS.c **** *
  11:.\Generated_Source\PSoC5/isr_TS.c **** ********************************************************************************
  12:.\Generated_Source\PSoC5/isr_TS.c **** * Copyright 2008-2015, Cypress Semiconductor Corporation.  All rights reserved.
  13:.\Generated_Source\PSoC5/isr_TS.c **** * You may use this file only in accordance with the license, terms, conditions, 
  14:.\Generated_Source\PSoC5/isr_TS.c **** * disclaimers, and limitations in the end user license agreement accompanying 
  15:.\Generated_Source\PSoC5/isr_TS.c **** * the software package with which this file was provided.
  16:.\Generated_Source\PSoC5/isr_TS.c **** *******************************************************************************/
  17:.\Generated_Source\PSoC5/isr_TS.c **** 
  18:.\Generated_Source\PSoC5/isr_TS.c **** 
  19:.\Generated_Source\PSoC5/isr_TS.c **** #include <cydevice_trm.h>
  20:.\Generated_Source\PSoC5/isr_TS.c **** #include <CyLib.h>
  21:.\Generated_Source\PSoC5/isr_TS.c **** #include <isr_TS.h>
  22:.\Generated_Source\PSoC5/isr_TS.c **** 
  23:.\Generated_Source\PSoC5/isr_TS.c **** 
  24:.\Generated_Source\PSoC5/isr_TS.c **** #if !defined(isr_TS__REMOVED) /* Check for removal by optimization */
  25:.\Generated_Source\PSoC5/isr_TS.c **** 
  26:.\Generated_Source\PSoC5/isr_TS.c **** /*******************************************************************************
  27:.\Generated_Source\PSoC5/isr_TS.c **** *  Place your includes, defines and code here 
  28:.\Generated_Source\PSoC5/isr_TS.c **** ********************************************************************************/
  29:.\Generated_Source\PSoC5/isr_TS.c **** /* `#START isr_TS_intc` */
  30:.\Generated_Source\PSoC5/isr_TS.c **** extern uint8 ts;
  31:.\Generated_Source\PSoC5/isr_TS.c ****     
ARM GAS  C:\Users\patel\AppData\Local\Temp\cctFFzTN.s 			page 2


  32:.\Generated_Source\PSoC5/isr_TS.c **** extern uint8 timerOverflow_flag;
  33:.\Generated_Source\PSoC5/isr_TS.c ****     
  34:.\Generated_Source\PSoC5/isr_TS.c **** /* `#END` */
  35:.\Generated_Source\PSoC5/isr_TS.c **** 
  36:.\Generated_Source\PSoC5/isr_TS.c **** #ifndef CYINT_IRQ_BASE
  37:.\Generated_Source\PSoC5/isr_TS.c **** #define CYINT_IRQ_BASE      16
  38:.\Generated_Source\PSoC5/isr_TS.c **** #endif /* CYINT_IRQ_BASE */
  39:.\Generated_Source\PSoC5/isr_TS.c **** #ifndef CYINT_VECT_TABLE
  40:.\Generated_Source\PSoC5/isr_TS.c **** #define CYINT_VECT_TABLE    ((cyisraddress **) CYREG_NVIC_VECT_OFFSET)
  41:.\Generated_Source\PSoC5/isr_TS.c **** #endif /* CYINT_VECT_TABLE */
  42:.\Generated_Source\PSoC5/isr_TS.c **** 
  43:.\Generated_Source\PSoC5/isr_TS.c **** /* Declared in startup, used to set unused interrupts to. */
  44:.\Generated_Source\PSoC5/isr_TS.c **** CY_ISR_PROTO(IntDefaultHandler);
  45:.\Generated_Source\PSoC5/isr_TS.c **** 
  46:.\Generated_Source\PSoC5/isr_TS.c **** 
  47:.\Generated_Source\PSoC5/isr_TS.c **** /*******************************************************************************
  48:.\Generated_Source\PSoC5/isr_TS.c **** * Function Name: isr_TS_Start
  49:.\Generated_Source\PSoC5/isr_TS.c **** ********************************************************************************
  50:.\Generated_Source\PSoC5/isr_TS.c **** *
  51:.\Generated_Source\PSoC5/isr_TS.c **** * Summary:
  52:.\Generated_Source\PSoC5/isr_TS.c **** *  Set up the interrupt and enable it. This function disables the interrupt, 
  53:.\Generated_Source\PSoC5/isr_TS.c **** *  sets the default interrupt vector, sets the priority from the value in the
  54:.\Generated_Source\PSoC5/isr_TS.c **** *  Design Wide Resources Interrupt Editor, then enables the interrupt to the 
  55:.\Generated_Source\PSoC5/isr_TS.c **** *  interrupt controller.
  56:.\Generated_Source\PSoC5/isr_TS.c **** *
  57:.\Generated_Source\PSoC5/isr_TS.c **** * Parameters:  
  58:.\Generated_Source\PSoC5/isr_TS.c **** *   None
  59:.\Generated_Source\PSoC5/isr_TS.c **** *
  60:.\Generated_Source\PSoC5/isr_TS.c **** * Return:
  61:.\Generated_Source\PSoC5/isr_TS.c **** *   None
  62:.\Generated_Source\PSoC5/isr_TS.c **** *
  63:.\Generated_Source\PSoC5/isr_TS.c **** *******************************************************************************/
  64:.\Generated_Source\PSoC5/isr_TS.c **** void isr_TS_Start(void)
  65:.\Generated_Source\PSoC5/isr_TS.c **** {
  27              		.loc 1 65 0
  28              		.cfi_startproc
  29              		@ args = 0, pretend = 0, frame = 0
  30              		@ frame_needed = 1, uses_anonymous_args = 0
  31 0000 80B5     		push	{r7, lr}
  32              		.cfi_def_cfa_offset 8
  33              		.cfi_offset 7, -8
  34              		.cfi_offset 14, -4
  35 0002 00AF     		add	r7, sp, #0
  36              		.cfi_def_cfa_register 7
  66:.\Generated_Source\PSoC5/isr_TS.c ****     /* For all we know the interrupt is active. */
  67:.\Generated_Source\PSoC5/isr_TS.c ****     isr_TS_Disable();
  37              		.loc 1 67 0
  38 0004 FFF7FEFF 		bl	isr_TS_Disable
  68:.\Generated_Source\PSoC5/isr_TS.c **** 
  69:.\Generated_Source\PSoC5/isr_TS.c ****     /* Set the ISR to point to the isr_TS Interrupt. */
  70:.\Generated_Source\PSoC5/isr_TS.c ****     isr_TS_SetVector(&isr_TS_Interrupt);
  39              		.loc 1 70 0
  40 0008 0448     		ldr	r0, .L2
  41 000a FFF7FEFF 		bl	isr_TS_SetVector
  71:.\Generated_Source\PSoC5/isr_TS.c **** 
  72:.\Generated_Source\PSoC5/isr_TS.c ****     /* Set the priority. */
  73:.\Generated_Source\PSoC5/isr_TS.c ****     isr_TS_SetPriority((uint8)isr_TS_INTC_PRIOR_NUMBER);
ARM GAS  C:\Users\patel\AppData\Local\Temp\cctFFzTN.s 			page 3


  42              		.loc 1 73 0
  43 000e 0720     		movs	r0, #7
  44 0010 FFF7FEFF 		bl	isr_TS_SetPriority
  74:.\Generated_Source\PSoC5/isr_TS.c **** 
  75:.\Generated_Source\PSoC5/isr_TS.c ****     /* Enable it. */
  76:.\Generated_Source\PSoC5/isr_TS.c ****     isr_TS_Enable();
  45              		.loc 1 76 0
  46 0014 FFF7FEFF 		bl	isr_TS_Enable
  77:.\Generated_Source\PSoC5/isr_TS.c **** }
  47              		.loc 1 77 0
  48 0018 80BD     		pop	{r7, pc}
  49              	.L3:
  50 001a 00BF     		.align	2
  51              	.L2:
  52 001c 00000000 		.word	isr_TS_Interrupt
  53              		.cfi_endproc
  54              	.LFE0:
  55              		.size	isr_TS_Start, .-isr_TS_Start
  56              		.section	.text.isr_TS_StartEx,"ax",%progbits
  57              		.align	2
  58              		.global	isr_TS_StartEx
  59              		.thumb
  60              		.thumb_func
  61              		.type	isr_TS_StartEx, %function
  62              	isr_TS_StartEx:
  63              	.LFB1:
  78:.\Generated_Source\PSoC5/isr_TS.c **** 
  79:.\Generated_Source\PSoC5/isr_TS.c **** 
  80:.\Generated_Source\PSoC5/isr_TS.c **** /*******************************************************************************
  81:.\Generated_Source\PSoC5/isr_TS.c **** * Function Name: isr_TS_StartEx
  82:.\Generated_Source\PSoC5/isr_TS.c **** ********************************************************************************
  83:.\Generated_Source\PSoC5/isr_TS.c **** *
  84:.\Generated_Source\PSoC5/isr_TS.c **** * Summary:
  85:.\Generated_Source\PSoC5/isr_TS.c **** *  Sets up the interrupt and enables it. This function disables the interrupt,
  86:.\Generated_Source\PSoC5/isr_TS.c **** *  sets the interrupt vector based on the address passed in, sets the priority 
  87:.\Generated_Source\PSoC5/isr_TS.c **** *  from the value in the Design Wide Resources Interrupt Editor, then enables 
  88:.\Generated_Source\PSoC5/isr_TS.c **** *  the interrupt to the interrupt controller.
  89:.\Generated_Source\PSoC5/isr_TS.c **** *  
  90:.\Generated_Source\PSoC5/isr_TS.c **** *  When defining ISR functions, the CY_ISR and CY_ISR_PROTO macros should be 
  91:.\Generated_Source\PSoC5/isr_TS.c **** *  used to provide consistent definition across compilers:
  92:.\Generated_Source\PSoC5/isr_TS.c **** *  
  93:.\Generated_Source\PSoC5/isr_TS.c **** *  Function definition example:
  94:.\Generated_Source\PSoC5/isr_TS.c **** *   CY_ISR(MyISR)
  95:.\Generated_Source\PSoC5/isr_TS.c **** *   {
  96:.\Generated_Source\PSoC5/isr_TS.c **** *   }
  97:.\Generated_Source\PSoC5/isr_TS.c **** *   Function prototype example:
  98:.\Generated_Source\PSoC5/isr_TS.c **** *   CY_ISR_PROTO(MyISR);
  99:.\Generated_Source\PSoC5/isr_TS.c **** *
 100:.\Generated_Source\PSoC5/isr_TS.c **** * Parameters:  
 101:.\Generated_Source\PSoC5/isr_TS.c **** *   address: Address of the ISR to set in the interrupt vector table.
 102:.\Generated_Source\PSoC5/isr_TS.c **** *
 103:.\Generated_Source\PSoC5/isr_TS.c **** * Return:
 104:.\Generated_Source\PSoC5/isr_TS.c **** *   None
 105:.\Generated_Source\PSoC5/isr_TS.c **** *
 106:.\Generated_Source\PSoC5/isr_TS.c **** *******************************************************************************/
 107:.\Generated_Source\PSoC5/isr_TS.c **** void isr_TS_StartEx(cyisraddress address)
 108:.\Generated_Source\PSoC5/isr_TS.c **** {
ARM GAS  C:\Users\patel\AppData\Local\Temp\cctFFzTN.s 			page 4


  64              		.loc 1 108 0
  65              		.cfi_startproc
  66              		@ args = 0, pretend = 0, frame = 8
  67              		@ frame_needed = 1, uses_anonymous_args = 0
  68 0000 80B5     		push	{r7, lr}
  69              		.cfi_def_cfa_offset 8
  70              		.cfi_offset 7, -8
  71              		.cfi_offset 14, -4
  72 0002 82B0     		sub	sp, sp, #8
  73              		.cfi_def_cfa_offset 16
  74 0004 00AF     		add	r7, sp, #0
  75              		.cfi_def_cfa_register 7
  76 0006 7860     		str	r0, [r7, #4]
 109:.\Generated_Source\PSoC5/isr_TS.c ****     /* For all we know the interrupt is active. */
 110:.\Generated_Source\PSoC5/isr_TS.c ****     isr_TS_Disable();
  77              		.loc 1 110 0
  78 0008 FFF7FEFF 		bl	isr_TS_Disable
 111:.\Generated_Source\PSoC5/isr_TS.c **** 
 112:.\Generated_Source\PSoC5/isr_TS.c ****     /* Set the ISR to point to the isr_TS Interrupt. */
 113:.\Generated_Source\PSoC5/isr_TS.c ****     isr_TS_SetVector(address);
  79              		.loc 1 113 0
  80 000c 7868     		ldr	r0, [r7, #4]
  81 000e FFF7FEFF 		bl	isr_TS_SetVector
 114:.\Generated_Source\PSoC5/isr_TS.c **** 
 115:.\Generated_Source\PSoC5/isr_TS.c ****     /* Set the priority. */
 116:.\Generated_Source\PSoC5/isr_TS.c ****     isr_TS_SetPriority((uint8)isr_TS_INTC_PRIOR_NUMBER);
  82              		.loc 1 116 0
  83 0012 0720     		movs	r0, #7
  84 0014 FFF7FEFF 		bl	isr_TS_SetPriority
 117:.\Generated_Source\PSoC5/isr_TS.c **** 
 118:.\Generated_Source\PSoC5/isr_TS.c ****     /* Enable it. */
 119:.\Generated_Source\PSoC5/isr_TS.c ****     isr_TS_Enable();
  85              		.loc 1 119 0
  86 0018 FFF7FEFF 		bl	isr_TS_Enable
 120:.\Generated_Source\PSoC5/isr_TS.c **** }
  87              		.loc 1 120 0
  88 001c 0837     		adds	r7, r7, #8
  89              		.cfi_def_cfa_offset 8
  90 001e BD46     		mov	sp, r7
  91              		.cfi_def_cfa_register 13
  92              		@ sp needed
  93 0020 80BD     		pop	{r7, pc}
  94              		.cfi_endproc
  95              	.LFE1:
  96              		.size	isr_TS_StartEx, .-isr_TS_StartEx
  97 0022 00BF     		.section	.text.isr_TS_Stop,"ax",%progbits
  98              		.align	2
  99              		.global	isr_TS_Stop
 100              		.thumb
 101              		.thumb_func
 102              		.type	isr_TS_Stop, %function
 103              	isr_TS_Stop:
 104              	.LFB2:
 121:.\Generated_Source\PSoC5/isr_TS.c **** 
 122:.\Generated_Source\PSoC5/isr_TS.c **** 
 123:.\Generated_Source\PSoC5/isr_TS.c **** /*******************************************************************************
 124:.\Generated_Source\PSoC5/isr_TS.c **** * Function Name: isr_TS_Stop
ARM GAS  C:\Users\patel\AppData\Local\Temp\cctFFzTN.s 			page 5


 125:.\Generated_Source\PSoC5/isr_TS.c **** ********************************************************************************
 126:.\Generated_Source\PSoC5/isr_TS.c **** *
 127:.\Generated_Source\PSoC5/isr_TS.c **** * Summary:
 128:.\Generated_Source\PSoC5/isr_TS.c **** *   Disables and removes the interrupt.
 129:.\Generated_Source\PSoC5/isr_TS.c **** *
 130:.\Generated_Source\PSoC5/isr_TS.c **** * Parameters:  
 131:.\Generated_Source\PSoC5/isr_TS.c **** *   None
 132:.\Generated_Source\PSoC5/isr_TS.c **** *
 133:.\Generated_Source\PSoC5/isr_TS.c **** * Return:
 134:.\Generated_Source\PSoC5/isr_TS.c **** *   None
 135:.\Generated_Source\PSoC5/isr_TS.c **** *
 136:.\Generated_Source\PSoC5/isr_TS.c **** *******************************************************************************/
 137:.\Generated_Source\PSoC5/isr_TS.c **** void isr_TS_Stop(void)
 138:.\Generated_Source\PSoC5/isr_TS.c **** {
 105              		.loc 1 138 0
 106              		.cfi_startproc
 107              		@ args = 0, pretend = 0, frame = 0
 108              		@ frame_needed = 1, uses_anonymous_args = 0
 109 0000 80B5     		push	{r7, lr}
 110              		.cfi_def_cfa_offset 8
 111              		.cfi_offset 7, -8
 112              		.cfi_offset 14, -4
 113 0002 00AF     		add	r7, sp, #0
 114              		.cfi_def_cfa_register 7
 139:.\Generated_Source\PSoC5/isr_TS.c ****     /* Disable this interrupt. */
 140:.\Generated_Source\PSoC5/isr_TS.c ****     isr_TS_Disable();
 115              		.loc 1 140 0
 116 0004 FFF7FEFF 		bl	isr_TS_Disable
 141:.\Generated_Source\PSoC5/isr_TS.c **** 
 142:.\Generated_Source\PSoC5/isr_TS.c ****     /* Set the ISR to point to the passive one. */
 143:.\Generated_Source\PSoC5/isr_TS.c ****     isr_TS_SetVector(&IntDefaultHandler);
 117              		.loc 1 143 0
 118 0008 0148     		ldr	r0, .L6
 119 000a FFF7FEFF 		bl	isr_TS_SetVector
 144:.\Generated_Source\PSoC5/isr_TS.c **** }
 120              		.loc 1 144 0
 121 000e 80BD     		pop	{r7, pc}
 122              	.L7:
 123              		.align	2
 124              	.L6:
 125 0010 00000000 		.word	IntDefaultHandler
 126              		.cfi_endproc
 127              	.LFE2:
 128              		.size	isr_TS_Stop, .-isr_TS_Stop
 129              		.section	.text.isr_TS_Interrupt,"ax",%progbits
 130              		.align	2
 131              		.global	isr_TS_Interrupt
 132              		.thumb
 133              		.thumb_func
 134              		.type	isr_TS_Interrupt, %function
 135              	isr_TS_Interrupt:
 136              	.LFB3:
 145:.\Generated_Source\PSoC5/isr_TS.c **** 
 146:.\Generated_Source\PSoC5/isr_TS.c **** 
 147:.\Generated_Source\PSoC5/isr_TS.c **** /*******************************************************************************
 148:.\Generated_Source\PSoC5/isr_TS.c **** * Function Name: isr_TS_Interrupt
 149:.\Generated_Source\PSoC5/isr_TS.c **** ********************************************************************************
ARM GAS  C:\Users\patel\AppData\Local\Temp\cctFFzTN.s 			page 6


 150:.\Generated_Source\PSoC5/isr_TS.c **** *
 151:.\Generated_Source\PSoC5/isr_TS.c **** * Summary:
 152:.\Generated_Source\PSoC5/isr_TS.c **** *   The default Interrupt Service Routine for isr_TS.
 153:.\Generated_Source\PSoC5/isr_TS.c **** *
 154:.\Generated_Source\PSoC5/isr_TS.c **** *   Add custom code between the coments to keep the next version of this file
 155:.\Generated_Source\PSoC5/isr_TS.c **** *   from over writting your code.
 156:.\Generated_Source\PSoC5/isr_TS.c **** *
 157:.\Generated_Source\PSoC5/isr_TS.c **** * Parameters:  
 158:.\Generated_Source\PSoC5/isr_TS.c **** *
 159:.\Generated_Source\PSoC5/isr_TS.c **** * Return:
 160:.\Generated_Source\PSoC5/isr_TS.c **** *   None
 161:.\Generated_Source\PSoC5/isr_TS.c **** *
 162:.\Generated_Source\PSoC5/isr_TS.c **** *******************************************************************************/
 163:.\Generated_Source\PSoC5/isr_TS.c **** CY_ISR(isr_TS_Interrupt)
 164:.\Generated_Source\PSoC5/isr_TS.c **** {
 137              		.loc 1 164 0
 138              		.cfi_startproc
 139              		@ args = 0, pretend = 0, frame = 0
 140              		@ frame_needed = 1, uses_anonymous_args = 0
 141              		@ link register save eliminated.
 142 0000 80B4     		push	{r7}
 143              		.cfi_def_cfa_offset 4
 144              		.cfi_offset 7, -4
 145 0002 00AF     		add	r7, sp, #0
 146              		.cfi_def_cfa_register 7
 165:.\Generated_Source\PSoC5/isr_TS.c ****     #ifdef isr_TS_INTERRUPT_INTERRUPT_CALLBACK
 166:.\Generated_Source\PSoC5/isr_TS.c ****         isr_TS_Interrupt_InterruptCallback();
 167:.\Generated_Source\PSoC5/isr_TS.c ****     #endif /* isr_TS_INTERRUPT_INTERRUPT_CALLBACK */ 
 168:.\Generated_Source\PSoC5/isr_TS.c **** 
 169:.\Generated_Source\PSoC5/isr_TS.c ****     /*  Place your Interrupt code here. */
 170:.\Generated_Source\PSoC5/isr_TS.c ****     /* `#START isr_TS_Interrupt` */
 171:.\Generated_Source\PSoC5/isr_TS.c ****     ts++;
 147              		.loc 1 171 0
 148 0004 064B     		ldr	r3, .L9
 149 0006 1B78     		ldrb	r3, [r3]	@ zero_extendqisi2
 150 0008 0133     		adds	r3, r3, #1
 151 000a DAB2     		uxtb	r2, r3
 152 000c 044B     		ldr	r3, .L9
 153 000e 1A70     		strb	r2, [r3]
 172:.\Generated_Source\PSoC5/isr_TS.c ****     
 173:.\Generated_Source\PSoC5/isr_TS.c ****     timerOverflow_flag = 1;
 154              		.loc 1 173 0
 155 0010 044B     		ldr	r3, .L9+4
 156 0012 0122     		movs	r2, #1
 157 0014 1A70     		strb	r2, [r3]
 174:.\Generated_Source\PSoC5/isr_TS.c ****     /* `#END` */
 175:.\Generated_Source\PSoC5/isr_TS.c **** }
 158              		.loc 1 175 0
 159 0016 BD46     		mov	sp, r7
 160              		.cfi_def_cfa_register 13
 161              		@ sp needed
 162 0018 5DF8047B 		ldr	r7, [sp], #4
 163              		.cfi_restore 7
 164              		.cfi_def_cfa_offset 0
 165 001c 7047     		bx	lr
 166              	.L10:
 167 001e 00BF     		.align	2
ARM GAS  C:\Users\patel\AppData\Local\Temp\cctFFzTN.s 			page 7


 168              	.L9:
 169 0020 00000000 		.word	ts
 170 0024 00000000 		.word	timerOverflow_flag
 171              		.cfi_endproc
 172              	.LFE3:
 173              		.size	isr_TS_Interrupt, .-isr_TS_Interrupt
 174              		.section	.text.isr_TS_SetVector,"ax",%progbits
 175              		.align	2
 176              		.global	isr_TS_SetVector
 177              		.thumb
 178              		.thumb_func
 179              		.type	isr_TS_SetVector, %function
 180              	isr_TS_SetVector:
 181              	.LFB4:
 176:.\Generated_Source\PSoC5/isr_TS.c **** 
 177:.\Generated_Source\PSoC5/isr_TS.c **** 
 178:.\Generated_Source\PSoC5/isr_TS.c **** /*******************************************************************************
 179:.\Generated_Source\PSoC5/isr_TS.c **** * Function Name: isr_TS_SetVector
 180:.\Generated_Source\PSoC5/isr_TS.c **** ********************************************************************************
 181:.\Generated_Source\PSoC5/isr_TS.c **** *
 182:.\Generated_Source\PSoC5/isr_TS.c **** * Summary:
 183:.\Generated_Source\PSoC5/isr_TS.c **** *   Change the ISR vector for the Interrupt. Note calling isr_TS_Start
 184:.\Generated_Source\PSoC5/isr_TS.c **** *   will override any effect this method would have had. To set the vector 
 185:.\Generated_Source\PSoC5/isr_TS.c **** *   before the component has been started use isr_TS_StartEx instead.
 186:.\Generated_Source\PSoC5/isr_TS.c **** * 
 187:.\Generated_Source\PSoC5/isr_TS.c **** *   When defining ISR functions, the CY_ISR and CY_ISR_PROTO macros should be 
 188:.\Generated_Source\PSoC5/isr_TS.c **** *   used to provide consistent definition across compilers:
 189:.\Generated_Source\PSoC5/isr_TS.c **** *
 190:.\Generated_Source\PSoC5/isr_TS.c **** *   Function definition example:
 191:.\Generated_Source\PSoC5/isr_TS.c **** *   CY_ISR(MyISR)
 192:.\Generated_Source\PSoC5/isr_TS.c **** *   {
 193:.\Generated_Source\PSoC5/isr_TS.c **** *   }
 194:.\Generated_Source\PSoC5/isr_TS.c **** *
 195:.\Generated_Source\PSoC5/isr_TS.c **** *   Function prototype example:
 196:.\Generated_Source\PSoC5/isr_TS.c **** *     CY_ISR_PROTO(MyISR);
 197:.\Generated_Source\PSoC5/isr_TS.c **** *
 198:.\Generated_Source\PSoC5/isr_TS.c **** * Parameters:
 199:.\Generated_Source\PSoC5/isr_TS.c **** *   address: Address of the ISR to set in the interrupt vector table.
 200:.\Generated_Source\PSoC5/isr_TS.c **** *
 201:.\Generated_Source\PSoC5/isr_TS.c **** * Return:
 202:.\Generated_Source\PSoC5/isr_TS.c **** *   None
 203:.\Generated_Source\PSoC5/isr_TS.c **** *
 204:.\Generated_Source\PSoC5/isr_TS.c **** *******************************************************************************/
 205:.\Generated_Source\PSoC5/isr_TS.c **** void isr_TS_SetVector(cyisraddress address)
 206:.\Generated_Source\PSoC5/isr_TS.c **** {
 182              		.loc 1 206 0
 183              		.cfi_startproc
 184              		@ args = 0, pretend = 0, frame = 16
 185              		@ frame_needed = 1, uses_anonymous_args = 0
 186              		@ link register save eliminated.
 187 0000 80B4     		push	{r7}
 188              		.cfi_def_cfa_offset 4
 189              		.cfi_offset 7, -4
 190 0002 85B0     		sub	sp, sp, #20
 191              		.cfi_def_cfa_offset 24
 192 0004 00AF     		add	r7, sp, #0
 193              		.cfi_def_cfa_register 7
ARM GAS  C:\Users\patel\AppData\Local\Temp\cctFFzTN.s 			page 8


 194 0006 7860     		str	r0, [r7, #4]
 207:.\Generated_Source\PSoC5/isr_TS.c ****     cyisraddress * ramVectorTable;
 208:.\Generated_Source\PSoC5/isr_TS.c **** 
 209:.\Generated_Source\PSoC5/isr_TS.c ****     ramVectorTable = (cyisraddress *) *CYINT_VECT_TABLE;
 195              		.loc 1 209 0
 196 0008 054B     		ldr	r3, .L12
 197 000a 1B68     		ldr	r3, [r3]
 198 000c FB60     		str	r3, [r7, #12]
 210:.\Generated_Source\PSoC5/isr_TS.c **** 
 211:.\Generated_Source\PSoC5/isr_TS.c ****     ramVectorTable[CYINT_IRQ_BASE + (uint32)isr_TS__INTC_NUMBER] = address;
 199              		.loc 1 211 0
 200 000e FB68     		ldr	r3, [r7, #12]
 201 0010 6033     		adds	r3, r3, #96
 202 0012 7A68     		ldr	r2, [r7, #4]
 203 0014 1A60     		str	r2, [r3]
 212:.\Generated_Source\PSoC5/isr_TS.c **** }
 204              		.loc 1 212 0
 205 0016 1437     		adds	r7, r7, #20
 206              		.cfi_def_cfa_offset 4
 207 0018 BD46     		mov	sp, r7
 208              		.cfi_def_cfa_register 13
 209              		@ sp needed
 210 001a 5DF8047B 		ldr	r7, [sp], #4
 211              		.cfi_restore 7
 212              		.cfi_def_cfa_offset 0
 213 001e 7047     		bx	lr
 214              	.L13:
 215              		.align	2
 216              	.L12:
 217 0020 08ED00E0 		.word	-536810232
 218              		.cfi_endproc
 219              	.LFE4:
 220              		.size	isr_TS_SetVector, .-isr_TS_SetVector
 221              		.section	.text.isr_TS_GetVector,"ax",%progbits
 222              		.align	2
 223              		.global	isr_TS_GetVector
 224              		.thumb
 225              		.thumb_func
 226              		.type	isr_TS_GetVector, %function
 227              	isr_TS_GetVector:
 228              	.LFB5:
 213:.\Generated_Source\PSoC5/isr_TS.c **** 
 214:.\Generated_Source\PSoC5/isr_TS.c **** 
 215:.\Generated_Source\PSoC5/isr_TS.c **** /*******************************************************************************
 216:.\Generated_Source\PSoC5/isr_TS.c **** * Function Name: isr_TS_GetVector
 217:.\Generated_Source\PSoC5/isr_TS.c **** ********************************************************************************
 218:.\Generated_Source\PSoC5/isr_TS.c **** *
 219:.\Generated_Source\PSoC5/isr_TS.c **** * Summary:
 220:.\Generated_Source\PSoC5/isr_TS.c **** *   Gets the "address" of the current ISR vector for the Interrupt.
 221:.\Generated_Source\PSoC5/isr_TS.c **** *
 222:.\Generated_Source\PSoC5/isr_TS.c **** * Parameters:
 223:.\Generated_Source\PSoC5/isr_TS.c **** *   None
 224:.\Generated_Source\PSoC5/isr_TS.c **** *
 225:.\Generated_Source\PSoC5/isr_TS.c **** * Return:
 226:.\Generated_Source\PSoC5/isr_TS.c **** *   Address of the ISR in the interrupt vector table.
 227:.\Generated_Source\PSoC5/isr_TS.c **** *
 228:.\Generated_Source\PSoC5/isr_TS.c **** *******************************************************************************/
ARM GAS  C:\Users\patel\AppData\Local\Temp\cctFFzTN.s 			page 9


 229:.\Generated_Source\PSoC5/isr_TS.c **** cyisraddress isr_TS_GetVector(void)
 230:.\Generated_Source\PSoC5/isr_TS.c **** {
 229              		.loc 1 230 0
 230              		.cfi_startproc
 231              		@ args = 0, pretend = 0, frame = 8
 232              		@ frame_needed = 1, uses_anonymous_args = 0
 233              		@ link register save eliminated.
 234 0000 80B4     		push	{r7}
 235              		.cfi_def_cfa_offset 4
 236              		.cfi_offset 7, -4
 237 0002 83B0     		sub	sp, sp, #12
 238              		.cfi_def_cfa_offset 16
 239 0004 00AF     		add	r7, sp, #0
 240              		.cfi_def_cfa_register 7
 231:.\Generated_Source\PSoC5/isr_TS.c ****     cyisraddress * ramVectorTable;
 232:.\Generated_Source\PSoC5/isr_TS.c **** 
 233:.\Generated_Source\PSoC5/isr_TS.c ****     ramVectorTable = (cyisraddress *) *CYINT_VECT_TABLE;
 241              		.loc 1 233 0
 242 0006 054B     		ldr	r3, .L16
 243 0008 1B68     		ldr	r3, [r3]
 244 000a 7B60     		str	r3, [r7, #4]
 234:.\Generated_Source\PSoC5/isr_TS.c **** 
 235:.\Generated_Source\PSoC5/isr_TS.c ****     return ramVectorTable[CYINT_IRQ_BASE + (uint32)isr_TS__INTC_NUMBER];
 245              		.loc 1 235 0
 246 000c 7B68     		ldr	r3, [r7, #4]
 247 000e 1B6E     		ldr	r3, [r3, #96]
 236:.\Generated_Source\PSoC5/isr_TS.c **** }
 248              		.loc 1 236 0
 249 0010 1846     		mov	r0, r3
 250 0012 0C37     		adds	r7, r7, #12
 251              		.cfi_def_cfa_offset 4
 252 0014 BD46     		mov	sp, r7
 253              		.cfi_def_cfa_register 13
 254              		@ sp needed
 255 0016 5DF8047B 		ldr	r7, [sp], #4
 256              		.cfi_restore 7
 257              		.cfi_def_cfa_offset 0
 258 001a 7047     		bx	lr
 259              	.L17:
 260              		.align	2
 261              	.L16:
 262 001c 08ED00E0 		.word	-536810232
 263              		.cfi_endproc
 264              	.LFE5:
 265              		.size	isr_TS_GetVector, .-isr_TS_GetVector
 266              		.section	.text.isr_TS_SetPriority,"ax",%progbits
 267              		.align	2
 268              		.global	isr_TS_SetPriority
 269              		.thumb
 270              		.thumb_func
 271              		.type	isr_TS_SetPriority, %function
 272              	isr_TS_SetPriority:
 273              	.LFB6:
 237:.\Generated_Source\PSoC5/isr_TS.c **** 
 238:.\Generated_Source\PSoC5/isr_TS.c **** 
 239:.\Generated_Source\PSoC5/isr_TS.c **** /*******************************************************************************
 240:.\Generated_Source\PSoC5/isr_TS.c **** * Function Name: isr_TS_SetPriority
ARM GAS  C:\Users\patel\AppData\Local\Temp\cctFFzTN.s 			page 10


 241:.\Generated_Source\PSoC5/isr_TS.c **** ********************************************************************************
 242:.\Generated_Source\PSoC5/isr_TS.c **** *
 243:.\Generated_Source\PSoC5/isr_TS.c **** * Summary:
 244:.\Generated_Source\PSoC5/isr_TS.c **** *   Sets the Priority of the Interrupt. 
 245:.\Generated_Source\PSoC5/isr_TS.c **** *
 246:.\Generated_Source\PSoC5/isr_TS.c **** *   Note calling isr_TS_Start or isr_TS_StartEx will 
 247:.\Generated_Source\PSoC5/isr_TS.c **** *   override any effect this API would have had. This API should only be called
 248:.\Generated_Source\PSoC5/isr_TS.c **** *   after isr_TS_Start or isr_TS_StartEx has been called. 
 249:.\Generated_Source\PSoC5/isr_TS.c **** *   To set the initial priority for the component, use the Design-Wide Resources
 250:.\Generated_Source\PSoC5/isr_TS.c **** *   Interrupt Editor.
 251:.\Generated_Source\PSoC5/isr_TS.c **** *
 252:.\Generated_Source\PSoC5/isr_TS.c **** *   Note This API has no effect on Non-maskable interrupt NMI).
 253:.\Generated_Source\PSoC5/isr_TS.c **** *
 254:.\Generated_Source\PSoC5/isr_TS.c **** * Parameters:
 255:.\Generated_Source\PSoC5/isr_TS.c **** *   priority: Priority of the interrupt, 0 being the highest priority
 256:.\Generated_Source\PSoC5/isr_TS.c **** *             PSoC 3 and PSoC 5LP: Priority is from 0 to 7.
 257:.\Generated_Source\PSoC5/isr_TS.c **** *             PSoC 4: Priority is from 0 to 3.
 258:.\Generated_Source\PSoC5/isr_TS.c **** *
 259:.\Generated_Source\PSoC5/isr_TS.c **** * Return:
 260:.\Generated_Source\PSoC5/isr_TS.c **** *   None
 261:.\Generated_Source\PSoC5/isr_TS.c **** *
 262:.\Generated_Source\PSoC5/isr_TS.c **** *******************************************************************************/
 263:.\Generated_Source\PSoC5/isr_TS.c **** void isr_TS_SetPriority(uint8 priority)
 264:.\Generated_Source\PSoC5/isr_TS.c **** {
 274              		.loc 1 264 0
 275              		.cfi_startproc
 276              		@ args = 0, pretend = 0, frame = 8
 277              		@ frame_needed = 1, uses_anonymous_args = 0
 278              		@ link register save eliminated.
 279 0000 80B4     		push	{r7}
 280              		.cfi_def_cfa_offset 4
 281              		.cfi_offset 7, -4
 282 0002 83B0     		sub	sp, sp, #12
 283              		.cfi_def_cfa_offset 16
 284 0004 00AF     		add	r7, sp, #0
 285              		.cfi_def_cfa_register 7
 286 0006 0346     		mov	r3, r0
 287 0008 FB71     		strb	r3, [r7, #7]
 265:.\Generated_Source\PSoC5/isr_TS.c ****     *isr_TS_INTC_PRIOR = priority << 5;
 288              		.loc 1 265 0
 289 000a 054A     		ldr	r2, .L19
 290 000c FB79     		ldrb	r3, [r7, #7]
 291 000e 5B01     		lsls	r3, r3, #5
 292 0010 DBB2     		uxtb	r3, r3
 293 0012 1370     		strb	r3, [r2]
 266:.\Generated_Source\PSoC5/isr_TS.c **** }
 294              		.loc 1 266 0
 295 0014 0C37     		adds	r7, r7, #12
 296              		.cfi_def_cfa_offset 4
 297 0016 BD46     		mov	sp, r7
 298              		.cfi_def_cfa_register 13
 299              		@ sp needed
 300 0018 5DF8047B 		ldr	r7, [sp], #4
 301              		.cfi_restore 7
 302              		.cfi_def_cfa_offset 0
 303 001c 7047     		bx	lr
 304              	.L20:
ARM GAS  C:\Users\patel\AppData\Local\Temp\cctFFzTN.s 			page 11


 305 001e 00BF     		.align	2
 306              	.L19:
 307 0020 08E400E0 		.word	-536812536
 308              		.cfi_endproc
 309              	.LFE6:
 310              		.size	isr_TS_SetPriority, .-isr_TS_SetPriority
 311              		.section	.text.isr_TS_GetPriority,"ax",%progbits
 312              		.align	2
 313              		.global	isr_TS_GetPriority
 314              		.thumb
 315              		.thumb_func
 316              		.type	isr_TS_GetPriority, %function
 317              	isr_TS_GetPriority:
 318              	.LFB7:
 267:.\Generated_Source\PSoC5/isr_TS.c **** 
 268:.\Generated_Source\PSoC5/isr_TS.c **** 
 269:.\Generated_Source\PSoC5/isr_TS.c **** /*******************************************************************************
 270:.\Generated_Source\PSoC5/isr_TS.c **** * Function Name: isr_TS_GetPriority
 271:.\Generated_Source\PSoC5/isr_TS.c **** ********************************************************************************
 272:.\Generated_Source\PSoC5/isr_TS.c **** *
 273:.\Generated_Source\PSoC5/isr_TS.c **** * Summary:
 274:.\Generated_Source\PSoC5/isr_TS.c **** *   Gets the Priority of the Interrupt.
 275:.\Generated_Source\PSoC5/isr_TS.c **** *
 276:.\Generated_Source\PSoC5/isr_TS.c **** * Parameters:
 277:.\Generated_Source\PSoC5/isr_TS.c **** *   None
 278:.\Generated_Source\PSoC5/isr_TS.c **** *
 279:.\Generated_Source\PSoC5/isr_TS.c **** * Return:
 280:.\Generated_Source\PSoC5/isr_TS.c **** *   Priority of the interrupt, 0 being the highest priority
 281:.\Generated_Source\PSoC5/isr_TS.c **** *    PSoC 3 and PSoC 5LP: Priority is from 0 to 7.
 282:.\Generated_Source\PSoC5/isr_TS.c **** *    PSoC 4: Priority is from 0 to 3.
 283:.\Generated_Source\PSoC5/isr_TS.c **** *
 284:.\Generated_Source\PSoC5/isr_TS.c **** *******************************************************************************/
 285:.\Generated_Source\PSoC5/isr_TS.c **** uint8 isr_TS_GetPriority(void)
 286:.\Generated_Source\PSoC5/isr_TS.c **** {
 319              		.loc 1 286 0
 320              		.cfi_startproc
 321              		@ args = 0, pretend = 0, frame = 8
 322              		@ frame_needed = 1, uses_anonymous_args = 0
 323              		@ link register save eliminated.
 324 0000 80B4     		push	{r7}
 325              		.cfi_def_cfa_offset 4
 326              		.cfi_offset 7, -4
 327 0002 83B0     		sub	sp, sp, #12
 328              		.cfi_def_cfa_offset 16
 329 0004 00AF     		add	r7, sp, #0
 330              		.cfi_def_cfa_register 7
 287:.\Generated_Source\PSoC5/isr_TS.c ****     uint8 priority;
 288:.\Generated_Source\PSoC5/isr_TS.c **** 
 289:.\Generated_Source\PSoC5/isr_TS.c **** 
 290:.\Generated_Source\PSoC5/isr_TS.c ****     priority = *isr_TS_INTC_PRIOR >> 5;
 331              		.loc 1 290 0
 332 0006 064B     		ldr	r3, .L23
 333 0008 1B78     		ldrb	r3, [r3]
 334 000a DBB2     		uxtb	r3, r3
 335 000c 5B09     		lsrs	r3, r3, #5
 336 000e FB71     		strb	r3, [r7, #7]
 291:.\Generated_Source\PSoC5/isr_TS.c **** 
ARM GAS  C:\Users\patel\AppData\Local\Temp\cctFFzTN.s 			page 12


 292:.\Generated_Source\PSoC5/isr_TS.c ****     return priority;
 337              		.loc 1 292 0
 338 0010 FB79     		ldrb	r3, [r7, #7]	@ zero_extendqisi2
 293:.\Generated_Source\PSoC5/isr_TS.c **** }
 339              		.loc 1 293 0
 340 0012 1846     		mov	r0, r3
 341 0014 0C37     		adds	r7, r7, #12
 342              		.cfi_def_cfa_offset 4
 343 0016 BD46     		mov	sp, r7
 344              		.cfi_def_cfa_register 13
 345              		@ sp needed
 346 0018 5DF8047B 		ldr	r7, [sp], #4
 347              		.cfi_restore 7
 348              		.cfi_def_cfa_offset 0
 349 001c 7047     		bx	lr
 350              	.L24:
 351 001e 00BF     		.align	2
 352              	.L23:
 353 0020 08E400E0 		.word	-536812536
 354              		.cfi_endproc
 355              	.LFE7:
 356              		.size	isr_TS_GetPriority, .-isr_TS_GetPriority
 357              		.section	.text.isr_TS_Enable,"ax",%progbits
 358              		.align	2
 359              		.global	isr_TS_Enable
 360              		.thumb
 361              		.thumb_func
 362              		.type	isr_TS_Enable, %function
 363              	isr_TS_Enable:
 364              	.LFB8:
 294:.\Generated_Source\PSoC5/isr_TS.c **** 
 295:.\Generated_Source\PSoC5/isr_TS.c **** 
 296:.\Generated_Source\PSoC5/isr_TS.c **** /*******************************************************************************
 297:.\Generated_Source\PSoC5/isr_TS.c **** * Function Name: isr_TS_Enable
 298:.\Generated_Source\PSoC5/isr_TS.c **** ********************************************************************************
 299:.\Generated_Source\PSoC5/isr_TS.c **** *
 300:.\Generated_Source\PSoC5/isr_TS.c **** * Summary:
 301:.\Generated_Source\PSoC5/isr_TS.c **** *   Enables the interrupt to the interrupt controller. Do not call this function
 302:.\Generated_Source\PSoC5/isr_TS.c **** *   unless ISR_Start() has been called or the functionality of the ISR_Start() 
 303:.\Generated_Source\PSoC5/isr_TS.c **** *   function, which sets the vector and the priority, has been called.
 304:.\Generated_Source\PSoC5/isr_TS.c **** *
 305:.\Generated_Source\PSoC5/isr_TS.c **** * Parameters:
 306:.\Generated_Source\PSoC5/isr_TS.c **** *   None
 307:.\Generated_Source\PSoC5/isr_TS.c **** *
 308:.\Generated_Source\PSoC5/isr_TS.c **** * Return:
 309:.\Generated_Source\PSoC5/isr_TS.c **** *   None
 310:.\Generated_Source\PSoC5/isr_TS.c **** *
 311:.\Generated_Source\PSoC5/isr_TS.c **** *******************************************************************************/
 312:.\Generated_Source\PSoC5/isr_TS.c **** void isr_TS_Enable(void)
 313:.\Generated_Source\PSoC5/isr_TS.c **** {
 365              		.loc 1 313 0
 366              		.cfi_startproc
 367              		@ args = 0, pretend = 0, frame = 0
 368              		@ frame_needed = 1, uses_anonymous_args = 0
 369              		@ link register save eliminated.
 370 0000 80B4     		push	{r7}
 371              		.cfi_def_cfa_offset 4
ARM GAS  C:\Users\patel\AppData\Local\Temp\cctFFzTN.s 			page 13


 372              		.cfi_offset 7, -4
 373 0002 00AF     		add	r7, sp, #0
 374              		.cfi_def_cfa_register 7
 314:.\Generated_Source\PSoC5/isr_TS.c ****     /* Enable the general interrupt. */
 315:.\Generated_Source\PSoC5/isr_TS.c ****     *isr_TS_INTC_SET_EN = isr_TS__INTC_MASK;
 375              		.loc 1 315 0
 376 0004 034B     		ldr	r3, .L26
 377 0006 4FF48072 		mov	r2, #256
 378 000a 1A60     		str	r2, [r3]
 316:.\Generated_Source\PSoC5/isr_TS.c **** }
 379              		.loc 1 316 0
 380 000c BD46     		mov	sp, r7
 381              		.cfi_def_cfa_register 13
 382              		@ sp needed
 383 000e 5DF8047B 		ldr	r7, [sp], #4
 384              		.cfi_restore 7
 385              		.cfi_def_cfa_offset 0
 386 0012 7047     		bx	lr
 387              	.L27:
 388              		.align	2
 389              	.L26:
 390 0014 00E100E0 		.word	-536813312
 391              		.cfi_endproc
 392              	.LFE8:
 393              		.size	isr_TS_Enable, .-isr_TS_Enable
 394              		.section	.text.isr_TS_GetState,"ax",%progbits
 395              		.align	2
 396              		.global	isr_TS_GetState
 397              		.thumb
 398              		.thumb_func
 399              		.type	isr_TS_GetState, %function
 400              	isr_TS_GetState:
 401              	.LFB9:
 317:.\Generated_Source\PSoC5/isr_TS.c **** 
 318:.\Generated_Source\PSoC5/isr_TS.c **** 
 319:.\Generated_Source\PSoC5/isr_TS.c **** /*******************************************************************************
 320:.\Generated_Source\PSoC5/isr_TS.c **** * Function Name: isr_TS_GetState
 321:.\Generated_Source\PSoC5/isr_TS.c **** ********************************************************************************
 322:.\Generated_Source\PSoC5/isr_TS.c **** *
 323:.\Generated_Source\PSoC5/isr_TS.c **** * Summary:
 324:.\Generated_Source\PSoC5/isr_TS.c **** *   Gets the state (enabled, disabled) of the Interrupt.
 325:.\Generated_Source\PSoC5/isr_TS.c **** *
 326:.\Generated_Source\PSoC5/isr_TS.c **** * Parameters:
 327:.\Generated_Source\PSoC5/isr_TS.c **** *   None
 328:.\Generated_Source\PSoC5/isr_TS.c **** *
 329:.\Generated_Source\PSoC5/isr_TS.c **** * Return:
 330:.\Generated_Source\PSoC5/isr_TS.c **** *   1 if enabled, 0 if disabled.
 331:.\Generated_Source\PSoC5/isr_TS.c **** *
 332:.\Generated_Source\PSoC5/isr_TS.c **** *******************************************************************************/
 333:.\Generated_Source\PSoC5/isr_TS.c **** uint8 isr_TS_GetState(void)
 334:.\Generated_Source\PSoC5/isr_TS.c **** {
 402              		.loc 1 334 0
 403              		.cfi_startproc
 404              		@ args = 0, pretend = 0, frame = 0
 405              		@ frame_needed = 1, uses_anonymous_args = 0
 406              		@ link register save eliminated.
 407 0000 80B4     		push	{r7}
ARM GAS  C:\Users\patel\AppData\Local\Temp\cctFFzTN.s 			page 14


 408              		.cfi_def_cfa_offset 4
 409              		.cfi_offset 7, -4
 410 0002 00AF     		add	r7, sp, #0
 411              		.cfi_def_cfa_register 7
 335:.\Generated_Source\PSoC5/isr_TS.c ****     /* Get the state of the general interrupt. */
 336:.\Generated_Source\PSoC5/isr_TS.c ****     return ((*isr_TS_INTC_SET_EN & (uint32)isr_TS__INTC_MASK) != 0u) ? 1u:0u;
 412              		.loc 1 336 0
 413 0004 064B     		ldr	r3, .L32
 414 0006 1B68     		ldr	r3, [r3]
 415 0008 03F48073 		and	r3, r3, #256
 416 000c 002B     		cmp	r3, #0
 417 000e 01D0     		beq	.L29
 418              		.loc 1 336 0 is_stmt 0 discriminator 1
 419 0010 0123     		movs	r3, #1
 420 0012 00E0     		b	.L30
 421              	.L29:
 422              		.loc 1 336 0 discriminator 2
 423 0014 0023     		movs	r3, #0
 424              	.L30:
 337:.\Generated_Source\PSoC5/isr_TS.c **** }
 425              		.loc 1 337 0 is_stmt 1 discriminator 4
 426 0016 1846     		mov	r0, r3
 427 0018 BD46     		mov	sp, r7
 428              		.cfi_def_cfa_register 13
 429              		@ sp needed
 430 001a 5DF8047B 		ldr	r7, [sp], #4
 431              		.cfi_restore 7
 432              		.cfi_def_cfa_offset 0
 433 001e 7047     		bx	lr
 434              	.L33:
 435              		.align	2
 436              	.L32:
 437 0020 00E100E0 		.word	-536813312
 438              		.cfi_endproc
 439              	.LFE9:
 440              		.size	isr_TS_GetState, .-isr_TS_GetState
 441              		.section	.text.isr_TS_Disable,"ax",%progbits
 442              		.align	2
 443              		.global	isr_TS_Disable
 444              		.thumb
 445              		.thumb_func
 446              		.type	isr_TS_Disable, %function
 447              	isr_TS_Disable:
 448              	.LFB10:
 338:.\Generated_Source\PSoC5/isr_TS.c **** 
 339:.\Generated_Source\PSoC5/isr_TS.c **** 
 340:.\Generated_Source\PSoC5/isr_TS.c **** /*******************************************************************************
 341:.\Generated_Source\PSoC5/isr_TS.c **** * Function Name: isr_TS_Disable
 342:.\Generated_Source\PSoC5/isr_TS.c **** ********************************************************************************
 343:.\Generated_Source\PSoC5/isr_TS.c **** *
 344:.\Generated_Source\PSoC5/isr_TS.c **** * Summary:
 345:.\Generated_Source\PSoC5/isr_TS.c **** *   Disables the Interrupt in the interrupt controller.
 346:.\Generated_Source\PSoC5/isr_TS.c **** *
 347:.\Generated_Source\PSoC5/isr_TS.c **** * Parameters:
 348:.\Generated_Source\PSoC5/isr_TS.c **** *   None
 349:.\Generated_Source\PSoC5/isr_TS.c **** *
 350:.\Generated_Source\PSoC5/isr_TS.c **** * Return:
ARM GAS  C:\Users\patel\AppData\Local\Temp\cctFFzTN.s 			page 15


 351:.\Generated_Source\PSoC5/isr_TS.c **** *   None
 352:.\Generated_Source\PSoC5/isr_TS.c **** *
 353:.\Generated_Source\PSoC5/isr_TS.c **** *******************************************************************************/
 354:.\Generated_Source\PSoC5/isr_TS.c **** void isr_TS_Disable(void)
 355:.\Generated_Source\PSoC5/isr_TS.c **** {
 449              		.loc 1 355 0
 450              		.cfi_startproc
 451              		@ args = 0, pretend = 0, frame = 0
 452              		@ frame_needed = 1, uses_anonymous_args = 0
 453              		@ link register save eliminated.
 454 0000 80B4     		push	{r7}
 455              		.cfi_def_cfa_offset 4
 456              		.cfi_offset 7, -4
 457 0002 00AF     		add	r7, sp, #0
 458              		.cfi_def_cfa_register 7
 356:.\Generated_Source\PSoC5/isr_TS.c ****     /* Disable the general interrupt. */
 357:.\Generated_Source\PSoC5/isr_TS.c ****     *isr_TS_INTC_CLR_EN = isr_TS__INTC_MASK;
 459              		.loc 1 357 0
 460 0004 034B     		ldr	r3, .L35
 461 0006 4FF48072 		mov	r2, #256
 462 000a 1A60     		str	r2, [r3]
 358:.\Generated_Source\PSoC5/isr_TS.c **** }
 463              		.loc 1 358 0
 464 000c BD46     		mov	sp, r7
 465              		.cfi_def_cfa_register 13
 466              		@ sp needed
 467 000e 5DF8047B 		ldr	r7, [sp], #4
 468              		.cfi_restore 7
 469              		.cfi_def_cfa_offset 0
 470 0012 7047     		bx	lr
 471              	.L36:
 472              		.align	2
 473              	.L35:
 474 0014 80E100E0 		.word	-536813184
 475              		.cfi_endproc
 476              	.LFE10:
 477              		.size	isr_TS_Disable, .-isr_TS_Disable
 478              		.section	.text.isr_TS_SetPending,"ax",%progbits
 479              		.align	2
 480              		.global	isr_TS_SetPending
 481              		.thumb
 482              		.thumb_func
 483              		.type	isr_TS_SetPending, %function
 484              	isr_TS_SetPending:
 485              	.LFB11:
 359:.\Generated_Source\PSoC5/isr_TS.c **** 
 360:.\Generated_Source\PSoC5/isr_TS.c **** 
 361:.\Generated_Source\PSoC5/isr_TS.c **** /*******************************************************************************
 362:.\Generated_Source\PSoC5/isr_TS.c **** * Function Name: isr_TS_SetPending
 363:.\Generated_Source\PSoC5/isr_TS.c **** ********************************************************************************
 364:.\Generated_Source\PSoC5/isr_TS.c **** *
 365:.\Generated_Source\PSoC5/isr_TS.c **** * Summary:
 366:.\Generated_Source\PSoC5/isr_TS.c **** *   Causes the Interrupt to enter the pending state, a software method of
 367:.\Generated_Source\PSoC5/isr_TS.c **** *   generating the interrupt.
 368:.\Generated_Source\PSoC5/isr_TS.c **** *
 369:.\Generated_Source\PSoC5/isr_TS.c **** * Parameters:
 370:.\Generated_Source\PSoC5/isr_TS.c **** *   None
ARM GAS  C:\Users\patel\AppData\Local\Temp\cctFFzTN.s 			page 16


 371:.\Generated_Source\PSoC5/isr_TS.c **** *
 372:.\Generated_Source\PSoC5/isr_TS.c **** * Return:
 373:.\Generated_Source\PSoC5/isr_TS.c **** *   None
 374:.\Generated_Source\PSoC5/isr_TS.c **** *
 375:.\Generated_Source\PSoC5/isr_TS.c **** * Side Effects:
 376:.\Generated_Source\PSoC5/isr_TS.c **** *   If interrupts are enabled and the interrupt is set up properly, the ISR is
 377:.\Generated_Source\PSoC5/isr_TS.c **** *   entered (depending on the priority of this interrupt and other pending 
 378:.\Generated_Source\PSoC5/isr_TS.c **** *   interrupts).
 379:.\Generated_Source\PSoC5/isr_TS.c **** *
 380:.\Generated_Source\PSoC5/isr_TS.c **** *******************************************************************************/
 381:.\Generated_Source\PSoC5/isr_TS.c **** void isr_TS_SetPending(void)
 382:.\Generated_Source\PSoC5/isr_TS.c **** {
 486              		.loc 1 382 0
 487              		.cfi_startproc
 488              		@ args = 0, pretend = 0, frame = 0
 489              		@ frame_needed = 1, uses_anonymous_args = 0
 490              		@ link register save eliminated.
 491 0000 80B4     		push	{r7}
 492              		.cfi_def_cfa_offset 4
 493              		.cfi_offset 7, -4
 494 0002 00AF     		add	r7, sp, #0
 495              		.cfi_def_cfa_register 7
 383:.\Generated_Source\PSoC5/isr_TS.c ****     *isr_TS_INTC_SET_PD = isr_TS__INTC_MASK;
 496              		.loc 1 383 0
 497 0004 034B     		ldr	r3, .L38
 498 0006 4FF48072 		mov	r2, #256
 499 000a 1A60     		str	r2, [r3]
 384:.\Generated_Source\PSoC5/isr_TS.c **** }
 500              		.loc 1 384 0
 501 000c BD46     		mov	sp, r7
 502              		.cfi_def_cfa_register 13
 503              		@ sp needed
 504 000e 5DF8047B 		ldr	r7, [sp], #4
 505              		.cfi_restore 7
 506              		.cfi_def_cfa_offset 0
 507 0012 7047     		bx	lr
 508              	.L39:
 509              		.align	2
 510              	.L38:
 511 0014 00E200E0 		.word	-536813056
 512              		.cfi_endproc
 513              	.LFE11:
 514              		.size	isr_TS_SetPending, .-isr_TS_SetPending
 515              		.section	.text.isr_TS_ClearPending,"ax",%progbits
 516              		.align	2
 517              		.global	isr_TS_ClearPending
 518              		.thumb
 519              		.thumb_func
 520              		.type	isr_TS_ClearPending, %function
 521              	isr_TS_ClearPending:
 522              	.LFB12:
 385:.\Generated_Source\PSoC5/isr_TS.c **** 
 386:.\Generated_Source\PSoC5/isr_TS.c **** 
 387:.\Generated_Source\PSoC5/isr_TS.c **** /*******************************************************************************
 388:.\Generated_Source\PSoC5/isr_TS.c **** * Function Name: isr_TS_ClearPending
 389:.\Generated_Source\PSoC5/isr_TS.c **** ********************************************************************************
 390:.\Generated_Source\PSoC5/isr_TS.c **** *
ARM GAS  C:\Users\patel\AppData\Local\Temp\cctFFzTN.s 			page 17


 391:.\Generated_Source\PSoC5/isr_TS.c **** * Summary:
 392:.\Generated_Source\PSoC5/isr_TS.c **** *   Clears a pending interrupt in the interrupt controller.
 393:.\Generated_Source\PSoC5/isr_TS.c **** *
 394:.\Generated_Source\PSoC5/isr_TS.c **** *   Note Some interrupt sources are clear-on-read and require the block 
 395:.\Generated_Source\PSoC5/isr_TS.c **** *   interrupt/status register to be read/cleared with the appropriate block API 
 396:.\Generated_Source\PSoC5/isr_TS.c **** *   (GPIO, UART, and so on). Otherwise the ISR will continue to remain in 
 397:.\Generated_Source\PSoC5/isr_TS.c **** *   pending state even though the interrupt itself is cleared using this API.
 398:.\Generated_Source\PSoC5/isr_TS.c **** *
 399:.\Generated_Source\PSoC5/isr_TS.c **** * Parameters:
 400:.\Generated_Source\PSoC5/isr_TS.c **** *   None
 401:.\Generated_Source\PSoC5/isr_TS.c **** *
 402:.\Generated_Source\PSoC5/isr_TS.c **** * Return:
 403:.\Generated_Source\PSoC5/isr_TS.c **** *   None
 404:.\Generated_Source\PSoC5/isr_TS.c **** *
 405:.\Generated_Source\PSoC5/isr_TS.c **** *******************************************************************************/
 406:.\Generated_Source\PSoC5/isr_TS.c **** void isr_TS_ClearPending(void)
 407:.\Generated_Source\PSoC5/isr_TS.c **** {
 523              		.loc 1 407 0
 524              		.cfi_startproc
 525              		@ args = 0, pretend = 0, frame = 0
 526              		@ frame_needed = 1, uses_anonymous_args = 0
 527              		@ link register save eliminated.
 528 0000 80B4     		push	{r7}
 529              		.cfi_def_cfa_offset 4
 530              		.cfi_offset 7, -4
 531 0002 00AF     		add	r7, sp, #0
 532              		.cfi_def_cfa_register 7
 408:.\Generated_Source\PSoC5/isr_TS.c ****     *isr_TS_INTC_CLR_PD = isr_TS__INTC_MASK;
 533              		.loc 1 408 0
 534 0004 034B     		ldr	r3, .L41
 535 0006 4FF48072 		mov	r2, #256
 536 000a 1A60     		str	r2, [r3]
 409:.\Generated_Source\PSoC5/isr_TS.c **** }
 537              		.loc 1 409 0
 538 000c BD46     		mov	sp, r7
 539              		.cfi_def_cfa_register 13
 540              		@ sp needed
 541 000e 5DF8047B 		ldr	r7, [sp], #4
 542              		.cfi_restore 7
 543              		.cfi_def_cfa_offset 0
 544 0012 7047     		bx	lr
 545              	.L42:
 546              		.align	2
 547              	.L41:
 548 0014 80E200E0 		.word	-536812928
 549              		.cfi_endproc
 550              	.LFE12:
 551              		.size	isr_TS_ClearPending, .-isr_TS_ClearPending
 552              		.text
 553              	.Letext0:
 554              		.file 2 "Generated_Source\\PSoC5/cytypes.h"
 555              		.section	.debug_info,"",%progbits
 556              	.Ldebug_info0:
 557 0000 4B020000 		.4byte	0x24b
 558 0004 0400     		.2byte	0x4
 559 0006 00000000 		.4byte	.Ldebug_abbrev0
 560 000a 04       		.byte	0x4
ARM GAS  C:\Users\patel\AppData\Local\Temp\cctFFzTN.s 			page 18


 561 000b 01       		.uleb128 0x1
 562 000c B4000000 		.4byte	.LASF34
 563 0010 01       		.byte	0x1
 564 0011 49010000 		.4byte	.LASF35
 565 0015 D2010000 		.4byte	.LASF36
 566 0019 00000000 		.4byte	.Ldebug_ranges0+0
 567 001d 00000000 		.4byte	0
 568 0021 00000000 		.4byte	.Ldebug_line0
 569 0025 02       		.uleb128 0x2
 570 0026 04       		.byte	0x4
 571 0027 05       		.byte	0x5
 572 0028 696E7400 		.ascii	"int\000"
 573 002c 03       		.uleb128 0x3
 574 002d 04       		.byte	0x4
 575 002e 07       		.byte	0x7
 576 002f A6010000 		.4byte	.LASF0
 577 0033 03       		.uleb128 0x3
 578 0034 01       		.byte	0x1
 579 0035 06       		.byte	0x6
 580 0036 A1020000 		.4byte	.LASF1
 581 003a 03       		.uleb128 0x3
 582 003b 01       		.byte	0x1
 583 003c 08       		.byte	0x8
 584 003d 63000000 		.4byte	.LASF2
 585 0041 03       		.uleb128 0x3
 586 0042 02       		.byte	0x2
 587 0043 05       		.byte	0x5
 588 0044 6A020000 		.4byte	.LASF3
 589 0048 03       		.uleb128 0x3
 590 0049 02       		.byte	0x2
 591 004a 07       		.byte	0x7
 592 004b 3D000000 		.4byte	.LASF4
 593 004f 03       		.uleb128 0x3
 594 0050 04       		.byte	0x4
 595 0051 05       		.byte	0x5
 596 0052 98020000 		.4byte	.LASF5
 597 0056 03       		.uleb128 0x3
 598 0057 04       		.byte	0x4
 599 0058 07       		.byte	0x7
 600 0059 93000000 		.4byte	.LASF6
 601 005d 03       		.uleb128 0x3
 602 005e 08       		.byte	0x8
 603 005f 05       		.byte	0x5
 604 0060 48020000 		.4byte	.LASF7
 605 0064 03       		.uleb128 0x3
 606 0065 08       		.byte	0x8
 607 0066 07       		.byte	0x7
 608 0067 BB010000 		.4byte	.LASF8
 609 006b 03       		.uleb128 0x3
 610 006c 04       		.byte	0x4
 611 006d 07       		.byte	0x7
 612 006e 3F020000 		.4byte	.LASF9
 613 0072 04       		.uleb128 0x4
 614 0073 04       		.byte	0x4
 615 0074 78000000 		.4byte	0x78
 616 0078 05       		.uleb128 0x5
 617 0079 03       		.uleb128 0x3
ARM GAS  C:\Users\patel\AppData\Local\Temp\cctFFzTN.s 			page 19


 618 007a 01       		.byte	0x1
 619 007b 08       		.byte	0x8
 620 007c 56020000 		.4byte	.LASF10
 621 0080 06       		.uleb128 0x6
 622 0081 A5000000 		.4byte	.LASF11
 623 0085 02       		.byte	0x2
 624 0086 9201     		.2byte	0x192
 625 0088 3A000000 		.4byte	0x3a
 626 008c 06       		.uleb128 0x6
 627 008d 9F010000 		.4byte	.LASF12
 628 0091 02       		.byte	0x2
 629 0092 9401     		.2byte	0x194
 630 0094 56000000 		.4byte	0x56
 631 0098 03       		.uleb128 0x3
 632 0099 04       		.byte	0x4
 633 009a 04       		.byte	0x4
 634 009b 50000000 		.4byte	.LASF13
 635 009f 03       		.uleb128 0x3
 636 00a0 08       		.byte	0x8
 637 00a1 04       		.byte	0x4
 638 00a2 42010000 		.4byte	.LASF14
 639 00a6 06       		.uleb128 0x6
 640 00a7 7D000000 		.4byte	.LASF15
 641 00ab 02       		.byte	0x2
 642 00ac 3C02     		.2byte	0x23c
 643 00ae B2000000 		.4byte	0xb2
 644 00b2 07       		.uleb128 0x7
 645 00b3 80000000 		.4byte	0x80
 646 00b7 06       		.uleb128 0x6
 647 00b8 00000000 		.4byte	.LASF16
 648 00bc 02       		.byte	0x2
 649 00bd 3E02     		.2byte	0x23e
 650 00bf C3000000 		.4byte	0xc3
 651 00c3 07       		.uleb128 0x7
 652 00c4 8C000000 		.4byte	0x8c
 653 00c8 06       		.uleb128 0x6
 654 00c9 23020000 		.4byte	.LASF17
 655 00cd 02       		.byte	0x2
 656 00ce 4E02     		.2byte	0x24e
 657 00d0 72000000 		.4byte	0x72
 658 00d4 08       		.uleb128 0x8
 659 00d5 56000000 		.4byte	.LASF18
 660 00d9 01       		.byte	0x1
 661 00da 40       		.byte	0x40
 662 00db 00000000 		.4byte	.LFB0
 663 00df 20000000 		.4byte	.LFE0-.LFB0
 664 00e3 01       		.uleb128 0x1
 665 00e4 9C       		.byte	0x9c
 666 00e5 09       		.uleb128 0x9
 667 00e6 7D010000 		.4byte	.LASF21
 668 00ea 01       		.byte	0x1
 669 00eb 6B       		.byte	0x6b
 670 00ec 00000000 		.4byte	.LFB1
 671 00f0 22000000 		.4byte	.LFE1-.LFB1
 672 00f4 01       		.uleb128 0x1
 673 00f5 9C       		.byte	0x9c
 674 00f6 09010000 		.4byte	0x109
ARM GAS  C:\Users\patel\AppData\Local\Temp\cctFFzTN.s 			page 20


 675 00fa 0A       		.uleb128 0xa
 676 00fb B3010000 		.4byte	.LASF23
 677 00ff 01       		.byte	0x1
 678 0100 6B       		.byte	0x6b
 679 0101 C8000000 		.4byte	0xc8
 680 0105 02       		.uleb128 0x2
 681 0106 91       		.byte	0x91
 682 0107 74       		.sleb128 -12
 683 0108 00       		.byte	0
 684 0109 08       		.uleb128 0x8
 685 010a 71000000 		.4byte	.LASF19
 686 010e 01       		.byte	0x1
 687 010f 89       		.byte	0x89
 688 0110 00000000 		.4byte	.LFB2
 689 0114 14000000 		.4byte	.LFE2-.LFB2
 690 0118 01       		.uleb128 0x1
 691 0119 9C       		.byte	0x9c
 692 011a 0B       		.uleb128 0xb
 693 011b 82000000 		.4byte	.LASF20
 694 011f 01       		.byte	0x1
 695 0120 A3       		.byte	0xa3
 696 0121 00000000 		.4byte	.LFB3
 697 0125 28000000 		.4byte	.LFE3-.LFB3
 698 0129 01       		.uleb128 0x1
 699 012a 9C       		.byte	0x9c
 700 012b 0C       		.uleb128 0xc
 701 012c AD020000 		.4byte	.LASF22
 702 0130 01       		.byte	0x1
 703 0131 CD       		.byte	0xcd
 704 0132 00000000 		.4byte	.LFB4
 705 0136 24000000 		.4byte	.LFE4-.LFB4
 706 013a 01       		.uleb128 0x1
 707 013b 9C       		.byte	0x9c
 708 013c 5D010000 		.4byte	0x15d
 709 0140 0A       		.uleb128 0xa
 710 0141 B3010000 		.4byte	.LASF23
 711 0145 01       		.byte	0x1
 712 0146 CD       		.byte	0xcd
 713 0147 C8000000 		.4byte	0xc8
 714 014b 02       		.uleb128 0x2
 715 014c 91       		.byte	0x91
 716 014d 6C       		.sleb128 -20
 717 014e 0D       		.uleb128 0xd
 718 014f 5B020000 		.4byte	.LASF24
 719 0153 01       		.byte	0x1
 720 0154 CF       		.byte	0xcf
 721 0155 5D010000 		.4byte	0x15d
 722 0159 02       		.uleb128 0x2
 723 015a 91       		.byte	0x91
 724 015b 74       		.sleb128 -12
 725 015c 00       		.byte	0
 726 015d 04       		.uleb128 0x4
 727 015e 04       		.byte	0x4
 728 015f C8000000 		.4byte	0xc8
 729 0163 0E       		.uleb128 0xe
 730 0164 87020000 		.4byte	.LASF27
 731 0168 01       		.byte	0x1
ARM GAS  C:\Users\patel\AppData\Local\Temp\cctFFzTN.s 			page 21


 732 0169 E5       		.byte	0xe5
 733 016a C8000000 		.4byte	0xc8
 734 016e 00000000 		.4byte	.LFB5
 735 0172 20000000 		.4byte	.LFE5-.LFB5
 736 0176 01       		.uleb128 0x1
 737 0177 9C       		.byte	0x9c
 738 0178 8B010000 		.4byte	0x18b
 739 017c 0D       		.uleb128 0xd
 740 017d 5B020000 		.4byte	.LASF24
 741 0181 01       		.byte	0x1
 742 0182 E7       		.byte	0xe7
 743 0183 5D010000 		.4byte	0x15d
 744 0187 02       		.uleb128 0x2
 745 0188 91       		.byte	0x91
 746 0189 74       		.sleb128 -12
 747 018a 00       		.byte	0
 748 018b 0F       		.uleb128 0xf
 749 018c 2A000000 		.4byte	.LASF25
 750 0190 01       		.byte	0x1
 751 0191 0701     		.2byte	0x107
 752 0193 00000000 		.4byte	.LFB6
 753 0197 24000000 		.4byte	.LFE6-.LFB6
 754 019b 01       		.uleb128 0x1
 755 019c 9C       		.byte	0x9c
 756 019d B1010000 		.4byte	0x1b1
 757 01a1 10       		.uleb128 0x10
 758 01a2 AB000000 		.4byte	.LASF26
 759 01a6 01       		.byte	0x1
 760 01a7 0701     		.2byte	0x107
 761 01a9 80000000 		.4byte	0x80
 762 01ad 02       		.uleb128 0x2
 763 01ae 91       		.byte	0x91
 764 01af 77       		.sleb128 -9
 765 01b0 00       		.byte	0
 766 01b1 11       		.uleb128 0x11
 767 01b2 74020000 		.4byte	.LASF28
 768 01b6 01       		.byte	0x1
 769 01b7 1D01     		.2byte	0x11d
 770 01b9 80000000 		.4byte	0x80
 771 01bd 00000000 		.4byte	.LFB7
 772 01c1 24000000 		.4byte	.LFE7-.LFB7
 773 01c5 01       		.uleb128 0x1
 774 01c6 9C       		.byte	0x9c
 775 01c7 DB010000 		.4byte	0x1db
 776 01cb 12       		.uleb128 0x12
 777 01cc AB000000 		.4byte	.LASF26
 778 01d0 01       		.byte	0x1
 779 01d1 1F01     		.2byte	0x11f
 780 01d3 80000000 		.4byte	0x80
 781 01d7 02       		.uleb128 0x2
 782 01d8 91       		.byte	0x91
 783 01d9 77       		.sleb128 -9
 784 01da 00       		.byte	0
 785 01db 13       		.uleb128 0x13
 786 01dc 15020000 		.4byte	.LASF29
 787 01e0 01       		.byte	0x1
 788 01e1 3801     		.2byte	0x138
ARM GAS  C:\Users\patel\AppData\Local\Temp\cctFFzTN.s 			page 22


 789 01e3 00000000 		.4byte	.LFB8
 790 01e7 18000000 		.4byte	.LFE8-.LFB8
 791 01eb 01       		.uleb128 0x1
 792 01ec 9C       		.byte	0x9c
 793 01ed 14       		.uleb128 0x14
 794 01ee 1A000000 		.4byte	.LASF37
 795 01f2 01       		.byte	0x1
 796 01f3 4D01     		.2byte	0x14d
 797 01f5 80000000 		.4byte	0x80
 798 01f9 00000000 		.4byte	.LFB9
 799 01fd 24000000 		.4byte	.LFE9-.LFB9
 800 0201 01       		.uleb128 0x1
 801 0202 9C       		.byte	0x9c
 802 0203 13       		.uleb128 0x13
 803 0204 30020000 		.4byte	.LASF30
 804 0208 01       		.byte	0x1
 805 0209 6201     		.2byte	0x162
 806 020b 00000000 		.4byte	.LFB10
 807 020f 18000000 		.4byte	.LFE10-.LFB10
 808 0213 01       		.uleb128 0x1
 809 0214 9C       		.byte	0x9c
 810 0215 13       		.uleb128 0x13
 811 0216 6B010000 		.4byte	.LASF31
 812 021a 01       		.byte	0x1
 813 021b 7D01     		.2byte	0x17d
 814 021d 00000000 		.4byte	.LFB11
 815 0221 18000000 		.4byte	.LFE11-.LFB11
 816 0225 01       		.uleb128 0x1
 817 0226 9C       		.byte	0x9c
 818 0227 13       		.uleb128 0x13
 819 0228 06000000 		.4byte	.LASF32
 820 022c 01       		.byte	0x1
 821 022d 9601     		.2byte	0x196
 822 022f 00000000 		.4byte	.LFB12
 823 0233 18000000 		.4byte	.LFE12-.LFB12
 824 0237 01       		.uleb128 0x1
 825 0238 9C       		.byte	0x9c
 826 0239 15       		.uleb128 0x15
 827 023a 747300   		.ascii	"ts\000"
 828 023d 01       		.byte	0x1
 829 023e 1E       		.byte	0x1e
 830 023f 80000000 		.4byte	0x80
 831 0243 16       		.uleb128 0x16
 832 0244 8C010000 		.4byte	.LASF33
 833 0248 01       		.byte	0x1
 834 0249 20       		.byte	0x20
 835 024a 80000000 		.4byte	0x80
 836 024e 00       		.byte	0
 837              		.section	.debug_abbrev,"",%progbits
 838              	.Ldebug_abbrev0:
 839 0000 01       		.uleb128 0x1
 840 0001 11       		.uleb128 0x11
 841 0002 01       		.byte	0x1
 842 0003 25       		.uleb128 0x25
 843 0004 0E       		.uleb128 0xe
 844 0005 13       		.uleb128 0x13
 845 0006 0B       		.uleb128 0xb
ARM GAS  C:\Users\patel\AppData\Local\Temp\cctFFzTN.s 			page 23


 846 0007 03       		.uleb128 0x3
 847 0008 0E       		.uleb128 0xe
 848 0009 1B       		.uleb128 0x1b
 849 000a 0E       		.uleb128 0xe
 850 000b 55       		.uleb128 0x55
 851 000c 17       		.uleb128 0x17
 852 000d 11       		.uleb128 0x11
 853 000e 01       		.uleb128 0x1
 854 000f 10       		.uleb128 0x10
 855 0010 17       		.uleb128 0x17
 856 0011 00       		.byte	0
 857 0012 00       		.byte	0
 858 0013 02       		.uleb128 0x2
 859 0014 24       		.uleb128 0x24
 860 0015 00       		.byte	0
 861 0016 0B       		.uleb128 0xb
 862 0017 0B       		.uleb128 0xb
 863 0018 3E       		.uleb128 0x3e
 864 0019 0B       		.uleb128 0xb
 865 001a 03       		.uleb128 0x3
 866 001b 08       		.uleb128 0x8
 867 001c 00       		.byte	0
 868 001d 00       		.byte	0
 869 001e 03       		.uleb128 0x3
 870 001f 24       		.uleb128 0x24
 871 0020 00       		.byte	0
 872 0021 0B       		.uleb128 0xb
 873 0022 0B       		.uleb128 0xb
 874 0023 3E       		.uleb128 0x3e
 875 0024 0B       		.uleb128 0xb
 876 0025 03       		.uleb128 0x3
 877 0026 0E       		.uleb128 0xe
 878 0027 00       		.byte	0
 879 0028 00       		.byte	0
 880 0029 04       		.uleb128 0x4
 881 002a 0F       		.uleb128 0xf
 882 002b 00       		.byte	0
 883 002c 0B       		.uleb128 0xb
 884 002d 0B       		.uleb128 0xb
 885 002e 49       		.uleb128 0x49
 886 002f 13       		.uleb128 0x13
 887 0030 00       		.byte	0
 888 0031 00       		.byte	0
 889 0032 05       		.uleb128 0x5
 890 0033 15       		.uleb128 0x15
 891 0034 00       		.byte	0
 892 0035 27       		.uleb128 0x27
 893 0036 19       		.uleb128 0x19
 894 0037 00       		.byte	0
 895 0038 00       		.byte	0
 896 0039 06       		.uleb128 0x6
 897 003a 16       		.uleb128 0x16
 898 003b 00       		.byte	0
 899 003c 03       		.uleb128 0x3
 900 003d 0E       		.uleb128 0xe
 901 003e 3A       		.uleb128 0x3a
 902 003f 0B       		.uleb128 0xb
ARM GAS  C:\Users\patel\AppData\Local\Temp\cctFFzTN.s 			page 24


 903 0040 3B       		.uleb128 0x3b
 904 0041 05       		.uleb128 0x5
 905 0042 49       		.uleb128 0x49
 906 0043 13       		.uleb128 0x13
 907 0044 00       		.byte	0
 908 0045 00       		.byte	0
 909 0046 07       		.uleb128 0x7
 910 0047 35       		.uleb128 0x35
 911 0048 00       		.byte	0
 912 0049 49       		.uleb128 0x49
 913 004a 13       		.uleb128 0x13
 914 004b 00       		.byte	0
 915 004c 00       		.byte	0
 916 004d 08       		.uleb128 0x8
 917 004e 2E       		.uleb128 0x2e
 918 004f 00       		.byte	0
 919 0050 3F       		.uleb128 0x3f
 920 0051 19       		.uleb128 0x19
 921 0052 03       		.uleb128 0x3
 922 0053 0E       		.uleb128 0xe
 923 0054 3A       		.uleb128 0x3a
 924 0055 0B       		.uleb128 0xb
 925 0056 3B       		.uleb128 0x3b
 926 0057 0B       		.uleb128 0xb
 927 0058 27       		.uleb128 0x27
 928 0059 19       		.uleb128 0x19
 929 005a 11       		.uleb128 0x11
 930 005b 01       		.uleb128 0x1
 931 005c 12       		.uleb128 0x12
 932 005d 06       		.uleb128 0x6
 933 005e 40       		.uleb128 0x40
 934 005f 18       		.uleb128 0x18
 935 0060 9642     		.uleb128 0x2116
 936 0062 19       		.uleb128 0x19
 937 0063 00       		.byte	0
 938 0064 00       		.byte	0
 939 0065 09       		.uleb128 0x9
 940 0066 2E       		.uleb128 0x2e
 941 0067 01       		.byte	0x1
 942 0068 3F       		.uleb128 0x3f
 943 0069 19       		.uleb128 0x19
 944 006a 03       		.uleb128 0x3
 945 006b 0E       		.uleb128 0xe
 946 006c 3A       		.uleb128 0x3a
 947 006d 0B       		.uleb128 0xb
 948 006e 3B       		.uleb128 0x3b
 949 006f 0B       		.uleb128 0xb
 950 0070 27       		.uleb128 0x27
 951 0071 19       		.uleb128 0x19
 952 0072 11       		.uleb128 0x11
 953 0073 01       		.uleb128 0x1
 954 0074 12       		.uleb128 0x12
 955 0075 06       		.uleb128 0x6
 956 0076 40       		.uleb128 0x40
 957 0077 18       		.uleb128 0x18
 958 0078 9642     		.uleb128 0x2116
 959 007a 19       		.uleb128 0x19
ARM GAS  C:\Users\patel\AppData\Local\Temp\cctFFzTN.s 			page 25


 960 007b 01       		.uleb128 0x1
 961 007c 13       		.uleb128 0x13
 962 007d 00       		.byte	0
 963 007e 00       		.byte	0
 964 007f 0A       		.uleb128 0xa
 965 0080 05       		.uleb128 0x5
 966 0081 00       		.byte	0
 967 0082 03       		.uleb128 0x3
 968 0083 0E       		.uleb128 0xe
 969 0084 3A       		.uleb128 0x3a
 970 0085 0B       		.uleb128 0xb
 971 0086 3B       		.uleb128 0x3b
 972 0087 0B       		.uleb128 0xb
 973 0088 49       		.uleb128 0x49
 974 0089 13       		.uleb128 0x13
 975 008a 02       		.uleb128 0x2
 976 008b 18       		.uleb128 0x18
 977 008c 00       		.byte	0
 978 008d 00       		.byte	0
 979 008e 0B       		.uleb128 0xb
 980 008f 2E       		.uleb128 0x2e
 981 0090 00       		.byte	0
 982 0091 3F       		.uleb128 0x3f
 983 0092 19       		.uleb128 0x19
 984 0093 03       		.uleb128 0x3
 985 0094 0E       		.uleb128 0xe
 986 0095 3A       		.uleb128 0x3a
 987 0096 0B       		.uleb128 0xb
 988 0097 3B       		.uleb128 0x3b
 989 0098 0B       		.uleb128 0xb
 990 0099 27       		.uleb128 0x27
 991 009a 19       		.uleb128 0x19
 992 009b 11       		.uleb128 0x11
 993 009c 01       		.uleb128 0x1
 994 009d 12       		.uleb128 0x12
 995 009e 06       		.uleb128 0x6
 996 009f 40       		.uleb128 0x40
 997 00a0 18       		.uleb128 0x18
 998 00a1 9742     		.uleb128 0x2117
 999 00a3 19       		.uleb128 0x19
 1000 00a4 00       		.byte	0
 1001 00a5 00       		.byte	0
 1002 00a6 0C       		.uleb128 0xc
 1003 00a7 2E       		.uleb128 0x2e
 1004 00a8 01       		.byte	0x1
 1005 00a9 3F       		.uleb128 0x3f
 1006 00aa 19       		.uleb128 0x19
 1007 00ab 03       		.uleb128 0x3
 1008 00ac 0E       		.uleb128 0xe
 1009 00ad 3A       		.uleb128 0x3a
 1010 00ae 0B       		.uleb128 0xb
 1011 00af 3B       		.uleb128 0x3b
 1012 00b0 0B       		.uleb128 0xb
 1013 00b1 27       		.uleb128 0x27
 1014 00b2 19       		.uleb128 0x19
 1015 00b3 11       		.uleb128 0x11
 1016 00b4 01       		.uleb128 0x1
ARM GAS  C:\Users\patel\AppData\Local\Temp\cctFFzTN.s 			page 26


 1017 00b5 12       		.uleb128 0x12
 1018 00b6 06       		.uleb128 0x6
 1019 00b7 40       		.uleb128 0x40
 1020 00b8 18       		.uleb128 0x18
 1021 00b9 9742     		.uleb128 0x2117
 1022 00bb 19       		.uleb128 0x19
 1023 00bc 01       		.uleb128 0x1
 1024 00bd 13       		.uleb128 0x13
 1025 00be 00       		.byte	0
 1026 00bf 00       		.byte	0
 1027 00c0 0D       		.uleb128 0xd
 1028 00c1 34       		.uleb128 0x34
 1029 00c2 00       		.byte	0
 1030 00c3 03       		.uleb128 0x3
 1031 00c4 0E       		.uleb128 0xe
 1032 00c5 3A       		.uleb128 0x3a
 1033 00c6 0B       		.uleb128 0xb
 1034 00c7 3B       		.uleb128 0x3b
 1035 00c8 0B       		.uleb128 0xb
 1036 00c9 49       		.uleb128 0x49
 1037 00ca 13       		.uleb128 0x13
 1038 00cb 02       		.uleb128 0x2
 1039 00cc 18       		.uleb128 0x18
 1040 00cd 00       		.byte	0
 1041 00ce 00       		.byte	0
 1042 00cf 0E       		.uleb128 0xe
 1043 00d0 2E       		.uleb128 0x2e
 1044 00d1 01       		.byte	0x1
 1045 00d2 3F       		.uleb128 0x3f
 1046 00d3 19       		.uleb128 0x19
 1047 00d4 03       		.uleb128 0x3
 1048 00d5 0E       		.uleb128 0xe
 1049 00d6 3A       		.uleb128 0x3a
 1050 00d7 0B       		.uleb128 0xb
 1051 00d8 3B       		.uleb128 0x3b
 1052 00d9 0B       		.uleb128 0xb
 1053 00da 27       		.uleb128 0x27
 1054 00db 19       		.uleb128 0x19
 1055 00dc 49       		.uleb128 0x49
 1056 00dd 13       		.uleb128 0x13
 1057 00de 11       		.uleb128 0x11
 1058 00df 01       		.uleb128 0x1
 1059 00e0 12       		.uleb128 0x12
 1060 00e1 06       		.uleb128 0x6
 1061 00e2 40       		.uleb128 0x40
 1062 00e3 18       		.uleb128 0x18
 1063 00e4 9742     		.uleb128 0x2117
 1064 00e6 19       		.uleb128 0x19
 1065 00e7 01       		.uleb128 0x1
 1066 00e8 13       		.uleb128 0x13
 1067 00e9 00       		.byte	0
 1068 00ea 00       		.byte	0
 1069 00eb 0F       		.uleb128 0xf
 1070 00ec 2E       		.uleb128 0x2e
 1071 00ed 01       		.byte	0x1
 1072 00ee 3F       		.uleb128 0x3f
 1073 00ef 19       		.uleb128 0x19
ARM GAS  C:\Users\patel\AppData\Local\Temp\cctFFzTN.s 			page 27


 1074 00f0 03       		.uleb128 0x3
 1075 00f1 0E       		.uleb128 0xe
 1076 00f2 3A       		.uleb128 0x3a
 1077 00f3 0B       		.uleb128 0xb
 1078 00f4 3B       		.uleb128 0x3b
 1079 00f5 05       		.uleb128 0x5
 1080 00f6 27       		.uleb128 0x27
 1081 00f7 19       		.uleb128 0x19
 1082 00f8 11       		.uleb128 0x11
 1083 00f9 01       		.uleb128 0x1
 1084 00fa 12       		.uleb128 0x12
 1085 00fb 06       		.uleb128 0x6
 1086 00fc 40       		.uleb128 0x40
 1087 00fd 18       		.uleb128 0x18
 1088 00fe 9742     		.uleb128 0x2117
 1089 0100 19       		.uleb128 0x19
 1090 0101 01       		.uleb128 0x1
 1091 0102 13       		.uleb128 0x13
 1092 0103 00       		.byte	0
 1093 0104 00       		.byte	0
 1094 0105 10       		.uleb128 0x10
 1095 0106 05       		.uleb128 0x5
 1096 0107 00       		.byte	0
 1097 0108 03       		.uleb128 0x3
 1098 0109 0E       		.uleb128 0xe
 1099 010a 3A       		.uleb128 0x3a
 1100 010b 0B       		.uleb128 0xb
 1101 010c 3B       		.uleb128 0x3b
 1102 010d 05       		.uleb128 0x5
 1103 010e 49       		.uleb128 0x49
 1104 010f 13       		.uleb128 0x13
 1105 0110 02       		.uleb128 0x2
 1106 0111 18       		.uleb128 0x18
 1107 0112 00       		.byte	0
 1108 0113 00       		.byte	0
 1109 0114 11       		.uleb128 0x11
 1110 0115 2E       		.uleb128 0x2e
 1111 0116 01       		.byte	0x1
 1112 0117 3F       		.uleb128 0x3f
 1113 0118 19       		.uleb128 0x19
 1114 0119 03       		.uleb128 0x3
 1115 011a 0E       		.uleb128 0xe
 1116 011b 3A       		.uleb128 0x3a
 1117 011c 0B       		.uleb128 0xb
 1118 011d 3B       		.uleb128 0x3b
 1119 011e 05       		.uleb128 0x5
 1120 011f 27       		.uleb128 0x27
 1121 0120 19       		.uleb128 0x19
 1122 0121 49       		.uleb128 0x49
 1123 0122 13       		.uleb128 0x13
 1124 0123 11       		.uleb128 0x11
 1125 0124 01       		.uleb128 0x1
 1126 0125 12       		.uleb128 0x12
 1127 0126 06       		.uleb128 0x6
 1128 0127 40       		.uleb128 0x40
 1129 0128 18       		.uleb128 0x18
 1130 0129 9742     		.uleb128 0x2117
ARM GAS  C:\Users\patel\AppData\Local\Temp\cctFFzTN.s 			page 28


 1131 012b 19       		.uleb128 0x19
 1132 012c 01       		.uleb128 0x1
 1133 012d 13       		.uleb128 0x13
 1134 012e 00       		.byte	0
 1135 012f 00       		.byte	0
 1136 0130 12       		.uleb128 0x12
 1137 0131 34       		.uleb128 0x34
 1138 0132 00       		.byte	0
 1139 0133 03       		.uleb128 0x3
 1140 0134 0E       		.uleb128 0xe
 1141 0135 3A       		.uleb128 0x3a
 1142 0136 0B       		.uleb128 0xb
 1143 0137 3B       		.uleb128 0x3b
 1144 0138 05       		.uleb128 0x5
 1145 0139 49       		.uleb128 0x49
 1146 013a 13       		.uleb128 0x13
 1147 013b 02       		.uleb128 0x2
 1148 013c 18       		.uleb128 0x18
 1149 013d 00       		.byte	0
 1150 013e 00       		.byte	0
 1151 013f 13       		.uleb128 0x13
 1152 0140 2E       		.uleb128 0x2e
 1153 0141 00       		.byte	0
 1154 0142 3F       		.uleb128 0x3f
 1155 0143 19       		.uleb128 0x19
 1156 0144 03       		.uleb128 0x3
 1157 0145 0E       		.uleb128 0xe
 1158 0146 3A       		.uleb128 0x3a
 1159 0147 0B       		.uleb128 0xb
 1160 0148 3B       		.uleb128 0x3b
 1161 0149 05       		.uleb128 0x5
 1162 014a 27       		.uleb128 0x27
 1163 014b 19       		.uleb128 0x19
 1164 014c 11       		.uleb128 0x11
 1165 014d 01       		.uleb128 0x1
 1166 014e 12       		.uleb128 0x12
 1167 014f 06       		.uleb128 0x6
 1168 0150 40       		.uleb128 0x40
 1169 0151 18       		.uleb128 0x18
 1170 0152 9742     		.uleb128 0x2117
 1171 0154 19       		.uleb128 0x19
 1172 0155 00       		.byte	0
 1173 0156 00       		.byte	0
 1174 0157 14       		.uleb128 0x14
 1175 0158 2E       		.uleb128 0x2e
 1176 0159 00       		.byte	0
 1177 015a 3F       		.uleb128 0x3f
 1178 015b 19       		.uleb128 0x19
 1179 015c 03       		.uleb128 0x3
 1180 015d 0E       		.uleb128 0xe
 1181 015e 3A       		.uleb128 0x3a
 1182 015f 0B       		.uleb128 0xb
 1183 0160 3B       		.uleb128 0x3b
 1184 0161 05       		.uleb128 0x5
 1185 0162 27       		.uleb128 0x27
 1186 0163 19       		.uleb128 0x19
 1187 0164 49       		.uleb128 0x49
ARM GAS  C:\Users\patel\AppData\Local\Temp\cctFFzTN.s 			page 29


 1188 0165 13       		.uleb128 0x13
 1189 0166 11       		.uleb128 0x11
 1190 0167 01       		.uleb128 0x1
 1191 0168 12       		.uleb128 0x12
 1192 0169 06       		.uleb128 0x6
 1193 016a 40       		.uleb128 0x40
 1194 016b 18       		.uleb128 0x18
 1195 016c 9742     		.uleb128 0x2117
 1196 016e 19       		.uleb128 0x19
 1197 016f 00       		.byte	0
 1198 0170 00       		.byte	0
 1199 0171 15       		.uleb128 0x15
 1200 0172 34       		.uleb128 0x34
 1201 0173 00       		.byte	0
 1202 0174 03       		.uleb128 0x3
 1203 0175 08       		.uleb128 0x8
 1204 0176 3A       		.uleb128 0x3a
 1205 0177 0B       		.uleb128 0xb
 1206 0178 3B       		.uleb128 0x3b
 1207 0179 0B       		.uleb128 0xb
 1208 017a 49       		.uleb128 0x49
 1209 017b 13       		.uleb128 0x13
 1210 017c 3F       		.uleb128 0x3f
 1211 017d 19       		.uleb128 0x19
 1212 017e 3C       		.uleb128 0x3c
 1213 017f 19       		.uleb128 0x19
 1214 0180 00       		.byte	0
 1215 0181 00       		.byte	0
 1216 0182 16       		.uleb128 0x16
 1217 0183 34       		.uleb128 0x34
 1218 0184 00       		.byte	0
 1219 0185 03       		.uleb128 0x3
 1220 0186 0E       		.uleb128 0xe
 1221 0187 3A       		.uleb128 0x3a
 1222 0188 0B       		.uleb128 0xb
 1223 0189 3B       		.uleb128 0x3b
 1224 018a 0B       		.uleb128 0xb
 1225 018b 49       		.uleb128 0x49
 1226 018c 13       		.uleb128 0x13
 1227 018d 3F       		.uleb128 0x3f
 1228 018e 19       		.uleb128 0x19
 1229 018f 3C       		.uleb128 0x3c
 1230 0190 19       		.uleb128 0x19
 1231 0191 00       		.byte	0
 1232 0192 00       		.byte	0
 1233 0193 00       		.byte	0
 1234              		.section	.debug_aranges,"",%progbits
 1235 0000 7C000000 		.4byte	0x7c
 1236 0004 0200     		.2byte	0x2
 1237 0006 00000000 		.4byte	.Ldebug_info0
 1238 000a 04       		.byte	0x4
 1239 000b 00       		.byte	0
 1240 000c 0000     		.2byte	0
 1241 000e 0000     		.2byte	0
 1242 0010 00000000 		.4byte	.LFB0
 1243 0014 20000000 		.4byte	.LFE0-.LFB0
 1244 0018 00000000 		.4byte	.LFB1
ARM GAS  C:\Users\patel\AppData\Local\Temp\cctFFzTN.s 			page 30


 1245 001c 22000000 		.4byte	.LFE1-.LFB1
 1246 0020 00000000 		.4byte	.LFB2
 1247 0024 14000000 		.4byte	.LFE2-.LFB2
 1248 0028 00000000 		.4byte	.LFB3
 1249 002c 28000000 		.4byte	.LFE3-.LFB3
 1250 0030 00000000 		.4byte	.LFB4
 1251 0034 24000000 		.4byte	.LFE4-.LFB4
 1252 0038 00000000 		.4byte	.LFB5
 1253 003c 20000000 		.4byte	.LFE5-.LFB5
 1254 0040 00000000 		.4byte	.LFB6
 1255 0044 24000000 		.4byte	.LFE6-.LFB6
 1256 0048 00000000 		.4byte	.LFB7
 1257 004c 24000000 		.4byte	.LFE7-.LFB7
 1258 0050 00000000 		.4byte	.LFB8
 1259 0054 18000000 		.4byte	.LFE8-.LFB8
 1260 0058 00000000 		.4byte	.LFB9
 1261 005c 24000000 		.4byte	.LFE9-.LFB9
 1262 0060 00000000 		.4byte	.LFB10
 1263 0064 18000000 		.4byte	.LFE10-.LFB10
 1264 0068 00000000 		.4byte	.LFB11
 1265 006c 18000000 		.4byte	.LFE11-.LFB11
 1266 0070 00000000 		.4byte	.LFB12
 1267 0074 18000000 		.4byte	.LFE12-.LFB12
 1268 0078 00000000 		.4byte	0
 1269 007c 00000000 		.4byte	0
 1270              		.section	.debug_ranges,"",%progbits
 1271              	.Ldebug_ranges0:
 1272 0000 00000000 		.4byte	.LFB0
 1273 0004 20000000 		.4byte	.LFE0
 1274 0008 00000000 		.4byte	.LFB1
 1275 000c 22000000 		.4byte	.LFE1
 1276 0010 00000000 		.4byte	.LFB2
 1277 0014 14000000 		.4byte	.LFE2
 1278 0018 00000000 		.4byte	.LFB3
 1279 001c 28000000 		.4byte	.LFE3
 1280 0020 00000000 		.4byte	.LFB4
 1281 0024 24000000 		.4byte	.LFE4
 1282 0028 00000000 		.4byte	.LFB5
 1283 002c 20000000 		.4byte	.LFE5
 1284 0030 00000000 		.4byte	.LFB6
 1285 0034 24000000 		.4byte	.LFE6
 1286 0038 00000000 		.4byte	.LFB7
 1287 003c 24000000 		.4byte	.LFE7
 1288 0040 00000000 		.4byte	.LFB8
 1289 0044 18000000 		.4byte	.LFE8
 1290 0048 00000000 		.4byte	.LFB9
 1291 004c 24000000 		.4byte	.LFE9
 1292 0050 00000000 		.4byte	.LFB10
 1293 0054 18000000 		.4byte	.LFE10
 1294 0058 00000000 		.4byte	.LFB11
 1295 005c 18000000 		.4byte	.LFE11
 1296 0060 00000000 		.4byte	.LFB12
 1297 0064 18000000 		.4byte	.LFE12
 1298 0068 00000000 		.4byte	0
 1299 006c 00000000 		.4byte	0
 1300              		.section	.debug_line,"",%progbits
 1301              	.Ldebug_line0:
ARM GAS  C:\Users\patel\AppData\Local\Temp\cctFFzTN.s 			page 31


 1302 0000 67010000 		.section	.debug_str,"MS",%progbits,1
 1302      02005C00 
 1302      00000201 
 1302      FB0E0D00 
 1302      01010101 
 1303              	.LASF16:
 1304 0000 72656733 		.ascii	"reg32\000"
 1304      3200
 1305              	.LASF32:
 1306 0006 6973725F 		.ascii	"isr_TS_ClearPending\000"
 1306      54535F43 
 1306      6C656172 
 1306      50656E64 
 1306      696E6700 
 1307              	.LASF37:
 1308 001a 6973725F 		.ascii	"isr_TS_GetState\000"
 1308      54535F47 
 1308      65745374 
 1308      61746500 
 1309              	.LASF25:
 1310 002a 6973725F 		.ascii	"isr_TS_SetPriority\000"
 1310      54535F53 
 1310      65745072 
 1310      696F7269 
 1310      747900
 1311              	.LASF4:
 1312 003d 73686F72 		.ascii	"short unsigned int\000"
 1312      7420756E 
 1312      7369676E 
 1312      65642069 
 1312      6E7400
 1313              	.LASF13:
 1314 0050 666C6F61 		.ascii	"float\000"
 1314      7400
 1315              	.LASF18:
 1316 0056 6973725F 		.ascii	"isr_TS_Start\000"
 1316      54535F53 
 1316      74617274 
 1316      00
 1317              	.LASF2:
 1318 0063 756E7369 		.ascii	"unsigned char\000"
 1318      676E6564 
 1318      20636861 
 1318      7200
 1319              	.LASF19:
 1320 0071 6973725F 		.ascii	"isr_TS_Stop\000"
 1320      54535F53 
 1320      746F7000 
 1321              	.LASF15:
 1322 007d 72656738 		.ascii	"reg8\000"
 1322      00
 1323              	.LASF20:
 1324 0082 6973725F 		.ascii	"isr_TS_Interrupt\000"
 1324      54535F49 
 1324      6E746572 
 1324      72757074 
 1324      00
ARM GAS  C:\Users\patel\AppData\Local\Temp\cctFFzTN.s 			page 32


 1325              	.LASF6:
 1326 0093 6C6F6E67 		.ascii	"long unsigned int\000"
 1326      20756E73 
 1326      69676E65 
 1326      6420696E 
 1326      7400
 1327              	.LASF11:
 1328 00a5 75696E74 		.ascii	"uint8\000"
 1328      3800
 1329              	.LASF26:
 1330 00ab 7072696F 		.ascii	"priority\000"
 1330      72697479 
 1330      00
 1331              	.LASF34:
 1332 00b4 474E5520 		.ascii	"GNU C 4.9.3 20150303 (release) [ARM/embedded-4_9-br"
 1332      4320342E 
 1332      392E3320 
 1332      32303135 
 1332      30333033 
 1333 00e7 616E6368 		.ascii	"anch revision 221220] -mcpu=cortex-m3 -mthumb -g -O"
 1333      20726576 
 1333      6973696F 
 1333      6E203232 
 1333      31323230 
 1334 011a 30202D66 		.ascii	"0 -ffunction-sections -ffat-lto-objects\000"
 1334      66756E63 
 1334      74696F6E 
 1334      2D736563 
 1334      74696F6E 
 1335              	.LASF14:
 1336 0142 646F7562 		.ascii	"double\000"
 1336      6C6500
 1337              	.LASF35:
 1338 0149 2E5C4765 		.ascii	".\\Generated_Source\\PSoC5\\isr_TS.c\000"
 1338      6E657261 
 1338      7465645F 
 1338      536F7572 
 1338      63655C50 
 1339              	.LASF31:
 1340 016b 6973725F 		.ascii	"isr_TS_SetPending\000"
 1340      54535F53 
 1340      65745065 
 1340      6E64696E 
 1340      6700
 1341              	.LASF21:
 1342 017d 6973725F 		.ascii	"isr_TS_StartEx\000"
 1342      54535F53 
 1342      74617274 
 1342      457800
 1343              	.LASF33:
 1344 018c 74696D65 		.ascii	"timerOverflow_flag\000"
 1344      724F7665 
 1344      72666C6F 
 1344      775F666C 
 1344      616700
 1345              	.LASF12:
 1346 019f 75696E74 		.ascii	"uint32\000"
ARM GAS  C:\Users\patel\AppData\Local\Temp\cctFFzTN.s 			page 33


 1346      333200
 1347              	.LASF0:
 1348 01a6 756E7369 		.ascii	"unsigned int\000"
 1348      676E6564 
 1348      20696E74 
 1348      00
 1349              	.LASF23:
 1350 01b3 61646472 		.ascii	"address\000"
 1350      65737300 
 1351              	.LASF8:
 1352 01bb 6C6F6E67 		.ascii	"long long unsigned int\000"
 1352      206C6F6E 
 1352      6720756E 
 1352      7369676E 
 1352      65642069 
 1353              	.LASF36:
 1354 01d2 433A5C55 		.ascii	"C:\\Users\\patel\\Desktop\\Distance-Speed\\V2 - 7 S"
 1354      73657273 
 1354      5C706174 
 1354      656C5C44 
 1354      65736B74 
 1355 0200 65705C43 		.ascii	"ep\\CS301_Class.cydsn\000"
 1355      53333031 
 1355      5F436C61 
 1355      73732E63 
 1355      7964736E 
 1356              	.LASF29:
 1357 0215 6973725F 		.ascii	"isr_TS_Enable\000"
 1357      54535F45 
 1357      6E61626C 
 1357      6500
 1358              	.LASF17:
 1359 0223 63796973 		.ascii	"cyisraddress\000"
 1359      72616464 
 1359      72657373 
 1359      00
 1360              	.LASF30:
 1361 0230 6973725F 		.ascii	"isr_TS_Disable\000"
 1361      54535F44 
 1361      69736162 
 1361      6C6500
 1362              	.LASF9:
 1363 023f 73697A65 		.ascii	"sizetype\000"
 1363      74797065 
 1363      00
 1364              	.LASF7:
 1365 0248 6C6F6E67 		.ascii	"long long int\000"
 1365      206C6F6E 
 1365      6720696E 
 1365      7400
 1366              	.LASF10:
 1367 0256 63686172 		.ascii	"char\000"
 1367      00
 1368              	.LASF24:
 1369 025b 72616D56 		.ascii	"ramVectorTable\000"
 1369      6563746F 
 1369      72546162 
ARM GAS  C:\Users\patel\AppData\Local\Temp\cctFFzTN.s 			page 34


 1369      6C6500
 1370              	.LASF3:
 1371 026a 73686F72 		.ascii	"short int\000"
 1371      7420696E 
 1371      7400
 1372              	.LASF28:
 1373 0274 6973725F 		.ascii	"isr_TS_GetPriority\000"
 1373      54535F47 
 1373      65745072 
 1373      696F7269 
 1373      747900
 1374              	.LASF27:
 1375 0287 6973725F 		.ascii	"isr_TS_GetVector\000"
 1375      54535F47 
 1375      65745665 
 1375      63746F72 
 1375      00
 1376              	.LASF5:
 1377 0298 6C6F6E67 		.ascii	"long int\000"
 1377      20696E74 
 1377      00
 1378              	.LASF1:
 1379 02a1 7369676E 		.ascii	"signed char\000"
 1379      65642063 
 1379      68617200 
 1380              	.LASF22:
 1381 02ad 6973725F 		.ascii	"isr_TS_SetVector\000"
 1381      54535F53 
 1381      65745665 
 1381      63746F72 
 1381      00
 1382              		.ident	"GCC: (GNU Tools for ARM Embedded Processors) 4.9.3 20150303 (release) [ARM/embedded-4_9-br
