ARM GAS  C:\Users\patel\AppData\Local\Temp\ccJzP5A7.s 			page 1


   1              		.syntax unified
   2              		.cpu cortex-m3
   3              		.fpu softvfp
   4              		.eabi_attribute 20, 1
   5              		.eabi_attribute 21, 1
   6              		.eabi_attribute 23, 3
   7              		.eabi_attribute 24, 1
   8              		.eabi_attribute 25, 1
   9              		.eabi_attribute 26, 1
  10              		.eabi_attribute 30, 6
  11              		.eabi_attribute 34, 1
  12              		.eabi_attribute 18, 4
  13              		.thumb
  14              		.file	"QuadDec_M2_INT.c"
  15              		.text
  16              	.Ltext0:
  17              		.cfi_sections	.debug_frame
  18              		.global	QuadDec_M2_count32SoftPart
  19              		.bss
  20              		.align	2
  21              		.type	QuadDec_M2_count32SoftPart, %object
  22              		.size	QuadDec_M2_count32SoftPart, 4
  23              	QuadDec_M2_count32SoftPart:
  24 0000 00000000 		.space	4
  25              		.section	.text.QuadDec_M2_ISR,"ax",%progbits
  26              		.align	2
  27              		.global	QuadDec_M2_ISR
  28              		.thumb
  29              		.thumb_func
  30              		.type	QuadDec_M2_ISR, %function
  31              	QuadDec_M2_ISR:
  32              	.LFB0:
  33              		.file 1 ".\\Generated_Source\\PSoC5\\QuadDec_M2_INT.c"
   1:.\Generated_Source\PSoC5/QuadDec_M2_INT.c **** /*******************************************************************************
   2:.\Generated_Source\PSoC5/QuadDec_M2_INT.c **** * File Name: QuadDec_M2_INT.c
   3:.\Generated_Source\PSoC5/QuadDec_M2_INT.c **** * Version 3.0
   4:.\Generated_Source\PSoC5/QuadDec_M2_INT.c **** *
   5:.\Generated_Source\PSoC5/QuadDec_M2_INT.c **** * Description:
   6:.\Generated_Source\PSoC5/QuadDec_M2_INT.c **** *  This file contains the Interrupt Service Routine (ISR) for the Quadrature
   7:.\Generated_Source\PSoC5/QuadDec_M2_INT.c **** *  Decoder component.
   8:.\Generated_Source\PSoC5/QuadDec_M2_INT.c **** *
   9:.\Generated_Source\PSoC5/QuadDec_M2_INT.c **** * Note:
  10:.\Generated_Source\PSoC5/QuadDec_M2_INT.c **** *  None.
  11:.\Generated_Source\PSoC5/QuadDec_M2_INT.c **** *
  12:.\Generated_Source\PSoC5/QuadDec_M2_INT.c **** ********************************************************************************
  13:.\Generated_Source\PSoC5/QuadDec_M2_INT.c **** * Copyright 2008-2014, Cypress Semiconductor Corporation.  All rights reserved.
  14:.\Generated_Source\PSoC5/QuadDec_M2_INT.c **** * You may use this file only in accordance with the license, terms, conditions, 
  15:.\Generated_Source\PSoC5/QuadDec_M2_INT.c **** * disclaimers, and limitations in the end user license agreement accompanying
  16:.\Generated_Source\PSoC5/QuadDec_M2_INT.c **** * the software package with which this file was provided.
  17:.\Generated_Source\PSoC5/QuadDec_M2_INT.c **** *******************************************************************************/
  18:.\Generated_Source\PSoC5/QuadDec_M2_INT.c **** 
  19:.\Generated_Source\PSoC5/QuadDec_M2_INT.c **** #include "QuadDec_M2.h"
  20:.\Generated_Source\PSoC5/QuadDec_M2_INT.c **** #include "QuadDec_M2_PVT.h"
  21:.\Generated_Source\PSoC5/QuadDec_M2_INT.c **** 
  22:.\Generated_Source\PSoC5/QuadDec_M2_INT.c **** 
  23:.\Generated_Source\PSoC5/QuadDec_M2_INT.c **** volatile int32 QuadDec_M2_count32SoftPart = 0;
  24:.\Generated_Source\PSoC5/QuadDec_M2_INT.c **** 
ARM GAS  C:\Users\patel\AppData\Local\Temp\ccJzP5A7.s 			page 2


  25:.\Generated_Source\PSoC5/QuadDec_M2_INT.c **** 
  26:.\Generated_Source\PSoC5/QuadDec_M2_INT.c **** /*******************************************************************************
  27:.\Generated_Source\PSoC5/QuadDec_M2_INT.c **** * FUNCTION NAME: void QuadDec_M2_ISR
  28:.\Generated_Source\PSoC5/QuadDec_M2_INT.c **** ********************************************************************************
  29:.\Generated_Source\PSoC5/QuadDec_M2_INT.c **** *
  30:.\Generated_Source\PSoC5/QuadDec_M2_INT.c **** * Summary:
  31:.\Generated_Source\PSoC5/QuadDec_M2_INT.c **** *  Interrupt Service Routine for Quadrature Decoder Component.
  32:.\Generated_Source\PSoC5/QuadDec_M2_INT.c **** *
  33:.\Generated_Source\PSoC5/QuadDec_M2_INT.c **** * Parameters:
  34:.\Generated_Source\PSoC5/QuadDec_M2_INT.c **** *  None.
  35:.\Generated_Source\PSoC5/QuadDec_M2_INT.c **** *
  36:.\Generated_Source\PSoC5/QuadDec_M2_INT.c **** * Return:
  37:.\Generated_Source\PSoC5/QuadDec_M2_INT.c **** *  None.
  38:.\Generated_Source\PSoC5/QuadDec_M2_INT.c **** *
  39:.\Generated_Source\PSoC5/QuadDec_M2_INT.c **** * Global variables:
  40:.\Generated_Source\PSoC5/QuadDec_M2_INT.c **** *  QuadDec_M2_count32SoftPart - modified to update hi 16 bit for current
  41:.\Generated_Source\PSoC5/QuadDec_M2_INT.c **** *  value of the 32-bit counter, when Counter size equal 32-bit.
  42:.\Generated_Source\PSoC5/QuadDec_M2_INT.c **** *  QuadDec_M2_swStatus - modified with the updated values of STATUS
  43:.\Generated_Source\PSoC5/QuadDec_M2_INT.c **** *  register.
  44:.\Generated_Source\PSoC5/QuadDec_M2_INT.c **** *
  45:.\Generated_Source\PSoC5/QuadDec_M2_INT.c **** *******************************************************************************/
  46:.\Generated_Source\PSoC5/QuadDec_M2_INT.c **** CY_ISR( QuadDec_M2_ISR )
  47:.\Generated_Source\PSoC5/QuadDec_M2_INT.c **** {
  34              		.loc 1 47 0
  35              		.cfi_startproc
  36              		@ args = 0, pretend = 0, frame = 8
  37              		@ frame_needed = 1, uses_anonymous_args = 0
  38              		@ link register save eliminated.
  39 0000 80B4     		push	{r7}
  40              		.cfi_def_cfa_offset 4
  41              		.cfi_offset 7, -4
  42 0002 83B0     		sub	sp, sp, #12
  43              		.cfi_def_cfa_offset 16
  44 0004 00AF     		add	r7, sp, #0
  45              		.cfi_def_cfa_register 7
  48:.\Generated_Source\PSoC5/QuadDec_M2_INT.c ****    uint8 QuadDec_M2_swStatus;
  49:.\Generated_Source\PSoC5/QuadDec_M2_INT.c **** 
  50:.\Generated_Source\PSoC5/QuadDec_M2_INT.c ****    QuadDec_M2_swStatus = QuadDec_M2_STATUS_REG;
  46              		.loc 1 50 0
  47 0006 144B     		ldr	r3, .L5
  48 0008 1B78     		ldrb	r3, [r3]
  49 000a FB71     		strb	r3, [r7, #7]
  51:.\Generated_Source\PSoC5/QuadDec_M2_INT.c **** 
  52:.\Generated_Source\PSoC5/QuadDec_M2_INT.c ****     #ifdef QuadDec_M2_ISR_ENTRY_CALLBACK
  53:.\Generated_Source\PSoC5/QuadDec_M2_INT.c ****         QuadDec_M2_ISR_EntryCallback();
  54:.\Generated_Source\PSoC5/QuadDec_M2_INT.c ****     #endif /* QuadDec_M2_ISR_ENTRY_CALLBACK */
  55:.\Generated_Source\PSoC5/QuadDec_M2_INT.c **** 
  56:.\Generated_Source\PSoC5/QuadDec_M2_INT.c ****     /* User code required at start of ISR */
  57:.\Generated_Source\PSoC5/QuadDec_M2_INT.c ****     /* `#START QuadDec_M2_ISR_START` */
  58:.\Generated_Source\PSoC5/QuadDec_M2_INT.c **** 
  59:.\Generated_Source\PSoC5/QuadDec_M2_INT.c ****     /* `#END` */
  60:.\Generated_Source\PSoC5/QuadDec_M2_INT.c **** 
  61:.\Generated_Source\PSoC5/QuadDec_M2_INT.c ****     if (0u != (QuadDec_M2_swStatus & QuadDec_M2_COUNTER_OVERFLOW))
  50              		.loc 1 61 0
  51 000c FB79     		ldrb	r3, [r7, #7]	@ zero_extendqisi2
  52 000e 03F00103 		and	r3, r3, #1
  53 0012 002B     		cmp	r3, #0
ARM GAS  C:\Users\patel\AppData\Local\Temp\ccJzP5A7.s 			page 3


  54 0014 07D0     		beq	.L2
  62:.\Generated_Source\PSoC5/QuadDec_M2_INT.c ****     {
  63:.\Generated_Source\PSoC5/QuadDec_M2_INT.c ****         QuadDec_M2_count32SoftPart += (int32) QuadDec_M2_COUNTER_MAX_VALUE;
  55              		.loc 1 63 0
  56 0016 114B     		ldr	r3, .L5+4
  57 0018 1B68     		ldr	r3, [r3]
  58 001a 03F5FF43 		add	r3, r3, #32640
  59 001e 7F33     		adds	r3, r3, #127
  60 0020 0E4A     		ldr	r2, .L5+4
  61 0022 1360     		str	r3, [r2]
  62 0024 0AE0     		b	.L3
  63              	.L2:
  64:.\Generated_Source\PSoC5/QuadDec_M2_INT.c ****     }
  65:.\Generated_Source\PSoC5/QuadDec_M2_INT.c ****     else if (0u != (QuadDec_M2_swStatus & QuadDec_M2_COUNTER_UNDERFLOW))
  64              		.loc 1 65 0
  65 0026 FB79     		ldrb	r3, [r7, #7]	@ zero_extendqisi2
  66 0028 03F00203 		and	r3, r3, #2
  67 002c 002B     		cmp	r3, #0
  68 002e 05D0     		beq	.L3
  66:.\Generated_Source\PSoC5/QuadDec_M2_INT.c ****     {
  67:.\Generated_Source\PSoC5/QuadDec_M2_INT.c ****         QuadDec_M2_count32SoftPart -= (int32) QuadDec_M2_COUNTER_INIT_VALUE;
  69              		.loc 1 67 0
  70 0030 0A4B     		ldr	r3, .L5+4
  71 0032 1B68     		ldr	r3, [r3]
  72 0034 A3F50043 		sub	r3, r3, #32768
  73 0038 084A     		ldr	r2, .L5+4
  74 003a 1360     		str	r3, [r2]
  75              	.L3:
  68:.\Generated_Source\PSoC5/QuadDec_M2_INT.c ****     }
  69:.\Generated_Source\PSoC5/QuadDec_M2_INT.c ****     else
  70:.\Generated_Source\PSoC5/QuadDec_M2_INT.c ****     {
  71:.\Generated_Source\PSoC5/QuadDec_M2_INT.c ****         /* Nothing to do here */
  72:.\Generated_Source\PSoC5/QuadDec_M2_INT.c ****     }
  73:.\Generated_Source\PSoC5/QuadDec_M2_INT.c ****     
  74:.\Generated_Source\PSoC5/QuadDec_M2_INT.c ****     if (0u != (QuadDec_M2_swStatus & QuadDec_M2_COUNTER_RESET))
  76              		.loc 1 74 0
  77 003c FB79     		ldrb	r3, [r7, #7]	@ zero_extendqisi2
  78 003e 03F00403 		and	r3, r3, #4
  79 0042 002B     		cmp	r3, #0
  80 0044 02D0     		beq	.L1
  75:.\Generated_Source\PSoC5/QuadDec_M2_INT.c ****     {
  76:.\Generated_Source\PSoC5/QuadDec_M2_INT.c ****         QuadDec_M2_count32SoftPart = 0;
  81              		.loc 1 76 0
  82 0046 054B     		ldr	r3, .L5+4
  83 0048 0022     		movs	r2, #0
  84 004a 1A60     		str	r2, [r3]
  85              	.L1:
  77:.\Generated_Source\PSoC5/QuadDec_M2_INT.c ****     }
  78:.\Generated_Source\PSoC5/QuadDec_M2_INT.c ****     
  79:.\Generated_Source\PSoC5/QuadDec_M2_INT.c ****     /* User code required at end of ISR */
  80:.\Generated_Source\PSoC5/QuadDec_M2_INT.c ****     /* `#START QuadDec_M2_ISR_END` */
  81:.\Generated_Source\PSoC5/QuadDec_M2_INT.c **** 
  82:.\Generated_Source\PSoC5/QuadDec_M2_INT.c ****     /* `#END` */
  83:.\Generated_Source\PSoC5/QuadDec_M2_INT.c **** 
  84:.\Generated_Source\PSoC5/QuadDec_M2_INT.c ****     #ifdef QuadDec_M2_ISR_EXIT_CALLBACK
  85:.\Generated_Source\PSoC5/QuadDec_M2_INT.c ****         QuadDec_M2_ISR_ExitCallback();
  86:.\Generated_Source\PSoC5/QuadDec_M2_INT.c ****     #endif /* QuadDec_M2_ISR_EXIT_CALLBACK */
ARM GAS  C:\Users\patel\AppData\Local\Temp\ccJzP5A7.s 			page 4


  87:.\Generated_Source\PSoC5/QuadDec_M2_INT.c **** }
  86              		.loc 1 87 0
  87 004c 0C37     		adds	r7, r7, #12
  88              		.cfi_def_cfa_offset 4
  89 004e BD46     		mov	sp, r7
  90              		.cfi_def_cfa_register 13
  91              		@ sp needed
  92 0050 5DF8047B 		ldr	r7, [sp], #4
  93              		.cfi_restore 7
  94              		.cfi_def_cfa_offset 0
  95 0054 7047     		bx	lr
  96              	.L6:
  97 0056 00BF     		.align	2
  98              	.L5:
  99 0058 67650040 		.word	1073767783
 100 005c 00000000 		.word	QuadDec_M2_count32SoftPart
 101              		.cfi_endproc
 102              	.LFE0:
 103              		.size	QuadDec_M2_ISR, .-QuadDec_M2_ISR
 104              		.text
 105              	.Letext0:
 106              		.file 2 ".\\Generated_Source\\PSoC5\\cytypes.h"
 107              		.section	.debug_info,"",%progbits
 108              	.Ldebug_info0:
 109 0000 E7000000 		.4byte	0xe7
 110 0004 0400     		.2byte	0x4
 111 0006 00000000 		.4byte	.Ldebug_abbrev0
 112 000a 04       		.byte	0x4
 113 000b 01       		.uleb128 0x1
 114 000c DD000000 		.4byte	.LASF16
 115 0010 01       		.byte	0x1
 116 0011 D2010000 		.4byte	.LASF17
 117 0015 1B000000 		.4byte	.LASF18
 118 0019 00000000 		.4byte	.Ldebug_ranges0+0
 119 001d 00000000 		.4byte	0
 120 0021 00000000 		.4byte	.Ldebug_line0
 121 0025 02       		.uleb128 0x2
 122 0026 04       		.byte	0x4
 123 0027 05       		.byte	0x5
 124 0028 696E7400 		.ascii	"int\000"
 125 002c 03       		.uleb128 0x3
 126 002d 04       		.byte	0x4
 127 002e 07       		.byte	0x7
 128 002f 0E000000 		.4byte	.LASF0
 129 0033 03       		.uleb128 0x3
 130 0034 01       		.byte	0x1
 131 0035 06       		.byte	0x6
 132 0036 8F010000 		.4byte	.LASF1
 133 003a 03       		.uleb128 0x3
 134 003b 01       		.byte	0x1
 135 003c 08       		.byte	0x8
 136 003d C1000000 		.4byte	.LASF2
 137 0041 03       		.uleb128 0x3
 138 0042 02       		.byte	0x2
 139 0043 05       		.byte	0x5
 140 0044 6B010000 		.4byte	.LASF3
 141 0048 03       		.uleb128 0x3
ARM GAS  C:\Users\patel\AppData\Local\Temp\ccJzP5A7.s 			page 5


 142 0049 02       		.byte	0x2
 143 004a 07       		.byte	0x7
 144 004b 7C010000 		.4byte	.LASF4
 145 004f 03       		.uleb128 0x3
 146 0050 04       		.byte	0x4
 147 0051 05       		.byte	0x5
 148 0052 D4000000 		.4byte	.LASF5
 149 0056 03       		.uleb128 0x3
 150 0057 04       		.byte	0x4
 151 0058 07       		.byte	0x7
 152 0059 7D000000 		.4byte	.LASF6
 153 005d 03       		.uleb128 0x3
 154 005e 08       		.byte	0x8
 155 005f 05       		.byte	0x5
 156 0060 00000000 		.4byte	.LASF7
 157 0064 03       		.uleb128 0x3
 158 0065 08       		.byte	0x8
 159 0066 07       		.byte	0x7
 160 0067 8F000000 		.4byte	.LASF8
 161 006b 03       		.uleb128 0x3
 162 006c 04       		.byte	0x4
 163 006d 07       		.byte	0x7
 164 006e C9010000 		.4byte	.LASF9
 165 0072 03       		.uleb128 0x3
 166 0073 01       		.byte	0x1
 167 0074 08       		.byte	0x8
 168 0075 CF000000 		.4byte	.LASF10
 169 0079 04       		.uleb128 0x4
 170 007a 77000000 		.4byte	.LASF11
 171 007e 02       		.byte	0x2
 172 007f 9201     		.2byte	0x192
 173 0081 3A000000 		.4byte	0x3a
 174 0085 04       		.uleb128 0x4
 175 0086 FC010000 		.4byte	.LASF12
 176 008a 02       		.byte	0x2
 177 008b 9701     		.2byte	0x197
 178 008d 4F000000 		.4byte	0x4f
 179 0091 03       		.uleb128 0x3
 180 0092 04       		.byte	0x4
 181 0093 04       		.byte	0x4
 182 0094 AF010000 		.4byte	.LASF13
 183 0098 03       		.uleb128 0x3
 184 0099 08       		.byte	0x8
 185 009a 04       		.byte	0x4
 186 009b 75010000 		.4byte	.LASF14
 187 009f 04       		.uleb128 0x4
 188 00a0 C4010000 		.4byte	.LASF15
 189 00a4 02       		.byte	0x2
 190 00a5 3C02     		.2byte	0x23c
 191 00a7 AB000000 		.4byte	0xab
 192 00ab 05       		.uleb128 0x5
 193 00ac 79000000 		.4byte	0x79
 194 00b0 06       		.uleb128 0x6
 195 00b1 B5010000 		.4byte	.LASF19
 196 00b5 01       		.byte	0x1
 197 00b6 2E       		.byte	0x2e
 198 00b7 00000000 		.4byte	.LFB0
ARM GAS  C:\Users\patel\AppData\Local\Temp\ccJzP5A7.s 			page 6


 199 00bb 60000000 		.4byte	.LFE0-.LFB0
 200 00bf 01       		.uleb128 0x1
 201 00c0 9C       		.byte	0x9c
 202 00c1 D4000000 		.4byte	0xd4
 203 00c5 07       		.uleb128 0x7
 204 00c6 9B010000 		.4byte	.LASF20
 205 00ca 01       		.byte	0x1
 206 00cb 30       		.byte	0x30
 207 00cc 79000000 		.4byte	0x79
 208 00d0 02       		.uleb128 0x2
 209 00d1 91       		.byte	0x91
 210 00d2 77       		.sleb128 -9
 211 00d3 00       		.byte	0
 212 00d4 08       		.uleb128 0x8
 213 00d5 A6000000 		.4byte	.LASF21
 214 00d9 01       		.byte	0x1
 215 00da 17       		.byte	0x17
 216 00db E5000000 		.4byte	0xe5
 217 00df 05       		.uleb128 0x5
 218 00e0 03       		.byte	0x3
 219 00e1 00000000 		.4byte	QuadDec_M2_count32SoftPart
 220 00e5 05       		.uleb128 0x5
 221 00e6 85000000 		.4byte	0x85
 222 00ea 00       		.byte	0
 223              		.section	.debug_abbrev,"",%progbits
 224              	.Ldebug_abbrev0:
 225 0000 01       		.uleb128 0x1
 226 0001 11       		.uleb128 0x11
 227 0002 01       		.byte	0x1
 228 0003 25       		.uleb128 0x25
 229 0004 0E       		.uleb128 0xe
 230 0005 13       		.uleb128 0x13
 231 0006 0B       		.uleb128 0xb
 232 0007 03       		.uleb128 0x3
 233 0008 0E       		.uleb128 0xe
 234 0009 1B       		.uleb128 0x1b
 235 000a 0E       		.uleb128 0xe
 236 000b 55       		.uleb128 0x55
 237 000c 17       		.uleb128 0x17
 238 000d 11       		.uleb128 0x11
 239 000e 01       		.uleb128 0x1
 240 000f 10       		.uleb128 0x10
 241 0010 17       		.uleb128 0x17
 242 0011 00       		.byte	0
 243 0012 00       		.byte	0
 244 0013 02       		.uleb128 0x2
 245 0014 24       		.uleb128 0x24
 246 0015 00       		.byte	0
 247 0016 0B       		.uleb128 0xb
 248 0017 0B       		.uleb128 0xb
 249 0018 3E       		.uleb128 0x3e
 250 0019 0B       		.uleb128 0xb
 251 001a 03       		.uleb128 0x3
 252 001b 08       		.uleb128 0x8
 253 001c 00       		.byte	0
 254 001d 00       		.byte	0
 255 001e 03       		.uleb128 0x3
ARM GAS  C:\Users\patel\AppData\Local\Temp\ccJzP5A7.s 			page 7


 256 001f 24       		.uleb128 0x24
 257 0020 00       		.byte	0
 258 0021 0B       		.uleb128 0xb
 259 0022 0B       		.uleb128 0xb
 260 0023 3E       		.uleb128 0x3e
 261 0024 0B       		.uleb128 0xb
 262 0025 03       		.uleb128 0x3
 263 0026 0E       		.uleb128 0xe
 264 0027 00       		.byte	0
 265 0028 00       		.byte	0
 266 0029 04       		.uleb128 0x4
 267 002a 16       		.uleb128 0x16
 268 002b 00       		.byte	0
 269 002c 03       		.uleb128 0x3
 270 002d 0E       		.uleb128 0xe
 271 002e 3A       		.uleb128 0x3a
 272 002f 0B       		.uleb128 0xb
 273 0030 3B       		.uleb128 0x3b
 274 0031 05       		.uleb128 0x5
 275 0032 49       		.uleb128 0x49
 276 0033 13       		.uleb128 0x13
 277 0034 00       		.byte	0
 278 0035 00       		.byte	0
 279 0036 05       		.uleb128 0x5
 280 0037 35       		.uleb128 0x35
 281 0038 00       		.byte	0
 282 0039 49       		.uleb128 0x49
 283 003a 13       		.uleb128 0x13
 284 003b 00       		.byte	0
 285 003c 00       		.byte	0
 286 003d 06       		.uleb128 0x6
 287 003e 2E       		.uleb128 0x2e
 288 003f 01       		.byte	0x1
 289 0040 3F       		.uleb128 0x3f
 290 0041 19       		.uleb128 0x19
 291 0042 03       		.uleb128 0x3
 292 0043 0E       		.uleb128 0xe
 293 0044 3A       		.uleb128 0x3a
 294 0045 0B       		.uleb128 0xb
 295 0046 3B       		.uleb128 0x3b
 296 0047 0B       		.uleb128 0xb
 297 0048 27       		.uleb128 0x27
 298 0049 19       		.uleb128 0x19
 299 004a 11       		.uleb128 0x11
 300 004b 01       		.uleb128 0x1
 301 004c 12       		.uleb128 0x12
 302 004d 06       		.uleb128 0x6
 303 004e 40       		.uleb128 0x40
 304 004f 18       		.uleb128 0x18
 305 0050 9742     		.uleb128 0x2117
 306 0052 19       		.uleb128 0x19
 307 0053 01       		.uleb128 0x1
 308 0054 13       		.uleb128 0x13
 309 0055 00       		.byte	0
 310 0056 00       		.byte	0
 311 0057 07       		.uleb128 0x7
 312 0058 34       		.uleb128 0x34
ARM GAS  C:\Users\patel\AppData\Local\Temp\ccJzP5A7.s 			page 8


 313 0059 00       		.byte	0
 314 005a 03       		.uleb128 0x3
 315 005b 0E       		.uleb128 0xe
 316 005c 3A       		.uleb128 0x3a
 317 005d 0B       		.uleb128 0xb
 318 005e 3B       		.uleb128 0x3b
 319 005f 0B       		.uleb128 0xb
 320 0060 49       		.uleb128 0x49
 321 0061 13       		.uleb128 0x13
 322 0062 02       		.uleb128 0x2
 323 0063 18       		.uleb128 0x18
 324 0064 00       		.byte	0
 325 0065 00       		.byte	0
 326 0066 08       		.uleb128 0x8
 327 0067 34       		.uleb128 0x34
 328 0068 00       		.byte	0
 329 0069 03       		.uleb128 0x3
 330 006a 0E       		.uleb128 0xe
 331 006b 3A       		.uleb128 0x3a
 332 006c 0B       		.uleb128 0xb
 333 006d 3B       		.uleb128 0x3b
 334 006e 0B       		.uleb128 0xb
 335 006f 49       		.uleb128 0x49
 336 0070 13       		.uleb128 0x13
 337 0071 3F       		.uleb128 0x3f
 338 0072 19       		.uleb128 0x19
 339 0073 02       		.uleb128 0x2
 340 0074 18       		.uleb128 0x18
 341 0075 00       		.byte	0
 342 0076 00       		.byte	0
 343 0077 00       		.byte	0
 344              		.section	.debug_aranges,"",%progbits
 345 0000 1C000000 		.4byte	0x1c
 346 0004 0200     		.2byte	0x2
 347 0006 00000000 		.4byte	.Ldebug_info0
 348 000a 04       		.byte	0x4
 349 000b 00       		.byte	0
 350 000c 0000     		.2byte	0
 351 000e 0000     		.2byte	0
 352 0010 00000000 		.4byte	.LFB0
 353 0014 60000000 		.4byte	.LFE0-.LFB0
 354 0018 00000000 		.4byte	0
 355 001c 00000000 		.4byte	0
 356              		.section	.debug_ranges,"",%progbits
 357              	.Ldebug_ranges0:
 358 0000 00000000 		.4byte	.LFB0
 359 0004 60000000 		.4byte	.LFE0
 360 0008 00000000 		.4byte	0
 361 000c 00000000 		.4byte	0
 362              		.section	.debug_line,"",%progbits
 363              	.Ldebug_line0:
 364 0000 6E000000 		.section	.debug_str,"MS",%progbits,1
 364      02004D00 
 364      00000201 
 364      FB0E0D00 
 364      01010101 
 365              	.LASF7:
ARM GAS  C:\Users\patel\AppData\Local\Temp\ccJzP5A7.s 			page 9


 366 0000 6C6F6E67 		.ascii	"long long int\000"
 366      206C6F6E 
 366      6720696E 
 366      7400
 367              	.LASF0:
 368 000e 756E7369 		.ascii	"unsigned int\000"
 368      676E6564 
 368      20696E74 
 368      00
 369              	.LASF18:
 370 001b 433A5C55 		.ascii	"C:\\Users\\patel\\Desktop\\V1_-_1_Sep-2016-09-06\\V"
 370      73657273 
 370      5C706174 
 370      656C5C44 
 370      65736B74 
 371 0049 31202D20 		.ascii	"1 - 1 Sep\\Map2\\Map1\\Voltage\\CS301_Class.cydsn\000"
 371      31205365 
 371      705C4D61 
 371      70325C4D 
 371      6170315C 
 372              	.LASF11:
 373 0077 75696E74 		.ascii	"uint8\000"
 373      3800
 374              	.LASF6:
 375 007d 6C6F6E67 		.ascii	"long unsigned int\000"
 375      20756E73 
 375      69676E65 
 375      6420696E 
 375      7400
 376              	.LASF8:
 377 008f 6C6F6E67 		.ascii	"long long unsigned int\000"
 377      206C6F6E 
 377      6720756E 
 377      7369676E 
 377      65642069 
 378              	.LASF21:
 379 00a6 51756164 		.ascii	"QuadDec_M2_count32SoftPart\000"
 379      4465635F 
 379      4D325F63 
 379      6F756E74 
 379      3332536F 
 380              	.LASF2:
 381 00c1 756E7369 		.ascii	"unsigned char\000"
 381      676E6564 
 381      20636861 
 381      7200
 382              	.LASF10:
 383 00cf 63686172 		.ascii	"char\000"
 383      00
 384              	.LASF5:
 385 00d4 6C6F6E67 		.ascii	"long int\000"
 385      20696E74 
 385      00
 386              	.LASF16:
 387 00dd 474E5520 		.ascii	"GNU C 4.9.3 20150303 (release) [ARM/embedded-4_9-br"
 387      4320342E 
 387      392E3320 
ARM GAS  C:\Users\patel\AppData\Local\Temp\ccJzP5A7.s 			page 10


 387      32303135 
 387      30333033 
 388 0110 616E6368 		.ascii	"anch revision 221220] -mcpu=cortex-m3 -mthumb -g -O"
 388      20726576 
 388      6973696F 
 388      6E203232 
 388      31323230 
 389 0143 30202D66 		.ascii	"0 -ffunction-sections -ffat-lto-objects\000"
 389      66756E63 
 389      74696F6E 
 389      2D736563 
 389      74696F6E 
 390              	.LASF3:
 391 016b 73686F72 		.ascii	"short int\000"
 391      7420696E 
 391      7400
 392              	.LASF14:
 393 0175 646F7562 		.ascii	"double\000"
 393      6C6500
 394              	.LASF4:
 395 017c 73686F72 		.ascii	"short unsigned int\000"
 395      7420756E 
 395      7369676E 
 395      65642069 
 395      6E7400
 396              	.LASF1:
 397 018f 7369676E 		.ascii	"signed char\000"
 397      65642063 
 397      68617200 
 398              	.LASF20:
 399 019b 51756164 		.ascii	"QuadDec_M2_swStatus\000"
 399      4465635F 
 399      4D325F73 
 399      77537461 
 399      74757300 
 400              	.LASF13:
 401 01af 666C6F61 		.ascii	"float\000"
 401      7400
 402              	.LASF19:
 403 01b5 51756164 		.ascii	"QuadDec_M2_ISR\000"
 403      4465635F 
 403      4D325F49 
 403      535200
 404              	.LASF15:
 405 01c4 72656738 		.ascii	"reg8\000"
 405      00
 406              	.LASF9:
 407 01c9 73697A65 		.ascii	"sizetype\000"
 407      74797065 
 407      00
 408              	.LASF17:
 409 01d2 2E5C4765 		.ascii	".\\Generated_Source\\PSoC5\\QuadDec_M2_INT.c\000"
 409      6E657261 
 409      7465645F 
 409      536F7572 
 409      63655C50 
 410              	.LASF12:
ARM GAS  C:\Users\patel\AppData\Local\Temp\ccJzP5A7.s 			page 11


 411 01fc 696E7433 		.ascii	"int32\000"
 411      3200
 412              		.ident	"GCC: (GNU Tools for ARM Embedded Processors) 4.9.3 20150303 (release) [ARM/embedded-4_9-br
